Archive member included to satisfy reference by file (symbol)

/usr/lib/gcc/arm-none-eabi/12.2.0/../../../../arm-none-eabi/lib/thumb/v7e-m/nofp/libc.a(lib_a-atexit.o)
                              /usr/lib/gcc/arm-none-eabi/12.2.0/../../../../arm-none-eabi/lib/thumb/v7e-m/nofp/crt0.o (atexit)
/usr/lib/gcc/arm-none-eabi/12.2.0/../../../../arm-none-eabi/lib/thumb/v7e-m/nofp/libc.a(lib_a-exit.o)
                              /usr/lib/gcc/arm-none-eabi/12.2.0/../../../../arm-none-eabi/lib/thumb/v7e-m/nofp/crt0.o (exit)
/usr/lib/gcc/arm-none-eabi/12.2.0/../../../../arm-none-eabi/lib/thumb/v7e-m/nofp/libc.a(lib_a-fini.o)
                              /usr/lib/gcc/arm-none-eabi/12.2.0/../../../../arm-none-eabi/lib/thumb/v7e-m/nofp/crt0.o (__libc_fini_array)
/usr/lib/gcc/arm-none-eabi/12.2.0/../../../../arm-none-eabi/lib/thumb/v7e-m/nofp/libc.a(lib_a-impure.o)
                              /usr/lib/gcc/arm-none-eabi/12.2.0/../../../../arm-none-eabi/lib/thumb/v7e-m/nofp/libc.a(lib_a-exit.o) (_global_impure_ptr)
/usr/lib/gcc/arm-none-eabi/12.2.0/../../../../arm-none-eabi/lib/thumb/v7e-m/nofp/libc.a(lib_a-init.o)
                              /usr/lib/gcc/arm-none-eabi/12.2.0/../../../../arm-none-eabi/lib/thumb/v7e-m/nofp/crt0.o (__libc_init_array)
/usr/lib/gcc/arm-none-eabi/12.2.0/../../../../arm-none-eabi/lib/thumb/v7e-m/nofp/libc.a(lib_a-memset.o)
                              /usr/lib/gcc/arm-none-eabi/12.2.0/../../../../arm-none-eabi/lib/thumb/v7e-m/nofp/crt0.o (memset)
/usr/lib/gcc/arm-none-eabi/12.2.0/../../../../arm-none-eabi/lib/thumb/v7e-m/nofp/libc.a(lib_a-__atexit.o)
                              /usr/lib/gcc/arm-none-eabi/12.2.0/../../../../arm-none-eabi/lib/thumb/v7e-m/nofp/libc.a(lib_a-atexit.o) (__register_exitproc)
/usr/lib/gcc/arm-none-eabi/12.2.0/../../../../arm-none-eabi/lib/thumb/v7e-m/nofp/libc.a(lib_a-__call_atexit.o)
                              /usr/lib/gcc/arm-none-eabi/12.2.0/../../../../arm-none-eabi/lib/thumb/v7e-m/nofp/libc.a(lib_a-exit.o) (__call_exitprocs)
/usr/lib/gcc/arm-none-eabi/12.2.0/../../../../arm-none-eabi/lib/thumb/v7e-m/nofp/libc.a(lib_a-lock.o)
                              /usr/lib/gcc/arm-none-eabi/12.2.0/../../../../arm-none-eabi/lib/thumb/v7e-m/nofp/libc.a(lib_a-__atexit.o) (__retarget_lock_acquire_recursive)
/usr/lib/gcc/arm-none-eabi/12.2.0/../../../../arm-none-eabi/lib/thumb/v7e-m/nofp/libnosys.a(_exit.o)
                              /usr/lib/gcc/arm-none-eabi/12.2.0/../../../../arm-none-eabi/lib/thumb/v7e-m/nofp/libc.a(lib_a-exit.o) (_exit)

Memory Configuration

Name             Origin             Length             Attributes
RAM              0x0000000020000000 0x0000000000020000 xrw
FLASH            0x0000000008000000 0x0000000000080000 xr
*default*        0x0000000000000000 0xffffffffffffffff

Linker script and memory map

LOAD /usr/lib/gcc/arm-none-eabi/12.2.0/thumb/v7e-m/nofp/crti.o
LOAD /usr/lib/gcc/arm-none-eabi/12.2.0/thumb/v7e-m/nofp/crtbegin.o
LOAD /usr/lib/gcc/arm-none-eabi/12.2.0/../../../../arm-none-eabi/lib/thumb/v7e-m/nofp/crt0.o
LOAD obj/main.o
LOAD obj/startup.o
LOAD obj/registers.o
LOAD /usr/lib/gcc/arm-none-eabi/12.2.0/../../../../arm-none-eabi/lib/thumb/v7e-m/nofp/libstdc++.a
LOAD /usr/lib/gcc/arm-none-eabi/12.2.0/../../../../arm-none-eabi/lib/thumb/v7e-m/nofp/libm.a
START GROUP
LOAD /usr/lib/gcc/arm-none-eabi/12.2.0/thumb/v7e-m/nofp/libgcc.a
LOAD /usr/lib/gcc/arm-none-eabi/12.2.0/../../../../arm-none-eabi/lib/thumb/v7e-m/nofp/libc.a
END GROUP
START GROUP
LOAD /usr/lib/gcc/arm-none-eabi/12.2.0/thumb/v7e-m/nofp/libgcc.a
LOAD /usr/lib/gcc/arm-none-eabi/12.2.0/../../../../arm-none-eabi/lib/thumb/v7e-m/nofp/libc.a
LOAD /usr/lib/gcc/arm-none-eabi/12.2.0/../../../../arm-none-eabi/lib/thumb/v7e-m/nofp/libnosys.a
END GROUP
LOAD /usr/lib/gcc/arm-none-eabi/12.2.0/thumb/v7e-m/nofp/crtend.o
LOAD /usr/lib/gcc/arm-none-eabi/12.2.0/thumb/v7e-m/nofp/crtn.o
                0x0000000020020000                _estack = (ORIGIN (RAM) + LENGTH (RAM))
                0x0000000000000200                _Min_Heap_Size = 0x200
                0x0000000000000400                _Min_Stack_Size = 0x400

.isr_vector     0x0000000008000000      0x198
                0x0000000008000000                . = ALIGN (0x4)
 *(.isr_vector)
 .isr_vector    0x0000000008000000      0x198 obj/startup.o
                0x0000000008000000                g_pfnVectors
                0x0000000008000198                . = ALIGN (0x4)

.text           0x0000000008000198      0x400
                0x0000000008000198                . = ALIGN (0x4)
 *(.text)
 .text          0x0000000008000198        0x0 /usr/lib/gcc/arm-none-eabi/12.2.0/thumb/v7e-m/nofp/crti.o
 .text          0x0000000008000198        0x0 /usr/lib/gcc/arm-none-eabi/12.2.0/thumb/v7e-m/nofp/crtbegin.o
 .text          0x0000000008000198       0x70 /usr/lib/gcc/arm-none-eabi/12.2.0/../../../../arm-none-eabi/lib/thumb/v7e-m/nofp/crt0.o
                0x0000000008000198                _stack_init
                0x00000000080001a0                _mainCRTStartup
                0x00000000080001a0                _start
 .text          0x0000000008000208        0xe obj/main.o
                0x0000000008000208                main
 .text          0x0000000008000216       0x14 obj/startup.o
 .text          0x000000000800022a        0x0 obj/registers.o
 .text          0x000000000800022a        0x0 /usr/lib/gcc/arm-none-eabi/12.2.0/../../../../arm-none-eabi/lib/thumb/v7e-m/nofp/libc.a(lib_a-atexit.o)
 .text          0x000000000800022a        0x0 /usr/lib/gcc/arm-none-eabi/12.2.0/../../../../arm-none-eabi/lib/thumb/v7e-m/nofp/libc.a(lib_a-exit.o)
 .text          0x000000000800022a        0x0 /usr/lib/gcc/arm-none-eabi/12.2.0/../../../../arm-none-eabi/lib/thumb/v7e-m/nofp/libc.a(lib_a-fini.o)
 .text          0x000000000800022a        0x0 /usr/lib/gcc/arm-none-eabi/12.2.0/../../../../arm-none-eabi/lib/thumb/v7e-m/nofp/libc.a(lib_a-impure.o)
 .text          0x000000000800022a        0x0 /usr/lib/gcc/arm-none-eabi/12.2.0/../../../../arm-none-eabi/lib/thumb/v7e-m/nofp/libc.a(lib_a-init.o)
 .text          0x000000000800022a        0x0 /usr/lib/gcc/arm-none-eabi/12.2.0/../../../../arm-none-eabi/lib/thumb/v7e-m/nofp/libc.a(lib_a-memset.o)
 .text          0x000000000800022a        0x0 /usr/lib/gcc/arm-none-eabi/12.2.0/../../../../arm-none-eabi/lib/thumb/v7e-m/nofp/libc.a(lib_a-__atexit.o)
 .text          0x000000000800022a        0x0 /usr/lib/gcc/arm-none-eabi/12.2.0/../../../../arm-none-eabi/lib/thumb/v7e-m/nofp/libc.a(lib_a-__call_atexit.o)
 .text          0x000000000800022a        0x0 /usr/lib/gcc/arm-none-eabi/12.2.0/../../../../arm-none-eabi/lib/thumb/v7e-m/nofp/libc.a(lib_a-lock.o)
 .text          0x000000000800022a        0x0 /usr/lib/gcc/arm-none-eabi/12.2.0/../../../../arm-none-eabi/lib/thumb/v7e-m/nofp/libnosys.a(_exit.o)
 .text          0x000000000800022a        0x0 /usr/lib/gcc/arm-none-eabi/12.2.0/thumb/v7e-m/nofp/crtend.o
 .text          0x000000000800022a        0x0 /usr/lib/gcc/arm-none-eabi/12.2.0/thumb/v7e-m/nofp/crtn.o
 *(.text*)
 *fill*         0x000000000800022a        0x2 
 .text.__do_global_dtors_aux
                0x000000000800022c       0x24 /usr/lib/gcc/arm-none-eabi/12.2.0/thumb/v7e-m/nofp/crtbegin.o
 .text.frame_dummy
                0x0000000008000250       0x1c /usr/lib/gcc/arm-none-eabi/12.2.0/thumb/v7e-m/nofp/crtbegin.o
 .text.Reset_Handler
                0x000000000800026c       0x4c obj/startup.o
                0x000000000800026c                Reset_Handler
 .text.Default_Handler
                0x00000000080002b8        0x2 obj/startup.o
                0x00000000080002b8                RTC_Alarm_IRQHandler
                0x00000000080002b8                EXTI2_IRQHandler
                0x00000000080002b8                DebugMon_Handler
                0x00000000080002b8                SPI4_IRQHandler
                0x00000000080002b8                TIM1_CC_IRQHandler
                0x00000000080002b8                DMA2_Stream5_IRQHandler
                0x00000000080002b8                HardFault_Handler
                0x00000000080002b8                DMA1_Stream5_IRQHandler
                0x00000000080002b8                SysTick_Handler
                0x00000000080002b8                PVD_IRQHandler
                0x00000000080002b8                SDIO_IRQHandler
                0x00000000080002b8                TAMP_STAMP_IRQHandler
                0x00000000080002b8                PendSV_Handler
                0x00000000080002b8                NMI_Handler
                0x00000000080002b8                EXTI3_IRQHandler
                0x00000000080002b8                TIM1_UP_TIM10_IRQHandler
                0x00000000080002b8                I2C3_ER_IRQHandler
                0x00000000080002b8                EXTI0_IRQHandler
                0x00000000080002b8                I2C2_EV_IRQHandler
                0x00000000080002b8                DMA1_Stream2_IRQHandler
                0x00000000080002b8                FPU_IRQHandler
                0x00000000080002b8                UsageFault_Handler
                0x00000000080002b8                DMA2_Stream2_IRQHandler
                0x00000000080002b8                SPI1_IRQHandler
                0x00000000080002b8                TIM1_BRK_TIM9_IRQHandler
                0x00000000080002b8                DMA2_Stream3_IRQHandler
                0x00000000080002b8                USART6_IRQHandler
                0x00000000080002b8                DMA2_Stream0_IRQHandler
                0x00000000080002b8                TIM4_IRQHandler
                0x00000000080002b8                I2C1_EV_IRQHandler
                0x00000000080002b8                DMA1_Stream6_IRQHandler
                0x00000000080002b8                DMA1_Stream1_IRQHandler
                0x00000000080002b8                TIM3_IRQHandler
                0x00000000080002b8                RCC_IRQHandler
                0x00000000080002b8                Default_Handler
                0x00000000080002b8                EXTI15_10_IRQHandler
                0x00000000080002b8                ADC_IRQHandler
                0x00000000080002b8                DMA1_Stream7_IRQHandler
                0x00000000080002b8                SPI5_IRQHandler
                0x00000000080002b8                TIM5_IRQHandler
                0x00000000080002b8                DMA2_Stream7_IRQHandler
                0x00000000080002b8                I2C3_EV_IRQHandler
                0x00000000080002b8                EXTI9_5_IRQHandler
                0x00000000080002b8                RTC_WKUP_IRQHandler
                0x00000000080002b8                SPI2_IRQHandler
                0x00000000080002b8                MemManage_Handler
                0x00000000080002b8                DMA1_Stream0_IRQHandler
                0x00000000080002b8                SVC_Handler
                0x00000000080002b8                EXTI4_IRQHandler
                0x00000000080002b8                WWDG_IRQHandler
                0x00000000080002b8                TIM2_IRQHandler
                0x00000000080002b8                OTG_FS_WKUP_IRQHandler
                0x00000000080002b8                TIM1_TRG_COM_TIM11_IRQHandler
                0x00000000080002b8                EXTI1_IRQHandler
                0x00000000080002b8                USART2_IRQHandler
                0x00000000080002b8                I2C2_ER_IRQHandler
                0x00000000080002b8                DMA2_Stream1_IRQHandler
                0x00000000080002b8                FLASH_IRQHandler
                0x00000000080002b8                DMA2_Stream4_IRQHandler
                0x00000000080002b8                BusFault_Handler
                0x00000000080002b8                USART1_IRQHandler
                0x00000000080002b8                OTG_FS_IRQHandler
                0x00000000080002b8                SPI3_IRQHandler
                0x00000000080002b8                DMA1_Stream4_IRQHandler
                0x00000000080002b8                I2C1_ER_IRQHandler
                0x00000000080002b8                DMA2_Stream6_IRQHandler
                0x00000000080002b8                DMA1_Stream3_IRQHandler
 *fill*         0x00000000080002ba        0x2 
 .text.atexit   0x00000000080002bc        0xc /usr/lib/gcc/arm-none-eabi/12.2.0/../../../../arm-none-eabi/lib/thumb/v7e-m/nofp/libc.a(lib_a-atexit.o)
                0x00000000080002bc                atexit
 .text.exit     0x00000000080002c8       0x20 /usr/lib/gcc/arm-none-eabi/12.2.0/../../../../arm-none-eabi/lib/thumb/v7e-m/nofp/libc.a(lib_a-exit.o)
                0x00000000080002c8                exit
 .text.__libc_fini_array
                0x00000000080002e8       0x2c /usr/lib/gcc/arm-none-eabi/12.2.0/../../../../arm-none-eabi/lib/thumb/v7e-m/nofp/libc.a(lib_a-fini.o)
                0x00000000080002e8                __libc_fini_array
 .text.__libc_init_array
                0x0000000008000314       0x48 /usr/lib/gcc/arm-none-eabi/12.2.0/../../../../arm-none-eabi/lib/thumb/v7e-m/nofp/libc.a(lib_a-init.o)
                0x0000000008000314                __libc_init_array
 .text.memset   0x000000000800035c       0xa4 /usr/lib/gcc/arm-none-eabi/12.2.0/../../../../arm-none-eabi/lib/thumb/v7e-m/nofp/libc.a(lib_a-memset.o)
                0x000000000800035c                memset
 .text.__register_exitproc
                0x0000000008000400       0x84 /usr/lib/gcc/arm-none-eabi/12.2.0/../../../../arm-none-eabi/lib/thumb/v7e-m/nofp/libc.a(lib_a-__atexit.o)
                0x0000000008000400                __register_exitproc
 .text.startup.register_fini
                0x0000000008000484       0x14 /usr/lib/gcc/arm-none-eabi/12.2.0/../../../../arm-none-eabi/lib/thumb/v7e-m/nofp/libc.a(lib_a-__call_atexit.o)
 .text.__call_exitprocs
                0x0000000008000498       0xb8 /usr/lib/gcc/arm-none-eabi/12.2.0/../../../../arm-none-eabi/lib/thumb/v7e-m/nofp/libc.a(lib_a-__call_atexit.o)
                0x0000000008000498                __call_exitprocs
 .text.__retarget_lock_init
                0x0000000008000550        0x4 /usr/lib/gcc/arm-none-eabi/12.2.0/../../../../arm-none-eabi/lib/thumb/v7e-m/nofp/libc.a(lib_a-lock.o)
                0x0000000008000550                __retarget_lock_init
 .text.__retarget_lock_init_recursive
                0x0000000008000554        0x4 /usr/lib/gcc/arm-none-eabi/12.2.0/../../../../arm-none-eabi/lib/thumb/v7e-m/nofp/libc.a(lib_a-lock.o)
                0x0000000008000554                __retarget_lock_init_recursive
 .text.__retarget_lock_close
                0x0000000008000558        0x4 /usr/lib/gcc/arm-none-eabi/12.2.0/../../../../arm-none-eabi/lib/thumb/v7e-m/nofp/libc.a(lib_a-lock.o)
                0x0000000008000558                __retarget_lock_close
 .text.__retarget_lock_close_recursive
                0x000000000800055c        0x4 /usr/lib/gcc/arm-none-eabi/12.2.0/../../../../arm-none-eabi/lib/thumb/v7e-m/nofp/libc.a(lib_a-lock.o)
                0x000000000800055c                __retarget_lock_close_recursive
 .text.__retarget_lock_acquire
                0x0000000008000560        0x4 /usr/lib/gcc/arm-none-eabi/12.2.0/../../../../arm-none-eabi/lib/thumb/v7e-m/nofp/libc.a(lib_a-lock.o)
                0x0000000008000560                __retarget_lock_acquire
 .text.__retarget_lock_acquire_recursive
                0x0000000008000564        0x4 /usr/lib/gcc/arm-none-eabi/12.2.0/../../../../arm-none-eabi/lib/thumb/v7e-m/nofp/libc.a(lib_a-lock.o)
                0x0000000008000564                __retarget_lock_acquire_recursive
 .text.__retarget_lock_try_acquire
                0x0000000008000568        0x4 /usr/lib/gcc/arm-none-eabi/12.2.0/../../../../arm-none-eabi/lib/thumb/v7e-m/nofp/libc.a(lib_a-lock.o)
                0x0000000008000568                __retarget_lock_try_acquire
 .text.__retarget_lock_try_acquire_recursive
                0x000000000800056c        0x4 /usr/lib/gcc/arm-none-eabi/12.2.0/../../../../arm-none-eabi/lib/thumb/v7e-m/nofp/libc.a(lib_a-lock.o)
                0x000000000800056c                __retarget_lock_try_acquire_recursive
 .text.__retarget_lock_release
                0x0000000008000570        0x4 /usr/lib/gcc/arm-none-eabi/12.2.0/../../../../arm-none-eabi/lib/thumb/v7e-m/nofp/libc.a(lib_a-lock.o)
                0x0000000008000570                __retarget_lock_release
 .text.__retarget_lock_release_recursive
                0x0000000008000574        0x4 /usr/lib/gcc/arm-none-eabi/12.2.0/../../../../arm-none-eabi/lib/thumb/v7e-m/nofp/libc.a(lib_a-lock.o)
                0x0000000008000574                __retarget_lock_release_recursive
 .text._exit    0x0000000008000578        0x4 /usr/lib/gcc/arm-none-eabi/12.2.0/../../../../arm-none-eabi/lib/thumb/v7e-m/nofp/libnosys.a(_exit.o)
                0x0000000008000578                _exit
 *(.glue_7)
 .glue_7        0x000000000800057c        0x0 linker stubs
 *(.glue_7t)
 .glue_7t       0x000000000800057c        0x0 linker stubs
 *(.eh_frame)
 .eh_frame      0x000000000800057c        0x0 /usr/lib/gcc/arm-none-eabi/12.2.0/thumb/v7e-m/nofp/crtbegin.o
 .eh_frame      0x000000000800057c        0x4 /usr/lib/gcc/arm-none-eabi/12.2.0/thumb/v7e-m/nofp/crtend.o
 *(.init)
 .init          0x0000000008000580        0x4 /usr/lib/gcc/arm-none-eabi/12.2.0/thumb/v7e-m/nofp/crti.o
                0x0000000008000580                _init
 .init          0x0000000008000584        0x8 /usr/lib/gcc/arm-none-eabi/12.2.0/thumb/v7e-m/nofp/crtn.o
 *(.fini)
 .fini          0x000000000800058c        0x4 /usr/lib/gcc/arm-none-eabi/12.2.0/thumb/v7e-m/nofp/crti.o
                0x000000000800058c                _fini
 .fini          0x0000000008000590        0x8 /usr/lib/gcc/arm-none-eabi/12.2.0/thumb/v7e-m/nofp/crtn.o
                0x0000000008000598                . = ALIGN (0x4)
                0x0000000008000598                _etext = .

.vfp11_veneer   0x0000000008000598        0x0
 .vfp11_veneer  0x0000000008000598        0x0 linker stubs

.v4_bx          0x0000000008000598        0x0
 .v4_bx         0x0000000008000598        0x0 linker stubs

.iplt           0x0000000008000598        0x0
 .iplt          0x0000000008000598        0x0 /usr/lib/gcc/arm-none-eabi/12.2.0/thumb/v7e-m/nofp/crtbegin.o

.rodata         0x0000000008000598       0x4c
                0x0000000008000598                . = ALIGN (0x4)
 *(.rodata)
 *(.rodata*)
 .rodata.all_implied_fbits
                0x0000000008000598       0x24 /usr/lib/gcc/arm-none-eabi/12.2.0/thumb/v7e-m/nofp/crtbegin.o
 .rodata._global_impure_ptr
                0x00000000080005bc        0x4 /usr/lib/gcc/arm-none-eabi/12.2.0/../../../../arm-none-eabi/lib/thumb/v7e-m/nofp/libc.a(lib_a-impure.o)
                0x00000000080005bc                _global_impure_ptr
 .rodata.all_implied_fbits
                0x00000000080005c0       0x24 /usr/lib/gcc/arm-none-eabi/12.2.0/thumb/v7e-m/nofp/crtend.o
                0x00000000080005e4                . = ALIGN (0x4)

.ARM.extab      0x00000000080005e4        0x0
 *(.ARM.extab* .gnu.linkonce.armextab.*)
 .ARM.extab     0x00000000080005e4        0x0 /usr/lib/gcc/arm-none-eabi/12.2.0/../../../../arm-none-eabi/lib/thumb/v7e-m/nofp/crt0.o
 .ARM.extab     0x00000000080005e4        0x0 obj/main.o

.ARM            0x00000000080005e4        0x8
                0x00000000080005e4                __exidx_start = .
 *(.ARM.exidx*)
 .ARM.exidx     0x00000000080005e4        0x8 /usr/lib/gcc/arm-none-eabi/12.2.0/../../../../arm-none-eabi/lib/thumb/v7e-m/nofp/crt0.o
                                         0x10 (size before relaxing)
 .ARM.exidx     0x00000000080005ec        0x0 obj/main.o
                                          0x8 (size before relaxing)
                0x00000000080005ec                __exidx_end = .

.rel.dyn        0x00000000080005ec        0x0
 .rel.iplt      0x00000000080005ec        0x0 /usr/lib/gcc/arm-none-eabi/12.2.0/thumb/v7e-m/nofp/crtbegin.o

.preinit_array  0x00000000080005ec        0x0
                0x00000000080005ec                PROVIDE (__preinit_array_start = .)
 *(.preinit_array*)
                0x00000000080005ec                PROVIDE (__preinit_array_end = .)

.init_array     0x00000000080005ec        0x8
                0x00000000080005ec                PROVIDE (__init_array_start = .)
 *(SORT_BY_NAME(.init_array.*))
 .init_array.00000
                0x00000000080005ec        0x4 /usr/lib/gcc/arm-none-eabi/12.2.0/../../../../arm-none-eabi/lib/thumb/v7e-m/nofp/libc.a(lib_a-__call_atexit.o)
 *(.init_array*)
 .init_array    0x00000000080005f0        0x4 /usr/lib/gcc/arm-none-eabi/12.2.0/thumb/v7e-m/nofp/crtbegin.o
                0x00000000080005f4                PROVIDE (__init_array_end = .)

.fini_array     0x00000000080005f4        0x4
                0x00000000080005f4                PROVIDE (__fini_array_start = .)
 *(SORT_BY_NAME(.fini_array.*))
 *(.fini_array*)
 .fini_array    0x00000000080005f4        0x4 /usr/lib/gcc/arm-none-eabi/12.2.0/thumb/v7e-m/nofp/crtbegin.o
                0x00000000080005f8                PROVIDE (__fini_array_end = .)
                0x00000000080005f8                _sidata = LOADADDR (.data)

.data           0x0000000020000000      0x434 load address 0x00000000080005f8
                0x0000000020000000                . = ALIGN (0x4)
                0x0000000020000000                _sdata = .
 *(.data)
 .data          0x0000000020000000        0x0 /usr/lib/gcc/arm-none-eabi/12.2.0/thumb/v7e-m/nofp/crti.o
 .data          0x0000000020000000        0x0 /usr/lib/gcc/arm-none-eabi/12.2.0/thumb/v7e-m/nofp/crtbegin.o
 .data          0x0000000020000000        0x0 /usr/lib/gcc/arm-none-eabi/12.2.0/../../../../arm-none-eabi/lib/thumb/v7e-m/nofp/crt0.o
 .data          0x0000000020000000        0x0 obj/main.o
 .data          0x0000000020000000        0x0 obj/startup.o
 .data          0x0000000020000000        0x0 obj/registers.o
 .data          0x0000000020000000        0x0 /usr/lib/gcc/arm-none-eabi/12.2.0/../../../../arm-none-eabi/lib/thumb/v7e-m/nofp/libc.a(lib_a-atexit.o)
 .data          0x0000000020000000        0x0 /usr/lib/gcc/arm-none-eabi/12.2.0/../../../../arm-none-eabi/lib/thumb/v7e-m/nofp/libc.a(lib_a-exit.o)
 .data          0x0000000020000000        0x0 /usr/lib/gcc/arm-none-eabi/12.2.0/../../../../arm-none-eabi/lib/thumb/v7e-m/nofp/libc.a(lib_a-fini.o)
 .data          0x0000000020000000        0x0 /usr/lib/gcc/arm-none-eabi/12.2.0/../../../../arm-none-eabi/lib/thumb/v7e-m/nofp/libc.a(lib_a-impure.o)
 .data          0x0000000020000000        0x0 /usr/lib/gcc/arm-none-eabi/12.2.0/../../../../arm-none-eabi/lib/thumb/v7e-m/nofp/libc.a(lib_a-init.o)
 .data          0x0000000020000000        0x0 /usr/lib/gcc/arm-none-eabi/12.2.0/../../../../arm-none-eabi/lib/thumb/v7e-m/nofp/libc.a(lib_a-memset.o)
 .data          0x0000000020000000        0x0 /usr/lib/gcc/arm-none-eabi/12.2.0/../../../../arm-none-eabi/lib/thumb/v7e-m/nofp/libc.a(lib_a-__atexit.o)
 .data          0x0000000020000000        0x0 /usr/lib/gcc/arm-none-eabi/12.2.0/../../../../arm-none-eabi/lib/thumb/v7e-m/nofp/libc.a(lib_a-__call_atexit.o)
 .data          0x0000000020000000        0x0 /usr/lib/gcc/arm-none-eabi/12.2.0/../../../../arm-none-eabi/lib/thumb/v7e-m/nofp/libc.a(lib_a-lock.o)
 .data          0x0000000020000000        0x0 /usr/lib/gcc/arm-none-eabi/12.2.0/../../../../arm-none-eabi/lib/thumb/v7e-m/nofp/libnosys.a(_exit.o)
 .data          0x0000000020000000        0x0 /usr/lib/gcc/arm-none-eabi/12.2.0/thumb/v7e-m/nofp/crtend.o
 .data          0x0000000020000000        0x0 /usr/lib/gcc/arm-none-eabi/12.2.0/thumb/v7e-m/nofp/crtn.o
 *(.data*)
 .data.__dso_handle
                0x0000000020000000        0x4 /usr/lib/gcc/arm-none-eabi/12.2.0/thumb/v7e-m/nofp/crtbegin.o
                0x0000000020000000                __dso_handle
 .data._impure_ptr
                0x0000000020000004        0x4 /usr/lib/gcc/arm-none-eabi/12.2.0/../../../../arm-none-eabi/lib/thumb/v7e-m/nofp/libc.a(lib_a-impure.o)
                0x0000000020000004                _impure_ptr
 .data.impure_data
                0x0000000020000008      0x428 /usr/lib/gcc/arm-none-eabi/12.2.0/../../../../arm-none-eabi/lib/thumb/v7e-m/nofp/libc.a(lib_a-impure.o)
 .data.__atexit_recursive_mutex
                0x0000000020000430        0x4 /usr/lib/gcc/arm-none-eabi/12.2.0/../../../../arm-none-eabi/lib/thumb/v7e-m/nofp/libc.a(lib_a-__call_atexit.o)
                0x0000000020000430                __atexit_recursive_mutex
                0x0000000020000434                . = ALIGN (0x4)
                0x0000000020000434                _edata = .

.igot.plt       0x0000000020000434        0x0 load address 0x0000000008000a2c
 .igot.plt      0x0000000020000434        0x0 /usr/lib/gcc/arm-none-eabi/12.2.0/thumb/v7e-m/nofp/crtbegin.o
                0x0000000020000434                . = ALIGN (0x4)

.bss            0x0000000020000434       0x40 load address 0x0000000008000a2c
                0x0000000020000434                _sbss = .
                0x0000000020000434                __bss_start__ = _sbss
 *(.bss)
 .bss           0x0000000020000434        0x0 /usr/lib/gcc/arm-none-eabi/12.2.0/thumb/v7e-m/nofp/crti.o
 .bss           0x0000000020000434        0x0 /usr/lib/gcc/arm-none-eabi/12.2.0/thumb/v7e-m/nofp/crtbegin.o
 .bss           0x0000000020000434        0x0 /usr/lib/gcc/arm-none-eabi/12.2.0/../../../../arm-none-eabi/lib/thumb/v7e-m/nofp/crt0.o
 .bss           0x0000000020000434        0x0 obj/main.o
 .bss           0x0000000020000434        0x0 obj/startup.o
 .bss           0x0000000020000434        0x0 obj/registers.o
 .bss           0x0000000020000434        0x0 /usr/lib/gcc/arm-none-eabi/12.2.0/../../../../arm-none-eabi/lib/thumb/v7e-m/nofp/libc.a(lib_a-atexit.o)
 .bss           0x0000000020000434        0x0 /usr/lib/gcc/arm-none-eabi/12.2.0/../../../../arm-none-eabi/lib/thumb/v7e-m/nofp/libc.a(lib_a-exit.o)
 .bss           0x0000000020000434        0x0 /usr/lib/gcc/arm-none-eabi/12.2.0/../../../../arm-none-eabi/lib/thumb/v7e-m/nofp/libc.a(lib_a-fini.o)
 .bss           0x0000000020000434        0x0 /usr/lib/gcc/arm-none-eabi/12.2.0/../../../../arm-none-eabi/lib/thumb/v7e-m/nofp/libc.a(lib_a-impure.o)
 .bss           0x0000000020000434        0x0 /usr/lib/gcc/arm-none-eabi/12.2.0/../../../../arm-none-eabi/lib/thumb/v7e-m/nofp/libc.a(lib_a-init.o)
 .bss           0x0000000020000434        0x0 /usr/lib/gcc/arm-none-eabi/12.2.0/../../../../arm-none-eabi/lib/thumb/v7e-m/nofp/libc.a(lib_a-memset.o)
 .bss           0x0000000020000434        0x0 /usr/lib/gcc/arm-none-eabi/12.2.0/../../../../arm-none-eabi/lib/thumb/v7e-m/nofp/libc.a(lib_a-__atexit.o)
 .bss           0x0000000020000434        0x0 /usr/lib/gcc/arm-none-eabi/12.2.0/../../../../arm-none-eabi/lib/thumb/v7e-m/nofp/libc.a(lib_a-__call_atexit.o)
 .bss           0x0000000020000434        0x0 /usr/lib/gcc/arm-none-eabi/12.2.0/../../../../arm-none-eabi/lib/thumb/v7e-m/nofp/libc.a(lib_a-lock.o)
 .bss           0x0000000020000434        0x0 /usr/lib/gcc/arm-none-eabi/12.2.0/../../../../arm-none-eabi/lib/thumb/v7e-m/nofp/libnosys.a(_exit.o)
 .bss           0x0000000020000434        0x0 /usr/lib/gcc/arm-none-eabi/12.2.0/thumb/v7e-m/nofp/crtend.o
 .bss           0x0000000020000434        0x0 /usr/lib/gcc/arm-none-eabi/12.2.0/thumb/v7e-m/nofp/crtn.o
 *(.bss*)
 .bss.completed.1
                0x0000000020000434        0x1 /usr/lib/gcc/arm-none-eabi/12.2.0/thumb/v7e-m/nofp/crtbegin.o
 *fill*         0x0000000020000435        0x3 
 .bss.object.0  0x0000000020000438       0x18 /usr/lib/gcc/arm-none-eabi/12.2.0/thumb/v7e-m/nofp/crtbegin.o
 .bss.__lock___arc4random_mutex
                0x0000000020000450        0x1 /usr/lib/gcc/arm-none-eabi/12.2.0/../../../../arm-none-eabi/lib/thumb/v7e-m/nofp/libc.a(lib_a-lock.o)
                0x0000000020000450                __lock___arc4random_mutex
 *fill*         0x0000000020000451        0x3 
 .bss.__lock___at_quick_exit_mutex
                0x0000000020000454        0x1 /usr/lib/gcc/arm-none-eabi/12.2.0/../../../../arm-none-eabi/lib/thumb/v7e-m/nofp/libc.a(lib_a-lock.o)
                0x0000000020000454                __lock___at_quick_exit_mutex
 *fill*         0x0000000020000455        0x3 
 .bss.__lock___atexit_recursive_mutex
                0x0000000020000458        0x1 /usr/lib/gcc/arm-none-eabi/12.2.0/../../../../arm-none-eabi/lib/thumb/v7e-m/nofp/libc.a(lib_a-lock.o)
                0x0000000020000458                __lock___atexit_recursive_mutex
 *fill*         0x0000000020000459        0x3 
 .bss.__lock___dd_hash_mutex
                0x000000002000045c        0x1 /usr/lib/gcc/arm-none-eabi/12.2.0/../../../../arm-none-eabi/lib/thumb/v7e-m/nofp/libc.a(lib_a-lock.o)
                0x000000002000045c                __lock___dd_hash_mutex
 *fill*         0x000000002000045d        0x3 
 .bss.__lock___env_recursive_mutex
                0x0000000020000460        0x1 /usr/lib/gcc/arm-none-eabi/12.2.0/../../../../arm-none-eabi/lib/thumb/v7e-m/nofp/libc.a(lib_a-lock.o)
                0x0000000020000460                __lock___env_recursive_mutex
 *fill*         0x0000000020000461        0x3 
 .bss.__lock___malloc_recursive_mutex
                0x0000000020000464        0x1 /usr/lib/gcc/arm-none-eabi/12.2.0/../../../../arm-none-eabi/lib/thumb/v7e-m/nofp/libc.a(lib_a-lock.o)
                0x0000000020000464                __lock___malloc_recursive_mutex
 *fill*         0x0000000020000465        0x3 
 .bss.__lock___sfp_recursive_mutex
                0x0000000020000468        0x1 /usr/lib/gcc/arm-none-eabi/12.2.0/../../../../arm-none-eabi/lib/thumb/v7e-m/nofp/libc.a(lib_a-lock.o)
                0x0000000020000468                __lock___sfp_recursive_mutex
 *fill*         0x0000000020000469        0x3 
 .bss.__lock___sinit_recursive_mutex
                0x000000002000046c        0x1 /usr/lib/gcc/arm-none-eabi/12.2.0/../../../../arm-none-eabi/lib/thumb/v7e-m/nofp/libc.a(lib_a-lock.o)
                0x000000002000046c                __lock___sinit_recursive_mutex
 *fill*         0x000000002000046d        0x3 
 .bss.__lock___tz_mutex
                0x0000000020000470        0x1 /usr/lib/gcc/arm-none-eabi/12.2.0/../../../../arm-none-eabi/lib/thumb/v7e-m/nofp/libc.a(lib_a-lock.o)
                0x0000000020000470                __lock___tz_mutex
 *(COMMON)
                0x0000000020000474                . = ALIGN (0x4)
 *fill*         0x0000000020000471        0x3 
                0x0000000020000474                _ebss = .
                0x0000000020000474                __bss_end__ = _ebss

._user_heap_stack
                0x0000000020000474      0x604 load address 0x0000000008000a2c
                0x0000000020000478                . = ALIGN (0x8)
 *fill*         0x0000000020000474        0x4 
                [!provide]                        PROVIDE (end = .)
                [!provide]                        PROVIDE (_end = .)
                0x0000000020000678                . = (. + _Min_Heap_Size)
 *fill*         0x0000000020000478      0x200 
                0x0000000020000a78                . = (. + _Min_Stack_Size)
 *fill*         0x0000000020000678      0x400 
                0x0000000020000a78                . = ALIGN (0x8)

/DISCARD/
 libc.a(*)
 libm.a(*)
 libgcc.a(*)

.ARM.attributes
                0x0000000000000000       0x2a
 *(.ARM.attributes)
 .ARM.attributes
                0x0000000000000000       0x1e /usr/lib/gcc/arm-none-eabi/12.2.0/thumb/v7e-m/nofp/crti.o
 .ARM.attributes
                0x000000000000001e       0x2e /usr/lib/gcc/arm-none-eabi/12.2.0/thumb/v7e-m/nofp/crtbegin.o
 .ARM.attributes
                0x000000000000004c       0x1c /usr/lib/gcc/arm-none-eabi/12.2.0/../../../../arm-none-eabi/lib/thumb/v7e-m/nofp/crt0.o
 .ARM.attributes
                0x0000000000000068       0x2e obj/main.o
 .ARM.attributes
                0x0000000000000096       0x21 obj/startup.o
 .ARM.attributes
                0x00000000000000b7       0x2e obj/registers.o
 .ARM.attributes
                0x00000000000000e5       0x2e /usr/lib/gcc/arm-none-eabi/12.2.0/../../../../arm-none-eabi/lib/thumb/v7e-m/nofp/libc.a(lib_a-atexit.o)
 .ARM.attributes
                0x0000000000000113       0x2e /usr/lib/gcc/arm-none-eabi/12.2.0/../../../../arm-none-eabi/lib/thumb/v7e-m/nofp/libc.a(lib_a-exit.o)
 .ARM.attributes
                0x0000000000000141       0x2e /usr/lib/gcc/arm-none-eabi/12.2.0/../../../../arm-none-eabi/lib/thumb/v7e-m/nofp/libc.a(lib_a-fini.o)
 .ARM.attributes
                0x000000000000016f       0x2e /usr/lib/gcc/arm-none-eabi/12.2.0/../../../../arm-none-eabi/lib/thumb/v7e-m/nofp/libc.a(lib_a-impure.o)
 .ARM.attributes
                0x000000000000019d       0x2e /usr/lib/gcc/arm-none-eabi/12.2.0/../../../../arm-none-eabi/lib/thumb/v7e-m/nofp/libc.a(lib_a-init.o)
 .ARM.attributes
                0x00000000000001cb       0x2e /usr/lib/gcc/arm-none-eabi/12.2.0/../../../../arm-none-eabi/lib/thumb/v7e-m/nofp/libc.a(lib_a-memset.o)
 .ARM.attributes
                0x00000000000001f9       0x2e /usr/lib/gcc/arm-none-eabi/12.2.0/../../../../arm-none-eabi/lib/thumb/v7e-m/nofp/libc.a(lib_a-__atexit.o)
 .ARM.attributes
                0x0000000000000227       0x2e /usr/lib/gcc/arm-none-eabi/12.2.0/../../../../arm-none-eabi/lib/thumb/v7e-m/nofp/libc.a(lib_a-__call_atexit.o)
 .ARM.attributes
                0x0000000000000255       0x2e /usr/lib/gcc/arm-none-eabi/12.2.0/../../../../arm-none-eabi/lib/thumb/v7e-m/nofp/libc.a(lib_a-lock.o)
 .ARM.attributes
                0x0000000000000283       0x2e /usr/lib/gcc/arm-none-eabi/12.2.0/../../../../arm-none-eabi/lib/thumb/v7e-m/nofp/libnosys.a(_exit.o)
 .ARM.attributes
                0x00000000000002b1       0x2e /usr/lib/gcc/arm-none-eabi/12.2.0/thumb/v7e-m/nofp/crtend.o
 .ARM.attributes
                0x00000000000002df       0x1e /usr/lib/gcc/arm-none-eabi/12.2.0/thumb/v7e-m/nofp/crtn.o
OUTPUT(bin/debug.elf elf32-littlearm)
LOAD linker stubs
LOAD /usr/lib/gcc/arm-none-eabi/12.2.0/../../../../arm-none-eabi/lib/thumb/v7e-m/nofp/libc.a
LOAD /usr/lib/gcc/arm-none-eabi/12.2.0/../../../../arm-none-eabi/lib/thumb/v7e-m/nofp/libm.a
LOAD /usr/lib/gcc/arm-none-eabi/12.2.0/thumb/v7e-m/nofp/libgcc.a

.debug_line_str
                0x0000000000000000       0x80
 .debug_line_str
                0x0000000000000000       0x42 /usr/lib/gcc/arm-none-eabi/12.2.0/../../../../arm-none-eabi/lib/thumb/v7e-m/nofp/crt0.o
                                         0x84 (size before relaxing)
 .debug_line_str
                0x0000000000000042       0x3e obj/startup.o

.debug_info     0x0000000000000000     0x2c73
 .debug_info    0x0000000000000000       0x44 obj/main.o
 .debug_info    0x0000000000000044       0x2e obj/startup.o
 .debug_info    0x0000000000000072      0x118 /usr/lib/gcc/arm-none-eabi/12.2.0/../../../../arm-none-eabi/lib/thumb/v7e-m/nofp/libc.a(lib_a-atexit.o)
 .debug_info    0x000000000000018a      0x916 /usr/lib/gcc/arm-none-eabi/12.2.0/../../../../arm-none-eabi/lib/thumb/v7e-m/nofp/libc.a(lib_a-exit.o)
 .debug_info    0x0000000000000aa0       0xf7 /usr/lib/gcc/arm-none-eabi/12.2.0/../../../../arm-none-eabi/lib/thumb/v7e-m/nofp/libc.a(lib_a-fini.o)
 .debug_info    0x0000000000000b97      0x8c8 /usr/lib/gcc/arm-none-eabi/12.2.0/../../../../arm-none-eabi/lib/thumb/v7e-m/nofp/libc.a(lib_a-impure.o)
 .debug_info    0x000000000000145f      0x10b /usr/lib/gcc/arm-none-eabi/12.2.0/../../../../arm-none-eabi/lib/thumb/v7e-m/nofp/libc.a(lib_a-init.o)
 .debug_info    0x000000000000156a      0x135 /usr/lib/gcc/arm-none-eabi/12.2.0/../../../../arm-none-eabi/lib/thumb/v7e-m/nofp/libc.a(lib_a-memset.o)
 .debug_info    0x000000000000169f      0x999 /usr/lib/gcc/arm-none-eabi/12.2.0/../../../../arm-none-eabi/lib/thumb/v7e-m/nofp/libc.a(lib_a-__atexit.o)
 .debug_info    0x0000000000002038      0xa21 /usr/lib/gcc/arm-none-eabi/12.2.0/../../../../arm-none-eabi/lib/thumb/v7e-m/nofp/libc.a(lib_a-__call_atexit.o)
 .debug_info    0x0000000000002a59      0x21a /usr/lib/gcc/arm-none-eabi/12.2.0/../../../../arm-none-eabi/lib/thumb/v7e-m/nofp/libc.a(lib_a-lock.o)

.debug_abbrev   0x0000000000000000      0xdc6
 .debug_abbrev  0x0000000000000000       0x38 obj/main.o
 .debug_abbrev  0x0000000000000038       0x1d obj/startup.o
 .debug_abbrev  0x0000000000000055       0xc1 /usr/lib/gcc/arm-none-eabi/12.2.0/../../../../arm-none-eabi/lib/thumb/v7e-m/nofp/libc.a(lib_a-atexit.o)
 .debug_abbrev  0x0000000000000116      0x22d /usr/lib/gcc/arm-none-eabi/12.2.0/../../../../arm-none-eabi/lib/thumb/v7e-m/nofp/libc.a(lib_a-exit.o)
 .debug_abbrev  0x0000000000000343       0xcc /usr/lib/gcc/arm-none-eabi/12.2.0/../../../../arm-none-eabi/lib/thumb/v7e-m/nofp/libc.a(lib_a-fini.o)
 .debug_abbrev  0x000000000000040f      0x1ca /usr/lib/gcc/arm-none-eabi/12.2.0/../../../../arm-none-eabi/lib/thumb/v7e-m/nofp/libc.a(lib_a-impure.o)
 .debug_abbrev  0x00000000000005d9       0xc9 /usr/lib/gcc/arm-none-eabi/12.2.0/../../../../arm-none-eabi/lib/thumb/v7e-m/nofp/libc.a(lib_a-init.o)
 .debug_abbrev  0x00000000000006a2       0xb7 /usr/lib/gcc/arm-none-eabi/12.2.0/../../../../arm-none-eabi/lib/thumb/v7e-m/nofp/libc.a(lib_a-memset.o)
 .debug_abbrev  0x0000000000000759      0x272 /usr/lib/gcc/arm-none-eabi/12.2.0/../../../../arm-none-eabi/lib/thumb/v7e-m/nofp/libc.a(lib_a-__atexit.o)
 .debug_abbrev  0x00000000000009cb      0x2e6 /usr/lib/gcc/arm-none-eabi/12.2.0/../../../../arm-none-eabi/lib/thumb/v7e-m/nofp/libc.a(lib_a-__call_atexit.o)
 .debug_abbrev  0x0000000000000cb1      0x115 /usr/lib/gcc/arm-none-eabi/12.2.0/../../../../arm-none-eabi/lib/thumb/v7e-m/nofp/libc.a(lib_a-lock.o)

.debug_aranges  0x0000000000000000      0x170
 .debug_aranges
                0x0000000000000000       0x20 obj/main.o
 .debug_aranges
                0x0000000000000020       0x28 obj/startup.o
 .debug_aranges
                0x0000000000000048       0x20 /usr/lib/gcc/arm-none-eabi/12.2.0/../../../../arm-none-eabi/lib/thumb/v7e-m/nofp/libc.a(lib_a-atexit.o)
 .debug_aranges
                0x0000000000000068       0x20 /usr/lib/gcc/arm-none-eabi/12.2.0/../../../../arm-none-eabi/lib/thumb/v7e-m/nofp/libc.a(lib_a-exit.o)
 .debug_aranges
                0x0000000000000088       0x20 /usr/lib/gcc/arm-none-eabi/12.2.0/../../../../arm-none-eabi/lib/thumb/v7e-m/nofp/libc.a(lib_a-fini.o)
 .debug_aranges
                0x00000000000000a8       0x18 /usr/lib/gcc/arm-none-eabi/12.2.0/../../../../arm-none-eabi/lib/thumb/v7e-m/nofp/libc.a(lib_a-impure.o)
 .debug_aranges
                0x00000000000000c0       0x20 /usr/lib/gcc/arm-none-eabi/12.2.0/../../../../arm-none-eabi/lib/thumb/v7e-m/nofp/libc.a(lib_a-init.o)
 .debug_aranges
                0x00000000000000e0       0x20 /usr/lib/gcc/arm-none-eabi/12.2.0/../../../../arm-none-eabi/lib/thumb/v7e-m/nofp/libc.a(lib_a-memset.o)
 .debug_aranges
                0x0000000000000100       0x20 /usr/lib/gcc/arm-none-eabi/12.2.0/../../../../arm-none-eabi/lib/thumb/v7e-m/nofp/libc.a(lib_a-__atexit.o)
 .debug_aranges
                0x0000000000000120       0x28 /usr/lib/gcc/arm-none-eabi/12.2.0/../../../../arm-none-eabi/lib/thumb/v7e-m/nofp/libc.a(lib_a-__call_atexit.o)
 .debug_aranges
                0x0000000000000148       0x28 /usr/lib/gcc/arm-none-eabi/12.2.0/../../../../arm-none-eabi/lib/thumb/v7e-m/nofp/libc.a(lib_a-lock.o)

.debug_line     0x0000000000000000      0xe12
 .debug_line    0x0000000000000000       0x42 obj/main.o
 .debug_line    0x0000000000000042       0x79 obj/startup.o
 .debug_line    0x00000000000000bb        0x0 obj/registers.o
 .debug_line    0x00000000000000bb       0xea /usr/lib/gcc/arm-none-eabi/12.2.0/../../../../arm-none-eabi/lib/thumb/v7e-m/nofp/libc.a(lib_a-atexit.o)
 .debug_line    0x00000000000001a5      0x1b7 /usr/lib/gcc/arm-none-eabi/12.2.0/../../../../arm-none-eabi/lib/thumb/v7e-m/nofp/libc.a(lib_a-exit.o)
 .debug_line    0x000000000000035c       0xf9 /usr/lib/gcc/arm-none-eabi/12.2.0/../../../../arm-none-eabi/lib/thumb/v7e-m/nofp/libc.a(lib_a-fini.o)
 .debug_line    0x0000000000000455      0x10e /usr/lib/gcc/arm-none-eabi/12.2.0/../../../../arm-none-eabi/lib/thumb/v7e-m/nofp/libc.a(lib_a-impure.o)
 .debug_line    0x0000000000000563      0x13a /usr/lib/gcc/arm-none-eabi/12.2.0/../../../../arm-none-eabi/lib/thumb/v7e-m/nofp/libc.a(lib_a-init.o)
 .debug_line    0x000000000000069d      0x1f0 /usr/lib/gcc/arm-none-eabi/12.2.0/../../../../arm-none-eabi/lib/thumb/v7e-m/nofp/libc.a(lib_a-memset.o)
 .debug_line    0x000000000000088d      0x1e4 /usr/lib/gcc/arm-none-eabi/12.2.0/../../../../arm-none-eabi/lib/thumb/v7e-m/nofp/libc.a(lib_a-__atexit.o)
 .debug_line    0x0000000000000a71      0x2b6 /usr/lib/gcc/arm-none-eabi/12.2.0/../../../../arm-none-eabi/lib/thumb/v7e-m/nofp/libc.a(lib_a-__call_atexit.o)
 .debug_line    0x0000000000000d27       0xeb /usr/lib/gcc/arm-none-eabi/12.2.0/../../../../arm-none-eabi/lib/thumb/v7e-m/nofp/libc.a(lib_a-lock.o)

.debug_str      0x0000000000000000      0xcdb
 .debug_str     0x0000000000000000       0x9e obj/main.o
 .debug_str     0x000000000000009e       0x28 obj/startup.o
                                         0x58 (size before relaxing)
 .debug_str     0x00000000000000c6       0x19 obj/registers.o
                                         0xa5 (size before relaxing)
 .debug_str     0x00000000000000df      0x1ca /usr/lib/gcc/arm-none-eabi/12.2.0/../../../../arm-none-eabi/lib/thumb/v7e-m/nofp/libc.a(lib_a-atexit.o)
                                        0x20a (size before relaxing)
 .debug_str     0x00000000000002a9      0x40c /usr/lib/gcc/arm-none-eabi/12.2.0/../../../../arm-none-eabi/lib/thumb/v7e-m/nofp/libc.a(lib_a-exit.o)
                                        0x5ae (size before relaxing)
 .debug_str     0x00000000000006b5       0xe0 /usr/lib/gcc/arm-none-eabi/12.2.0/../../../../arm-none-eabi/lib/thumb/v7e-m/nofp/libc.a(lib_a-fini.o)
                                        0x202 (size before relaxing)
 .debug_str     0x0000000000000795       0xb3 /usr/lib/gcc/arm-none-eabi/12.2.0/../../../../arm-none-eabi/lib/thumb/v7e-m/nofp/libc.a(lib_a-impure.o)
                                        0x5a5 (size before relaxing)
 .debug_str     0x0000000000000848       0xa6 /usr/lib/gcc/arm-none-eabi/12.2.0/../../../../arm-none-eabi/lib/thumb/v7e-m/nofp/libc.a(lib_a-init.o)
                                        0x22c (size before relaxing)
 .debug_str     0x00000000000008ee       0xc4 /usr/lib/gcc/arm-none-eabi/12.2.0/../../../../arm-none-eabi/lib/thumb/v7e-m/nofp/libc.a(lib_a-memset.o)
                                        0x1e1 (size before relaxing)
 .debug_str     0x00000000000009b2       0x95 /usr/lib/gcc/arm-none-eabi/12.2.0/../../../../arm-none-eabi/lib/thumb/v7e-m/nofp/libc.a(lib_a-__atexit.o)
                                        0x63c (size before relaxing)
 .debug_str     0x0000000000000a47       0x99 /usr/lib/gcc/arm-none-eabi/12.2.0/../../../../arm-none-eabi/lib/thumb/v7e-m/nofp/libc.a(lib_a-__call_atexit.o)
                                        0x66f (size before relaxing)
 .debug_str     0x0000000000000ae0      0x1fb /usr/lib/gcc/arm-none-eabi/12.2.0/../../../../arm-none-eabi/lib/thumb/v7e-m/nofp/libc.a(lib_a-lock.o)
                                        0x35d (size before relaxing)

.comment        0x0000000000000000       0x3c
 .comment       0x0000000000000000       0x1e obj/main.o
                                         0x1f (size before relaxing)
 .comment       0x000000000000001e       0x1f obj/registers.o
 .comment       0x000000000000001e       0x1e /usr/lib/gcc/arm-none-eabi/12.2.0/../../../../arm-none-eabi/lib/thumb/v7e-m/nofp/libc.a(lib_a-atexit.o)
                                         0x1f (size before relaxing)
 .comment       0x000000000000003c       0x1f /usr/lib/gcc/arm-none-eabi/12.2.0/../../../../arm-none-eabi/lib/thumb/v7e-m/nofp/libc.a(lib_a-exit.o)
 .comment       0x000000000000003c       0x1f /usr/lib/gcc/arm-none-eabi/12.2.0/../../../../arm-none-eabi/lib/thumb/v7e-m/nofp/libc.a(lib_a-fini.o)
 .comment       0x000000000000003c       0x1f /usr/lib/gcc/arm-none-eabi/12.2.0/../../../../arm-none-eabi/lib/thumb/v7e-m/nofp/libc.a(lib_a-impure.o)
 .comment       0x000000000000003c       0x1f /usr/lib/gcc/arm-none-eabi/12.2.0/../../../../arm-none-eabi/lib/thumb/v7e-m/nofp/libc.a(lib_a-init.o)
 .comment       0x000000000000003c       0x1f /usr/lib/gcc/arm-none-eabi/12.2.0/../../../../arm-none-eabi/lib/thumb/v7e-m/nofp/libc.a(lib_a-memset.o)
 .comment       0x000000000000003c       0x1f /usr/lib/gcc/arm-none-eabi/12.2.0/../../../../arm-none-eabi/lib/thumb/v7e-m/nofp/libc.a(lib_a-__atexit.o)
 .comment       0x000000000000003c       0x1f /usr/lib/gcc/arm-none-eabi/12.2.0/../../../../arm-none-eabi/lib/thumb/v7e-m/nofp/libc.a(lib_a-__call_atexit.o)
 .comment       0x000000000000003c       0x1f /usr/lib/gcc/arm-none-eabi/12.2.0/../../../../arm-none-eabi/lib/thumb/v7e-m/nofp/libc.a(lib_a-lock.o)

.debug_frame    0x0000000000000000      0x264
 .debug_frame   0x0000000000000000       0x30 obj/main.o
 .debug_frame   0x0000000000000030       0x20 /usr/lib/gcc/arm-none-eabi/12.2.0/../../../../arm-none-eabi/lib/thumb/v7e-m/nofp/libc.a(lib_a-atexit.o)
 .debug_frame   0x0000000000000050       0x28 /usr/lib/gcc/arm-none-eabi/12.2.0/../../../../arm-none-eabi/lib/thumb/v7e-m/nofp/libc.a(lib_a-exit.o)
 .debug_frame   0x0000000000000078       0x34 /usr/lib/gcc/arm-none-eabi/12.2.0/../../../../arm-none-eabi/lib/thumb/v7e-m/nofp/libc.a(lib_a-fini.o)
 .debug_frame   0x00000000000000ac       0x2c /usr/lib/gcc/arm-none-eabi/12.2.0/../../../../arm-none-eabi/lib/thumb/v7e-m/nofp/libc.a(lib_a-init.o)
 .debug_frame   0x00000000000000d8       0x2c /usr/lib/gcc/arm-none-eabi/12.2.0/../../../../arm-none-eabi/lib/thumb/v7e-m/nofp/libc.a(lib_a-memset.o)
 .debug_frame   0x0000000000000104       0x34 /usr/lib/gcc/arm-none-eabi/12.2.0/../../../../arm-none-eabi/lib/thumb/v7e-m/nofp/libc.a(lib_a-__atexit.o)
 .debug_frame   0x0000000000000138       0x5c /usr/lib/gcc/arm-none-eabi/12.2.0/../../../../arm-none-eabi/lib/thumb/v7e-m/nofp/libc.a(lib_a-__call_atexit.o)
 .debug_frame   0x0000000000000194       0xb0 /usr/lib/gcc/arm-none-eabi/12.2.0/../../../../arm-none-eabi/lib/thumb/v7e-m/nofp/libc.a(lib_a-lock.o)
 .debug_frame   0x0000000000000244       0x20 /usr/lib/gcc/arm-none-eabi/12.2.0/../../../../arm-none-eabi/lib/thumb/v7e-m/nofp/libnosys.a(_exit.o)

.debug_rnglists
                0x0000000000000000       0xe9
 .debug_rnglists
                0x0000000000000000       0x19 obj/startup.o
 .debug_rnglists
                0x0000000000000019       0x13 /usr/lib/gcc/arm-none-eabi/12.2.0/../../../../arm-none-eabi/lib/thumb/v7e-m/nofp/libc.a(lib_a-atexit.o)
 .debug_rnglists
                0x000000000000002c       0x13 /usr/lib/gcc/arm-none-eabi/12.2.0/../../../../arm-none-eabi/lib/thumb/v7e-m/nofp/libc.a(lib_a-exit.o)
 .debug_rnglists
                0x000000000000003f       0x13 /usr/lib/gcc/arm-none-eabi/12.2.0/../../../../arm-none-eabi/lib/thumb/v7e-m/nofp/libc.a(lib_a-fini.o)
 .debug_rnglists
                0x0000000000000052       0x13 /usr/lib/gcc/arm-none-eabi/12.2.0/../../../../arm-none-eabi/lib/thumb/v7e-m/nofp/libc.a(lib_a-init.o)
 .debug_rnglists
                0x0000000000000065       0x14 /usr/lib/gcc/arm-none-eabi/12.2.0/../../../../arm-none-eabi/lib/thumb/v7e-m/nofp/libc.a(lib_a-memset.o)
 .debug_rnglists
                0x0000000000000079       0x14 /usr/lib/gcc/arm-none-eabi/12.2.0/../../../../arm-none-eabi/lib/thumb/v7e-m/nofp/libc.a(lib_a-__atexit.o)
 .debug_rnglists
                0x000000000000008d       0x30 /usr/lib/gcc/arm-none-eabi/12.2.0/../../../../arm-none-eabi/lib/thumb/v7e-m/nofp/libc.a(lib_a-__call_atexit.o)
 .debug_rnglists
                0x00000000000000bd       0x19 /usr/lib/gcc/arm-none-eabi/12.2.0/../../../../arm-none-eabi/lib/thumb/v7e-m/nofp/libc.a(lib_a-lock.o)
 .debug_rnglists
                0x00000000000000d6       0x13 /usr/lib/gcc/arm-none-eabi/12.2.0/../../../../arm-none-eabi/lib/thumb/v7e-m/nofp/libnosys.a(_exit.o)

.debug_loclists
                0x0000000000000000      0x482
 .debug_loclists
                0x0000000000000000       0x2a /usr/lib/gcc/arm-none-eabi/12.2.0/../../../../arm-none-eabi/lib/thumb/v7e-m/nofp/libc.a(lib_a-atexit.o)
 .debug_loclists
                0x000000000000002a       0x20 /usr/lib/gcc/arm-none-eabi/12.2.0/../../../../arm-none-eabi/lib/thumb/v7e-m/nofp/libc.a(lib_a-exit.o)
 .debug_loclists
                0x000000000000004a       0x4c /usr/lib/gcc/arm-none-eabi/12.2.0/../../../../arm-none-eabi/lib/thumb/v7e-m/nofp/libc.a(lib_a-fini.o)
 .debug_loclists
                0x0000000000000096       0x7a /usr/lib/gcc/arm-none-eabi/12.2.0/../../../../arm-none-eabi/lib/thumb/v7e-m/nofp/libc.a(lib_a-init.o)
 .debug_loclists
                0x0000000000000110      0x1a5 /usr/lib/gcc/arm-none-eabi/12.2.0/../../../../arm-none-eabi/lib/thumb/v7e-m/nofp/libc.a(lib_a-memset.o)
 .debug_loclists
                0x00000000000002b5       0x79 /usr/lib/gcc/arm-none-eabi/12.2.0/../../../../arm-none-eabi/lib/thumb/v7e-m/nofp/libc.a(lib_a-__atexit.o)
 .debug_loclists
                0x000000000000032e      0x11a /usr/lib/gcc/arm-none-eabi/12.2.0/../../../../arm-none-eabi/lib/thumb/v7e-m/nofp/libc.a(lib_a-__call_atexit.o)
 .debug_loclists
                0x0000000000000448       0x23 /usr/lib/gcc/arm-none-eabi/12.2.0/../../../../arm-none-eabi/lib/thumb/v7e-m/nofp/libc.a(lib_a-lock.o)
 .debug_loclists
                0x000000000000046b       0x17 /usr/lib/gcc/arm-none-eabi/12.2.0/../../../../arm-none-eabi/lib/thumb/v7e-m/nofp/libnosys.a(_exit.o)
