Archive member included to satisfy reference by file (symbol)

/home/odin/workspace/c++_projects/embedded/etna/toolchain/bin/../lib/gcc/arm-none-eabi/10.3.1/../../../../arm-none-eabi/lib/thumb/v7e-m/nofp/libstdc++_nano.a(class_type_info.o)
                              CMakeFiles/Etna.dir/source/src/Main.cpp.obj (vtable for __cxxabiv1::__class_type_info)
/home/odin/workspace/c++_projects/embedded/etna/toolchain/bin/../lib/gcc/arm-none-eabi/10.3.1/../../../../arm-none-eabi/lib/thumb/v7e-m/nofp/libstdc++_nano.a(del_ops.o)
                              CMakeFiles/Etna.dir/source/src/Main.cpp.obj (operator delete(void*, unsigned int))
/home/odin/workspace/c++_projects/embedded/etna/toolchain/bin/../lib/gcc/arm-none-eabi/10.3.1/../../../../arm-none-eabi/lib/thumb/v7e-m/nofp/libstdc++_nano.a(eh_arm.o)
                              CMakeFiles/Etna.dir/source/src/Main.cpp.obj (__cxa_end_cleanup)
/home/odin/workspace/c++_projects/embedded/etna/toolchain/bin/../lib/gcc/arm-none-eabi/10.3.1/../../../../arm-none-eabi/lib/thumb/v7e-m/nofp/libstdc++_nano.a(eh_exception.o)
                              /home/odin/workspace/c++_projects/embedded/etna/toolchain/bin/../lib/gcc/arm-none-eabi/10.3.1/../../../../arm-none-eabi/lib/thumb/v7e-m/nofp/libstdc++_nano.a(eh_arm.o) (typeinfo for __cxxabiv1::__forced_unwind)
/home/odin/workspace/c++_projects/embedded/etna/toolchain/bin/../lib/gcc/arm-none-eabi/10.3.1/../../../../arm-none-eabi/lib/thumb/v7e-m/nofp/libstdc++_nano.a(eh_globals.o)
                              /home/odin/workspace/c++_projects/embedded/etna/toolchain/bin/../lib/gcc/arm-none-eabi/10.3.1/../../../../arm-none-eabi/lib/thumb/v7e-m/nofp/libstdc++_nano.a(eh_arm.o) (__cxa_get_globals)
/home/odin/workspace/c++_projects/embedded/etna/toolchain/bin/../lib/gcc/arm-none-eabi/10.3.1/../../../../arm-none-eabi/lib/thumb/v7e-m/nofp/libstdc++_nano.a(eh_personality.o)
                              CMakeFiles/Etna.dir/source/src/Main.cpp.obj (__gxx_personality_v0)
/home/odin/workspace/c++_projects/embedded/etna/toolchain/bin/../lib/gcc/arm-none-eabi/10.3.1/../../../../arm-none-eabi/lib/thumb/v7e-m/nofp/libstdc++_nano.a(eh_terminate.o)
                              /home/odin/workspace/c++_projects/embedded/etna/toolchain/bin/../lib/gcc/arm-none-eabi/10.3.1/../../../../arm-none-eabi/lib/thumb/v7e-m/nofp/libstdc++_nano.a(eh_arm.o) (std::terminate())
/home/odin/workspace/c++_projects/embedded/etna/toolchain/bin/../lib/gcc/arm-none-eabi/10.3.1/../../../../arm-none-eabi/lib/thumb/v7e-m/nofp/libstdc++_nano.a(eh_unex_handler.o)
                              /home/odin/workspace/c++_projects/embedded/etna/toolchain/bin/../lib/gcc/arm-none-eabi/10.3.1/../../../../arm-none-eabi/lib/thumb/v7e-m/nofp/libstdc++_nano.a(eh_terminate.o) (__cxxabiv1::__unexpected_handler)
/home/odin/workspace/c++_projects/embedded/etna/toolchain/bin/../lib/gcc/arm-none-eabi/10.3.1/../../../../arm-none-eabi/lib/thumb/v7e-m/nofp/libstdc++_nano.a(pure.o)
                              /home/odin/workspace/c++_projects/embedded/etna/toolchain/bin/../lib/gcc/arm-none-eabi/10.3.1/../../../../arm-none-eabi/lib/thumb/v7e-m/nofp/libstdc++_nano.a(eh_exception.o) (__cxa_pure_virtual)
/home/odin/workspace/c++_projects/embedded/etna/toolchain/bin/../lib/gcc/arm-none-eabi/10.3.1/../../../../arm-none-eabi/lib/thumb/v7e-m/nofp/libstdc++_nano.a(si_class_type_info.o)
                              CMakeFiles/Etna.dir/source/src/Main.cpp.obj (vtable for __cxxabiv1::__si_class_type_info)
/home/odin/workspace/c++_projects/embedded/etna/toolchain/bin/../lib/gcc/arm-none-eabi/10.3.1/../../../../arm-none-eabi/lib/thumb/v7e-m/nofp/libstdc++_nano.a(tinfo.o)
                              /home/odin/workspace/c++_projects/embedded/etna/toolchain/bin/../lib/gcc/arm-none-eabi/10.3.1/../../../../arm-none-eabi/lib/thumb/v7e-m/nofp/libstdc++_nano.a(class_type_info.o) (std::type_info::~type_info())
/home/odin/workspace/c++_projects/embedded/etna/toolchain/bin/../lib/gcc/arm-none-eabi/10.3.1/../../../../arm-none-eabi/lib/thumb/v7e-m/nofp/libstdc++_nano.a(del_op.o)
                              /home/odin/workspace/c++_projects/embedded/etna/toolchain/bin/../lib/gcc/arm-none-eabi/10.3.1/../../../../arm-none-eabi/lib/thumb/v7e-m/nofp/libstdc++_nano.a(del_ops.o) (operator delete(void*))
/home/odin/workspace/c++_projects/embedded/etna/toolchain/bin/../lib/gcc/arm-none-eabi/10.3.1/../../../../arm-none-eabi/lib/thumb/v7e-m/nofp/libstdc++_nano.a(eh_call.o)
                              /home/odin/workspace/c++_projects/embedded/etna/toolchain/bin/../lib/gcc/arm-none-eabi/10.3.1/../../../../arm-none-eabi/lib/thumb/v7e-m/nofp/libstdc++_nano.a(eh_personality.o) (__cxa_call_terminate)
/home/odin/workspace/c++_projects/embedded/etna/toolchain/bin/../lib/gcc/arm-none-eabi/10.3.1/../../../../arm-none-eabi/lib/thumb/v7e-m/nofp/libstdc++_nano.a(eh_catch.o)
[...]
Memory Configuration

Name             Origin             Length             Attributes
RAM              0x0000000020000000 0x0000000000020000 xrw
FLASH            0x0000000008000000 0x0000000000080000 xr
*default*        0x0000000000000000 0xffffffffffffffff

Linker script and memory map

LOAD /home/odin/workspace/c++_projects/embedded/etna/toolchain/bin/../lib/gcc/arm-none-eabi/10.3.1/thumb/v7e-m/nofp/crti.o
LOAD /home/odin/workspace/c++_projects/embedded/etna/toolchain/bin/../lib/gcc/arm-none-eabi/10.3.1/thumb/v7e-m/nofp/crtbegin.o
LOAD /home/odin/workspace/c++_projects/embedded/etna/toolchain/bin/../lib/gcc/arm-none-eabi/10.3.1/../../../../arm-none-eabi/lib/thumb/v7e-m/nofp/rdimon-crt0.o
LOAD CMakeFiles/Etna.dir/bootloader/Startup.cpp.obj
LOAD CMakeFiles/Etna.dir/source/src/Main.cpp.obj
LOAD CMakeFiles/Etna.dir/source/src/components/GreenUserLED.cpp.obj
LOAD /home/odin/workspace/c++_projects/embedded/etna/toolchain/bin/../lib/gcc/arm-none-eabi/10.3.1/../../../../arm-none-eabi/lib/thumb/v7e-m/nofp/libstdc++_nano.a
LOAD /home/odin/workspace/c++_projects/embedded/etna/toolchain/bin/../lib/gcc/arm-none-eabi/10.3.1/../../../../arm-none-eabi/lib/thumb/v7e-m/nofp/libm.a
START GROUP
LOAD /home/odin/workspace/c++_projects/embedded/etna/toolchain/bin/../lib/gcc/arm-none-eabi/10.3.1/thumb/v7e-m/nofp/libgcc.a
LOAD /home/odin/workspace/c++_projects/embedded/etna/toolchain/bin/../lib/gcc/arm-none-eabi/10.3.1/../../../../arm-none-eabi/lib/thumb/v7e-m/nofp/libg_nano.a
LOAD /home/odin/workspace/c++_projects/embedded/etna/toolchain/bin/../lib/gcc/arm-none-eabi/10.3.1/../../../../arm-none-eabi/lib/thumb/v7e-m/nofp/libc_nano.a
END GROUP
START GROUP
LOAD /home/odin/workspace/c++_projects/embedded/etna/toolchain/bin/../lib/gcc/arm-none-eabi/10.3.1/thumb/v7e-m/nofp/libgcc.a
LOAD /home/odin/workspace/c++_projects/embedded/etna/toolchain/bin/../lib/gcc/arm-none-eabi/10.3.1/../../../../arm-none-eabi/lib/thumb/v7e-m/nofp/libc_nano.a
LOAD /home/odin/workspace/c++_projects/embedded/etna/toolchain/bin/../lib/gcc/arm-none-eabi/10.3.1/../../../../arm-none-eabi/lib/thumb/v7e-m/nofp/librdimon_nano.a
END GROUP
START GROUP
LOAD /home/odin/workspace/c++_projects/embedded/etna/toolchain/bin/../lib/gcc/arm-none-eabi/10.3.1/thumb/v7e-m/nofp/libgcc.a
LOAD /home/odin/workspace/c++_projects/embedded/etna/toolchain/bin/../lib/gcc/arm-none-eabi/10.3.1/../../../../arm-none-eabi/lib/thumb/v7e-m/nofp/libc_nano.a
LOAD /home/odin/workspace/c++_projects/embedded/etna/toolchain/bin/../lib/gcc/arm-none-eabi/10.3.1/../../../../arm-none-eabi/lib/thumb/v7e-m/nofp/librdimon_nano.a
END GROUP
LOAD /home/odin/workspace/c++_projects/embedded/etna/toolchain/bin/../lib/gcc/arm-none-eabi/10.3.1/thumb/v7e-m/nofp/crtend.o
LOAD /home/odin/workspace/c++_projects/embedded/etna/toolchain/bin/../lib/gcc/arm-none-eabi/10.3.1/thumb/v7e-m/nofp/crtn.o
                0x0000000020020000                _estack = (ORIGIN (RAM) + LENGTH (RAM))
                0x0000000000000200                _Min_Heap_Size = 0x200
                0x0000000000000400                _Min_Stack_Size = 0x400

.note.gnu.build-id
                0x0000000020000000       0x24
 .note.gnu.build-id
                0x0000000020000000       0x24 linker stubs

.isr_vector     0x0000000008000000       0x6c
                0x0000000008000000                . = ALIGN (0x4)
 *(.isr_vector)
 .isr_vector    0x0000000008000000       0x6c CMakeFiles/Etna.dir/bootloader/Startup.cpp.obj
                0x0000000008000000                ISRVectorTable
                0x000000000800006c                . = ALIGN (0x4)

.text           0x0000000008000070     0x7488
                0x0000000008000070                . = ALIGN (0x4)
 *(.text)
 .text          0x0000000008000070       0x40 /home/odin/workspace/c++_projects/embedded/etna/toolchain/bin/../lib/gcc/arm-none-eabi/10.3.1/thumb/v7e-m/nofp/crtbegin.o
 .text          0x00000000080000b0      0x9d8 /home/odin/workspace/c++_projects/embedded/etna/toolchain/bin/../lib/gcc/arm-none-eabi/10.3.1/thumb/v7e-m/nofp/libgcc.a(unwind-arm.o)
                0x0000000008000358                _Unwind_GetCFA
                0x000000000800035c                __gnu_Unwind_RaiseException
                0x00000000080003c4                __gnu_Unwind_ForcedUnwind
                0x00000000080003d4                __gnu_Unwind_Resume
                0x0000000008000418                __gnu_Unwind_Resume_or_Rethrow
                0x0000000008000428                _Unwind_Complete
                0x000000000800042c                _Unwind_DeleteException
                0x0000000008000438                _Unwind_VRS_Get
                0x0000000008000484                _Unwind_VRS_Set
                0x00000000080004cc                __gnu_Unwind_Backtrace
                0x00000000080007f8                __aeabi_unwind_cpp_pr0
                0x00000000080007fc                __aeabi_unwind_cpp_pr1
                0x0000000008000800                __aeabi_unwind_cpp_pr2
                0x0000000008000804                _Unwind_VRS_Pop
 .text          0x0000000008000a88      0x1ac /home/odin/workspace/c++_projects/embedded/etna/toolchain/bin/../lib/gcc/arm-none-eabi/10.3.1/thumb/v7e-m/nofp/libgcc.a(libunwind.o)
                0x0000000008000a88                __restore_core_regs
                0x0000000008000a88                restore_core_regs
                0x0000000008000aa0                __gnu_Unwind_Restore_VFP
                0x0000000008000aa8                __gnu_Unwind_Save_VFP
                0x0000000008000ab0                __gnu_Unwind_Restore_VFP_D
                0x0000000008000ab8                __gnu_Unwind_Save_VFP_D
                0x0000000008000ac0                __gnu_Unwind_Restore_VFP_D_16_to_31
                0x0000000008000ac8                __gnu_Unwind_Save_VFP_D_16_to_31
                0x0000000008000ad0                __gnu_Unwind_Restore_WMMXD
                0x0000000008000b14                __gnu_Unwind_Save_WMMXD
                0x0000000008000b58                __gnu_Unwind_Restore_WMMXC
                0x0000000008000b6c                __gnu_Unwind_Save_WMMXC
                0x0000000008000b80                ___Unwind_RaiseException
                0x0000000008000b80                _Unwind_RaiseException
                0x0000000008000ba4                ___Unwind_Resume
                0x0000000008000ba4                _Unwind_Resume
                0x0000000008000bc8                _Unwind_Resume_or_Rethrow
                0x0000000008000bc8                ___Unwind_Resume_or_Rethrow
                0x0000000008000bec                ___Unwind_ForcedUnwind
                0x0000000008000bec                _Unwind_ForcedUnwind
                0x0000000008000c10                _Unwind_Backtrace
                0x0000000008000c10                ___Unwind_Backtrace
 .text          0x0000000008000c34      0x350 /home/odin/workspace/c++_projects/embedded/etna/toolchain/bin/../lib/gcc/arm-none-eabi/10.3.1/thumb/v7e-m/nofp/libgcc.a(pr-support.o)
                0x0000000008000c8c                __gnu_unwind_execute
                0x0000000008000f38                __gnu_unwind_frame
                0x0000000008000f64                _Unwind_GetRegionStart
                0x0000000008000f70                _Unwind_GetLanguageSpecificData
 .text          0x0000000008000f84       0x14 /home/odin/workspace/c++_projects/embedded/etna/toolchain/bin/../lib/gcc/arm-none-eabi/10.3.1/../../../../arm-none-eabi/lib/thumb/v7e-m/nofp/libg_nano.a(lib_a-strcmp.o)
                0x0000000008000f84                strcmp
 .text          0x0000000008000f98       0x10 /home/odin/workspace/c++_projects/embedded/etna/toolchain/bin/../lib/gcc/arm-none-eabi/10.3.1/../../../../arm-none-eabi/lib/thumb/v7e-m/nofp/libg_nano.a(lib_a-strlen.o)
                0x0000000008000f98                strlen
 *fill*         0x0000000008000fa8        0x8 
 .text          0x0000000008000fb0       0xa0 /home/odin/workspace/c++_projects/embedded/etna/toolchain/bin/../lib/gcc/arm-none-eabi/10.3.1/../../../../arm-none-eabi/lib/thumb/v7e-m/nofp/libg_nano.a(lib_a-memchr.o)
                0x0000000008000fb0                memchr
 .text          0x0000000008001050      0x378 /home/odin/workspace/c++_projects/embedded/etna/toolchain/bin/../lib/gcc/arm-none-eabi/10.3.1/thumb/v7e-m/nofp/libgcc.a(_arm_addsubdf3.o)
                0x0000000008001050                __aeabi_drsub
                0x0000000008001058                __aeabi_dsub
                0x0000000008001058                __subdf3
                0x000000000800105c                __adddf3
                0x000000000800105c                __aeabi_dadd
                0x00000000080012d4                __aeabi_ui2d
                0x00000000080012d4                __floatunsidf
                0x00000000080012f4                __floatsidf
                0x00000000080012f4                __aeabi_i2d
                0x0000000008001318                __extendsfdf2
                0x0000000008001318                __aeabi_f2d
                0x000000000800135c                __aeabi_ul2d
                0x000000000800135c                __floatundidf
                0x000000000800136c                __floatdidf
                0x000000000800136c                __aeabi_l2d
 .text          0x00000000080013c8      0x424 /home/odin/workspace/c++_projects/embedded/etna/toolchain/bin/../lib/gcc/arm-none-eabi/10.3.1/thumb/v7e-m/nofp/libgcc.a(_arm_muldivdf3.o)
                0x00000000080013c8                __aeabi_dmul
                0x00000000080013c8                __muldf3
                0x000000000800161c                __aeabi_ddiv
                0x000000000800161c                __divdf3
 .text          0x00000000080017ec      0x110 /home/odin/workspace/c++_projects/embedded/etna/toolchain/bin/../lib/gcc/arm-none-eabi/10.3.1/thumb/v7e-m/nofp/libgcc.a(_arm_cmpdf2.o)
                0x00000000080017ec                __gtdf2
                0x00000000080017ec                __gedf2
                0x00000000080017f4                __ltdf2
                0x00000000080017f4                __ledf2
                0x00000000080017fc                __cmpdf2
                0x00000000080017fc                __eqdf2
                0x00000000080017fc                __nedf2
                0x0000000008001878                __aeabi_cdrcmple
                0x0000000008001888                __aeabi_cdcmple
                0x0000000008001888                __aeabi_cdcmpeq
                0x0000000008001898                __aeabi_dcmpeq
                0x00000000080018ac                __aeabi_dcmplt
                0x00000000080018c0                __aeabi_dcmple
                0x00000000080018d4                __aeabi_dcmpge
                0x00000000080018e8                __aeabi_dcmpgt
 .text          0x00000000080018fc       0x2c /home/odin/workspace/c++_projects/embedded/etna/toolchain/bin/../lib/gcc/arm-none-eabi/10.3.1/thumb/v7e-m/nofp/libgcc.a(_arm_unorddf2.o)
                0x00000000080018fc                __aeabi_dcmpun
                0x00000000080018fc                __unorddf2
 .text          0x0000000008001928       0x50 /home/odin/workspace/c++_projects/embedded/etna/toolchain/bin/../lib/gcc/arm-none-eabi/10.3.1/thumb/v7e-m/nofp/libgcc.a(_arm_fixdfsi.o)
                0x0000000008001928                __fixdfsi
                0x0000000008001928                __aeabi_d2iz
 .text          0x0000000008001978       0x40 /home/odin/workspace/c++_projects/embedded/etna/toolchain/bin/../lib/gcc/arm-none-eabi/10.3.1/thumb/v7e-m/nofp/libgcc.a(_arm_fixunsdfsi.o)
                0x0000000008001978                __fixunsdfsi
                0x0000000008001978                __aeabi_d2uiz
 .text          0x00000000080019b8       0xa0 /home/odin/workspace/c++_projects/embedded/etna/toolchain/bin/../lib/gcc/arm-none-eabi/10.3.1/thumb/v7e-m/nofp/libgcc.a(_arm_truncdfsf2.o)
                0x00000000080019b8                __aeabi_d2f
                0x00000000080019b8                __truncdfsf2
 .text          0x0000000008001a58       0x34 /home/odin/workspace/c++_projects/embedded/etna/toolchain/bin/../lib/gcc/arm-none-eabi/10.3.1/thumb/v7e-m/nofp/libgcc.a(_fixdfdi.o)
                0x0000000008001a58                __aeabi_d2lz
                0x0000000008001a58                __fixdfdi
 .text          0x0000000008001a8c       0x3c /home/odin/workspace/c++_projects/embedded/etna/toolchain/bin/../lib/gcc/arm-none-eabi/10.3.1/thumb/v7e-m/nofp/libgcc.a(_fixunsdfdi.o)
                0x0000000008001a8c                __aeabi_d2ulz
                0x0000000008001a8c                __fixunsdfdi
 *(.text*)
 .text.NMI_Handler
                0x0000000008001ac8        0xc CMakeFiles/Etna.dir/bootloader/Startup.cpp.obj
                0x0000000008001ac8                NMI_Handler
 .text.HardFault_Handler
                0x0000000008001ad4        0xc CMakeFiles/Etna.dir/bootloader/Startup.cpp.obj
                0x0000000008001ad4                HardFault_Handler
 .text.MemManage_Handler
                0x0000000008001ae0        0xc CMakeFiles/Etna.dir/bootloader/Startup.cpp.obj
                0x0000000008001ae0                MemManage_Handler
 .text.BusFault_Handler
                0x0000000008001aec        0xc CMakeFiles/Etna.dir/bootloader/Startup.cpp.obj
                0x0000000008001aec                BusFault_Handler
 .text.UsageFault_Handler
                0x0000000008001af8        0xc CMakeFiles/Etna.dir/bootloader/Startup.cpp.obj
                0x0000000008001af8                UsageFault_Handler
 .text.SVC_Handler
                0x0000000008001b04        0xc CMakeFiles/Etna.dir/bootloader/Startup.cpp.obj
                0x0000000008001b04                SVC_Handler
 .text.DebugMon_Handler
                0x0000000008001b10        0xc CMakeFiles/Etna.dir/bootloader/Startup.cpp.obj
                0x0000000008001b10                DebugMon_Handler
 .text.PendSV_Handler
                0x0000000008001b1c        0xc CMakeFiles/Etna.dir/bootloader/Startup.cpp.obj
                0x0000000008001b1c                PendSV_Handler
 .text.SysTick_Handler
                0x0000000008001b28        0xc CMakeFiles/Etna.dir/bootloader/Startup.cpp.obj
                0x0000000008001b28                SysTick_Handler
 .text.WWDG_IRQHandler
                0x0000000008001b34        0xc CMakeFiles/Etna.dir/bootloader/Startup.cpp.obj
                0x0000000008001b34                WWDG_IRQHandler
 .text.PVD_IRQHandler
                0x0000000008001b40        0xc CMakeFiles/Etna.dir/bootloader/Startup.cpp.obj
                0x0000000008001b40                PVD_IRQHandler
 .text.TAMP_STAMP_IRQHandler
                0x0000000008001b4c        0xc CMakeFiles/Etna.dir/bootloader/Startup.cpp.obj
                0x0000000008001b4c                TAMP_STAMP_IRQHandler
 .text.RTC_WKUP_IRQHandler
                0x0000000008001b58        0xc CMakeFiles/Etna.dir/bootloader/Startup.cpp.obj
                0x0000000008001b58                RTC_WKUP_IRQHandler
 .text.FLASH_IRQHandler
                0x0000000008001b64        0xc CMakeFiles/Etna.dir/bootloader/Startup.cpp.obj
                0x0000000008001b64                FLASH_IRQHandler
 .text.RCC_IRQHandler
                0x0000000008001b70        0xc CMakeFiles/Etna.dir/bootloader/Startup.cpp.obj
                0x0000000008001b70                RCC_IRQHandler
 .text.EXTI0_IRQHandler
                0x0000000008001b7c        0xc CMakeFiles/Etna.dir/bootloader/Startup.cpp.obj
                0x0000000008001b7c                EXTI0_IRQHandler
 .text.EXTI1_IRQHandler
                0x0000000008001b88        0xc CMakeFiles/Etna.dir/bootloader/Startup.cpp.obj
                0x0000000008001b88                EXTI1_IRQHandler
 .text.EXTI2_IRQHandler
                0x0000000008001b94        0xc CMakeFiles/Etna.dir/bootloader/Startup.cpp.obj
                0x0000000008001b94                EXTI2_IRQHandler
 .text.EXTI3_IRQHandler
                0x0000000008001ba0        0xc CMakeFiles/Etna.dir/bootloader/Startup.cpp.obj
                0x0000000008001ba0                EXTI3_IRQHandler
 .text.EXTI4_IRQHandler
                0x0000000008001bac        0xc CMakeFiles/Etna.dir/bootloader/Startup.cpp.obj
                0x0000000008001bac                EXTI4_IRQHandler
 .text.ResetHandler
                0x0000000008001bb8       0x5c CMakeFiles/Etna.dir/bootloader/Startup.cpp.obj
                0x0000000008001bb8                ResetHandler
 .text._ZN12LEDComponentD2Ev
                0x0000000008001c14        0xc CMakeFiles/Etna.dir/source/src/Main.cpp.obj
                0x0000000008001c14                LEDComponent::~LEDComponent()
                0x0000000008001c14                LEDComponent::~LEDComponent()
 .text._ZN12GreenUserLEDD2Ev
                0x0000000008001c20       0x14 CMakeFiles/Etna.dir/source/src/Main.cpp.obj
                0x0000000008001c20                GreenUserLED::~GreenUserLED()
                0x0000000008001c20                GreenUserLED::~GreenUserLED()
 .text._ZN12LEDComponentD0Ev
                0x0000000008001c34       0x18 CMakeFiles/Etna.dir/source/src/Main.cpp.obj
                0x0000000008001c34                LEDComponent::~LEDComponent()
 .text._ZN12GreenUserLEDD0Ev
                0x0000000008001c4c       0x20 CMakeFiles/Etna.dir/source/src/Main.cpp.obj
                0x0000000008001c4c                GreenUserLED::~GreenUserLED()
 .text._Z10GetAddressm
                0x0000000008001c6c        0x2 CMakeFiles/Etna.dir/source/src/Main.cpp.obj
                0x0000000008001c6c                GetAddress(unsigned long)
 *fill*         0x0000000008001c6e        0x2 
 .text._Z41__static_initialization_and_destruction_0ii
                0x0000000008001c70       0x4c CMakeFiles/Etna.dir/source/src/Main.cpp.obj
 .text.main     0x0000000008001cbc       0x64 CMakeFiles/Etna.dir/source/src/Main.cpp.obj
                0x0000000008001cbc                main
 .text._GLOBAL__sub_I__Z10GetAddressm
                0x0000000008001d20        0xe CMakeFiles/Etna.dir/source/src/Main.cpp.obj
 *fill*         0x0000000008001d2e        0x2 
 .text._ZN12GreenUserLEDC2EPVmS1_S1_
                0x0000000008001d30       0x38 CMakeFiles/Etna.dir/source/src/components/GreenUserLED.cpp.obj
                0x0000000008001d30                GreenUserLED::GreenUserLED(unsigned long volatile*, unsigned long volatile*, unsigned long volatile*)
                0x0000000008001d30                GreenUserLED::GreenUserLED(unsigned long volatile*, unsigned long volatile*, unsigned long volatile*)
 .text._ZN12GreenUserLED6EnableEv
                0x0000000008001d68        0xc CMakeFiles/Etna.dir/source/src/components/GreenUserLED.cpp.obj
                0x0000000008001d68                GreenUserLED::Enable()
 .text._ZN12GreenUserLED7DisableEv
                0x0000000008001d74        0xc CMakeFiles/Etna.dir/source/src/components/GreenUserLED.cpp.obj
                0x0000000008001d74                GreenUserLED::Disable()
 .text._ZNK10__cxxabiv117__class_type_info11__do_upcastEPKS0_PPv
                0x0000000008001d80       0x32 /home/odin/workspace/c++_projects/embedded/etna/toolchain/bin/../lib/gcc/arm-none-eabi/10.3.1/../../../../arm-none-eabi/lib/thumb/v7e-m/nofp/libstdc++_nano.a(class_type_info.o)
                0x0000000008001d80                __cxxabiv1::__class_type_info::__do_upcast(__cxxabiv1::__class_type_info const*, void**) const
 .text._ZNK10__cxxabiv117__class_type_info20__do_find_public_srcEiPKvPKS0_S2_
                0x0000000008001db2        0xc /home/odin/workspace/c++_projects/embedded/etna/toolchain/bin/../lib/gcc/arm-none-eabi/10.3.1/../../../../arm-none-eabi/lib/thumb/v7e-m/nofp/libstdc++_nano.a(class_type_info.o)
                0x0000000008001db2                __cxxabiv1::__class_type_info::__do_find_public_src(int, void const*, __cxxabiv1::__class_type_info const*, void const*) const
 *fill*         0x0000000008001dbe        0x2 
 .text._ZN10__cxxabiv117__class_type_infoD2Ev
                0x0000000008001dc0       0x14 /home/odin/workspace/c++_projects/embedded/etna/toolchain/bin/../lib/gcc/arm-none-eabi/10.3.1/../../../../arm-none-eabi/lib/thumb/v7e-m/nofp/libstdc++_nano.a(class_type_info.o)
                0x0000000008001dc0                __cxxabiv1::__class_type_info::~__class_type_info()
                0x0000000008001dc0                __cxxabiv1::__class_type_info::~__class_type_info()
 .text._ZN10__cxxabiv117__class_type_infoD0Ev
                0x0000000008001dd4       0x14 /home/odin/workspace/c++_projects/embedded/etna/toolchain/bin/../lib/gcc/arm-none-eabi/10.3.1/../../../../arm-none-eabi/lib/thumb/v7e-m/nofp/libstdc++_nano.a(class_type_info.o)
                0x0000000008001dd4                __cxxabiv1::__class_type_info::~__class_type_info()
 .text._ZNK10__cxxabiv117__class_type_info12__do_dyncastEiNS0_10__sub_kindEPKS0_PKvS3_S5_RNS0_16__dyncast_resultE
                0x0000000008001de8       0x3e /home/odin/workspace/c++_projects/embedded/etna/toolchain/bin/../lib/gcc/arm-none-eabi/10.3.1/../../../../arm-none-eabi/lib/thumb/v7e-m/nofp/libstdc++_nano.a(class_type_info.o)
                0x0000000008001de8                __cxxabiv1::__class_type_info::__do_dyncast(int, __cxxabiv1::__class_type_info::__sub_kind, __cxxabiv1::__class_type_info const*, void const*, __cxxabiv1::__class_type_info const*, void const*, __cxxabiv1::__class_type_info::__dyncast_result&) const
 .text._ZNK10__cxxabiv117__class_type_info11__do_upcastEPKS0_PKvRNS0_15__upcast_resultE
                0x0000000008001e26       0x18 /home/odin/workspace/c++_projects/embedded/etna/toolchain/bin/../lib/gcc/arm-none-eabi/10.3.1/../../../../arm-none-eabi/lib/thumb/v7e-m/nofp/libstdc++_nano.a(class_type_info.o)
                0x0000000008001e26                __cxxabiv1::__class_type_info::__do_upcast(__cxxabiv1::__class_type_info const*, void const*, __cxxabiv1::__class_type_info::__upcast_result&) const
 .text._ZNK10__cxxabiv117__class_type_info10__do_catchEPKSt9type_infoPPvj
                0x0000000008001e3e       0x2a /home/odin/workspace/c++_projects/embedded/etna/toolchain/bin/../lib/gcc/arm-none-eabi/10.3.1/../../../../arm-none-eabi/lib/thumb/v7e-m/nofp/libstdc++_nano.a(class_type_info.o)
                0x0000000008001e3e                __cxxabiv1::__class_type_info::__do_catch(std::type_info const*, void**, unsigned int) const
 .text._ZdlPvj  0x0000000008001e68        0x4 /home/odin/workspace/c++_projects/embedded/etna/toolchain/bin/../lib/gcc/arm-none-eabi/10.3.1/../../../../arm-none-eabi/lib/thumb/v7e-m/nofp/libstdc++_nano.a(del_ops.o)
                0x0000000008001e68                operator delete(void*, unsigned int)
 .text.__cxa_end_cleanup
                0x0000000008001e6c        0xc /home/odin/workspace/c++_projects/embedded/etna/toolchain/bin/../lib/gcc/arm-none-eabi/10.3.1/../../../../arm-none-eabi/lib/thumb/v7e-m/nofp/libstdc++_nano.a(eh_arm.o)
                0x0000000008001e6c                __cxa_end_cleanup
 .text._ZN10__cxxabiv1L24__is_gxx_exception_classEPc
                0x0000000008001e78       0x3a /home/odin/workspace/c++_projects/embedded/etna/toolchain/bin/../lib/gcc/arm-none-eabi/10.3.1/../../../../arm-none-eabi/lib/thumb/v7e-m/nofp/libstdc++_nano.a(eh_arm.o)
 *fill*         0x0000000008001eb2        0x2 
 .text.__cxa_type_match
                0x0000000008001eb4       0xbc /home/odin/workspace/c++_projects/embedded/etna/toolchain/bin/../lib/gcc/arm-none-eabi/10.3.1/../../../../arm-none-eabi/lib/thumb/v7e-m/nofp/libstdc++_nano.a(eh_arm.o)
                0x0000000008001eb4                __cxa_type_match
 .text.__cxa_begin_cleanup
                0x0000000008001f70       0x3a /home/odin/workspace/c++_projects/embedded/etna/toolchain/bin/../lib/gcc/arm-none-eabi/10.3.1/../../../../arm-none-eabi/lib/thumb/v7e-m/nofp/libstdc++_nano.a(eh_arm.o)
                0x0000000008001f70                __cxa_begin_cleanup
 .text.__gnu_end_cleanup
                0x0000000008001faa       0x32 /home/odin/workspace/c++_projects/embedded/etna/toolchain/bin/../lib/gcc/arm-none-eabi/10.3.1/../../../../arm-none-eabi/lib/thumb/v7e-m/nofp/libstdc++_nano.a(eh_arm.o)
                0x0000000008001faa                __gnu_end_cleanup
 .text.__cxa_get_globals
                0x0000000008001fdc        0x8 /home/odin/workspace/c++_projects/embedded/etna/toolchain/bin/../lib/gcc/arm-none-eabi/10.3.1/../../../../arm-none-eabi/lib/thumb/v7e-m/nofp/libstdc++_nano.a(eh_globals.o)
                0x0000000008001fdc                __cxa_get_globals
 .text._ZL12read_uleb128PKhPm
                0x0000000008001fe4       0x1e /home/odin/workspace/c++_projects/embedded/etna/toolchain/bin/../lib/gcc/arm-none-eabi/10.3.1/../../../../arm-none-eabi/lib/thumb/v7e-m/nofp/libstdc++_nano.a(eh_personality.o)
 .text._ZL12read_sleb128PKhPl
                0x0000000008002002       0x30 /home/odin/workspace/c++_projects/embedded/etna/toolchain/bin/../lib/gcc/arm-none-eabi/10.3.1/../../../../arm-none-eabi/lib/thumb/v7e-m/nofp/libstdc++_nano.a(eh_personality.o)
 .text._ZL28read_encoded_value_with_basehjPKhPj
                0x0000000008002032       0x8c /home/odin/workspace/c++_projects/embedded/etna/toolchain/bin/../lib/gcc/arm-none-eabi/10.3.1/../../../../arm-none-eabi/lib/thumb/v7e-m/nofp/libstdc++_nano.a(eh_personality.o)
 .text._ZL21base_of_encoded_valuehP15_Unwind_Context
                0x00000000080020be       0x48 /home/odin/workspace/c++_projects/embedded/etna/toolchain/bin/../lib/gcc/arm-none-eabi/10.3.1/../../../../arm-none-eabi/lib/thumb/v7e-m/nofp/libstdc++_nano.a(eh_personality.o)
 .text._ZL18read_encoded_valueP15_Unwind_ContexthPKhPj
                0x0000000008002106       0x20 /home/odin/workspace/c++_projects/embedded/etna/toolchain/bin/../lib/gcc/arm-none-eabi/10.3.1/../../../../arm-none-eabi/lib/thumb/v7e-m/nofp/libstdc++_nano.a(eh_personality.o)
 .text._ZL17parse_lsda_headerP15_Unwind_ContextPKhP16lsda_header_info
                0x0000000008002126       0x62 /home/odin/workspace/c++_projects/embedded/etna/toolchain/bin/../lib/gcc/arm-none-eabi/10.3.1/../../../../arm-none-eabi/lib/thumb/v7e-m/nofp/libstdc++_nano.a(eh_personality.o)
 .text._Unwind_GetGR
                0x0000000008002188       0x18 /home/odin/workspace/c++_projects/embedded/etna/toolchain/bin/../lib/gcc/arm-none-eabi/10.3.1/../../../../arm-none-eabi/lib/thumb/v7e-m/nofp/libstdc++_nano.a(eh_personality.o)
 .text.__gxx_personality_v0
                0x00000000080021a0      0x338 /home/odin/workspace/c++_projects/embedded/etna/toolchain/bin/../lib/gcc/arm-none-eabi/10.3.1/../../../../arm-none-eabi/lib/thumb/v7e-m/nofp/libstdc++_nano.a(eh_personality.o)
                0x00000000080021a0                __gxx_personality_v0
 .text._ZN10__cxxabiv111__terminateEPFvvE
                0x00000000080024d8        0x8 /home/odin/workspace/c++_projects/embedded/etna/toolchain/bin/../lib/gcc/arm-none-eabi/10.3.1/../../../../arm-none-eabi/lib/thumb/v7e-m/nofp/libstdc++_nano.a(eh_terminate.o)
                0x00000000080024d8                __cxxabiv1::__terminate(void (*)())
 .text._ZSt13get_terminatev
                0x00000000080024e0       0x10 /home/odin/workspace/c++_projects/embedded/etna/toolchain/bin/../lib/gcc/arm-none-eabi/10.3.1/../../../../arm-none-eabi/lib/thumb/v7e-m/nofp/libstdc++_nano.a(eh_terminate.o)
                0x00000000080024e0                std::get_terminate()
 .text._ZSt9terminatev
                0x00000000080024f0        0xa /home/odin/workspace/c++_projects/embedded/etna/toolchain/bin/../lib/gcc/arm-none-eabi/10.3.1/../../../../arm-none-eabi/lib/thumb/v7e-m/nofp/libstdc++_nano.a(eh_terminate.o)
                0x00000000080024f0                std::terminate()
 .text._ZN10__cxxabiv112__unexpectedEPFvvE
                0x00000000080024fa        0x8 /home/odin/workspace/c++_projects/embedded/etna/toolchain/bin/../lib/gcc/arm-none-eabi/10.3.1/../../../../arm-none-eabi/lib/thumb/v7e-m/nofp/libstdc++_nano.a(eh_terminate.o)
                0x00000000080024fa                __cxxabiv1::__unexpected(void (*)())
 *fill*         0x0000000008002502        0x2 
 .text._ZSt14get_unexpectedv
                0x0000000008002504       0x10 /home/odin/workspace/c++_projects/embedded/etna/toolchain/bin/../lib/gcc/arm-none-eabi/10.3.1/../../../../arm-none-eabi/lib/thumb/v7e-m/nofp/libstdc++_nano.a(eh_terminate.o)
                0x0000000008002504                std::get_unexpected()
 .text._ZSt10unexpectedv
                0x0000000008002514        0xa /home/odin/workspace/c++_projects/embedded/etna/toolchain/bin/../lib/gcc/arm-none-eabi/10.3.1/../../../../arm-none-eabi/lib/thumb/v7e-m/nofp/libstdc++_nano.a(eh_terminate.o)
                0x0000000008002514                std::unexpected()
 *fill*         0x000000000800251e        0x2 
 .text._ZN10__cxxabiv120__si_class_type_infoD2Ev
                0x0000000008002520       0x14 /home/odin/workspace/c++_projects/embedded/etna/toolchain/bin/../lib/gcc/arm-none-eabi/10.3.1/../../../../arm-none-eabi/lib/thumb/v7e-m/nofp/libstdc++_nano.a(si_class_type_info.o)
                0x0000000008002520                __cxxabiv1::__si_class_type_info::~__si_class_type_info()
                0x0000000008002520                __cxxabiv1::__si_class_type_info::~__si_class_type_info()
 .text._ZN10__cxxabiv120__si_class_type_infoD0Ev
                0x0000000008002534       0x14 /home/odin/workspace/c++_projects/embedded/etna/toolchain/bin/../lib/gcc/arm-none-eabi/10.3.1/../../../../arm-none-eabi/lib/thumb/v7e-m/nofp/libstdc++_nano.a(si_class_type_info.o)
                0x0000000008002534                __cxxabiv1::__si_class_type_info::~__si_class_type_info()
 .text._ZNK10__cxxabiv120__si_class_type_info20__do_find_public_srcEiPKvPKNS_17__class_type_infoES2_
                0x0000000008002548       0x3c /home/odin/workspace/c++_projects/embedded/etna/toolchain/bin/../lib/gcc/arm-none-eabi/10.3.1/../../../../arm-none-eabi/lib/thumb/v7e-m/nofp/libstdc++_nano.a(si_class_type_info.o)
                0x0000000008002548                __cxxabiv1::__si_class_type_info::__do_find_public_src(int, void const*, __cxxabiv1::__class_type_info const*, void const*) const
 .text._ZNK10__cxxabiv120__si_class_type_info12__do_dyncastEiNS_17__class_type_info10__sub_kindEPKS1_PKvS4_S6_RNS1_16__dyncast_resultE
                0x0000000008002584       0x74 /home/odin/workspace/c++_projects/embedded/etna/toolchain/bin/../lib/gcc/arm-none-eabi/10.3.1/../../../../arm-none-eabi/lib/thumb/v7e-m/nofp/libstdc++_nano.a(si_class_type_info.o)
                0x0000000008002584                __cxxabiv1::__si_class_type_info::__do_dyncast(int, __cxxabiv1::__class_type_info::__sub_kind, __cxxabiv1::__class_type_info const*, void const*, __cxxabiv1::__class_type_info const*, void const*, __cxxabiv1::__class_type_info::__dyncast_result&) const
 .text._ZNK10__cxxabiv120__si_class_type_info11__do_upcastEPKNS_17__class_type_infoEPKvRNS1_15__upcast_resultE
                0x00000000080025f8       0x2a /home/odin/workspace/c++_projects/embedded/etna/toolchain/bin/../lib/gcc/arm-none-eabi/10.3.1/../../../../arm-none-eabi/lib/thumb/v7e-m/nofp/libstdc++_nano.a(si_class_type_info.o)
                0x00000000080025f8                __cxxabiv1::__si_class_type_info::__do_upcast(__cxxabiv1::__class_type_info const*, void const*, __cxxabiv1::__class_type_info::__upcast_result&) const
 .text._ZNSt9type_infoD2Ev
                0x0000000008002622        0x2 /home/odin/workspace/c++_projects/embedded/etna/toolchain/bin/../lib/gcc/arm-none-eabi/10.3.1/../../../../arm-none-eabi/lib/thumb/v7e-m/nofp/libstdc++_nano.a(tinfo.o)
                0x0000000008002622                std::type_info::~type_info()
                0x0000000008002622                std::type_info::~type_info()
 .text._ZNKSt9type_info14__is_pointer_pEv
                0x0000000008002624        0x4 /home/odin/workspace/c++_projects/embedded/etna/toolchain/bin/../lib/gcc/arm-none-eabi/10.3.1/../../../../arm-none-eabi/lib/thumb/v7e-m/nofp/libstdc++_nano.a(tinfo.o)
                0x0000000008002624                std::type_info::__is_function_p() const
                0x0000000008002624                std::type_info::__is_pointer_p() const
 .text._ZNKSt9type_infoeqERKS_
                0x0000000008002628       0x2c /home/odin/workspace/c++_projects/embedded/etna/toolchain/bin/../lib/gcc/arm-none-eabi/10.3.1/../../../../arm-none-eabi/lib/thumb/v7e-m/nofp/libstdc++_nano.a(tinfo.o)
                0x0000000008002628                std::type_info::operator==(std::type_info const&) const
 .text._ZdlPv   0x0000000008002654        0x4 /home/odin/workspace/c++_projects/embedded/etna/toolchain/bin/../lib/gcc/arm-none-eabi/10.3.1/../../../../arm-none-eabi/lib/thumb/v7e-m/nofp/libstdc++_nano.a(del_op.o)
                0x0000000008002654                operator delete(void*)
 .text._ZN10__cxxabiv1L24__is_gxx_exception_classEPc
                0x0000000008002658       0x3a /home/odin/workspace/c++_projects/embedded/etna/toolchain/bin/../lib/gcc/arm-none-eabi/10.3.1/../../../../arm-none-eabi/lib/thumb/v7e-m/nofp/libstdc++_nano.a(eh_call.o)
 .text.__cxa_call_terminate
                0x0000000008002692       0x1e /home/odin/workspace/c++_projects/embedded/etna/toolchain/bin/../lib/gcc/arm-none-eabi/10.3.1/../../../../arm-none-eabi/lib/thumb/v7e-m/nofp/libstdc++_nano.a(eh_call.o)
                0x0000000008002692                __cxa_call_terminate
 .text.__cxa_call_unexpected
                0x00000000080026b0       0x28 /home/odin/workspace/c++_projects/embedded/etna/toolchain/bin/../lib/gcc/arm-none-eabi/10.3.1/../../../../arm-none-eabi/lib/thumb/v7e-m/nofp/libstdc++_nano.a(eh_call.o)
                0x00000000080026b0                __cxa_call_unexpected
 .text._ZN10__cxxabiv1L24__is_gxx_exception_classEPc
                0x00000000080026d8       0x3a /home/odin/workspace/c++_projects/embedded/etna/toolchain/bin/../lib/gcc/arm-none-eabi/10.3.1/../../../../arm-none-eabi/lib/thumb/v7e-m/nofp/libstdc++_nano.a(eh_catch.o)
 .text.__cxa_begin_catch
                0x0000000008002712       0x52 /home/odin/workspace/c++_projects/embedded/etna/toolchain/bin/../lib/gcc/arm-none-eabi/10.3.1/../../../../arm-none-eabi/lib/thumb/v7e-m/nofp/libstdc++_nano.a(eh_catch.o)
                0x0000000008002712                __cxa_begin_catch
 .text.unlikely
                0x0000000008002764        0xc /home/odin/workspace/c++_projects/embedded/etna/toolchain/bin/../lib/gcc/arm-none-eabi/10.3.1/thumb/v7e-m/nofp/libgcc.a(pr-support.o)
                0x0000000008002764                _Unwind_GetDataRelBase
                0x000000000800276a                _Unwind_GetTextRelBase
 .text.abort    0x0000000008002770        0xe /home/odin/workspace/c++_projects/embedded/etna/toolchain/bin/../lib/gcc/arm-none-eabi/10.3.1/../../../../arm-none-eabi/lib/thumb/v7e-m/nofp/libg_nano.a(lib_a-abort.o)
                0x0000000008002770                abort
 *fill*         0x000000000800277e        0x2 
 .text.malloc   0x0000000008002780       0x10 /home/odin/workspace/c++_projects/embedded/etna/toolchain/bin/../lib/gcc/arm-none-eabi/10.3.1/../../../../arm-none-eabi/lib/thumb/v7e-m/nofp/libg_nano.a(lib_a-malloc.o)
                0x0000000008002780                malloc
 .text.free     0x0000000008002790       0x10 /home/odin/workspace/c++_projects/embedded/etna/toolchain/bin/../lib/gcc/arm-none-eabi/10.3.1/../../../../arm-none-eabi/lib/thumb/v7e-m/nofp/libg_nano.a(lib_a-malloc.o)
                0x0000000008002790                free
 .text.memcpy   0x00000000080027a0       0x1c /home/odin/workspace/c++_projects/embedded/etna/toolchain/bin/../lib/gcc/arm-none-eabi/10.3.1/../../../../arm-none-eabi/lib/thumb/v7e-m/nofp/libg_nano.a(lib_a-memcpy-stub.o)
                0x00000000080027a0                memcpy
 .text.memset   0x00000000080027bc       0x10 /home/odin/workspace/c++_projects/embedded/etna/toolchain/bin/../lib/gcc/arm-none-eabi/10.3.1/../../../../arm-none-eabi/lib/thumb/v7e-m/nofp/libg_nano.a(lib_a-memset.o)
                0x00000000080027bc                memset
 .text._free_r  0x00000000080027cc       0x94 /home/odin/workspace/c++_projects/embedded/etna/toolchain/bin/../lib/gcc/arm-none-eabi/10.3.1/../../../../arm-none-eabi/lib/thumb/v7e-m/nofp/libg_nano.a(lib_a-nano-freer.o)
                0x00000000080027cc                _free_r
 .text.sbrk_aligned
                0x0000000008002860       0x40 /home/odin/workspace/c++_projects/embedded/etna/toolchain/bin/../lib/gcc/arm-none-eabi/10.3.1/../../../../arm-none-eabi/lib/thumb/v7e-m/nofp/libg_nano.a(lib_a-nano-mallocr.o)
 .text._malloc_r
                0x00000000080028a0       0xe8 /home/odin/workspace/c++_projects/embedded/etna/toolchain/bin/../lib/gcc/arm-none-eabi/10.3.1/../../../../arm-none-eabi/lib/thumb/v7e-m/nofp/libg_nano.a(lib_a-nano-mallocr.o)
                0x00000000080028a0                _malloc_r
 .text.__cvt    0x0000000008002988       0xc0 /home/odin/workspace/c++_projects/embedded/etna/toolchain/bin/../lib/gcc/arm-none-eabi/10.3.1/../../../../arm-none-eabi/lib/thumb/v7e-m/nofp/libg_nano.a(lib_a-nano-vfprintf_float.o)
                0x0000000008002988                __cvt
 .text.__exponent
                0x0000000008002a48       0x7c /home/odin/workspace/c++_projects/embedded/etna/toolchain/bin/../lib/gcc/arm-none-eabi/10.3.1/../../../../arm-none-eabi/lib/thumb/v7e-m/nofp/libg_nano.a(lib_a-nano-vfprintf_float.o)
                0x0000000008002a48                __exponent
 .text._printf_float
                0x0000000008002ac4      0x454 /home/odin/workspace/c++_projects/embedded/etna/toolchain/bin/../lib/gcc/arm-none-eabi/10.3.1/../../../../arm-none-eabi/lib/thumb/v7e-m/nofp/libg_nano.a(lib_a-nano-vfprintf_float.o)
                0x0000000008002ac4                _printf_float
 .text._printf_common
                0x0000000008002f18       0xda /home/odin/workspace/c++_projects/embedded/etna/toolchain/bin/../lib/gcc/arm-none-eabi/10.3.1/../../../../arm-none-eabi/lib/thumb/v7e-m/nofp/libg_nano.a(lib_a-nano-vfprintf_i.o)
                0x0000000008002f18                _printf_common
 *fill*         0x0000000008002ff2        0x2 
 .text._printf_i
                0x0000000008002ff4      0x24c /home/odin/workspace/c++_projects/embedded/etna/toolchain/bin/../lib/gcc/arm-none-eabi/10.3.1/../../../../arm-none-eabi/lib/thumb/v7e-m/nofp/libg_nano.a(lib_a-nano-vfprintf_i.o)
                0x0000000008002ff4                _printf_i
 .text._scanf_float
                0x0000000008003240      0x418 /home/odin/workspace/c++_projects/embedded/etna/toolchain/bin/../lib/gcc/arm-none-eabi/10.3.1/../../../../arm-none-eabi/lib/thumb/v7e-m/nofp/libg_nano.a(lib_a-nano-vfscanf_float.o)
                0x0000000008003240                _scanf_float
 .text._sbrk_r  0x0000000008003658       0x20 /home/odin/workspace/c++_projects/embedded/etna/toolchain/bin/../lib/gcc/arm-none-eabi/10.3.1/../../../../arm-none-eabi/lib/thumb/v7e-m/nofp/libg_nano.a(lib_a-sbrkr.o)
                0x0000000008003658                _sbrk_r
 .text.nanf     0x0000000008003678        0x8 /home/odin/workspace/c++_projects/embedded/etna/toolchain/bin/../lib/gcc/arm-none-eabi/10.3.1/../../../../arm-none-eabi/lib/thumb/v7e-m/nofp/libg_nano.a(lib_a-sf_nan.o)
                0x0000000008003678                nanf
 .text._raise_r
                0x0000000008003680       0x50 /home/odin/workspace/c++_projects/embedded/etna/toolchain/bin/../lib/gcc/arm-none-eabi/10.3.1/../../../../arm-none-eabi/lib/thumb/v7e-m/nofp/libg_nano.a(lib_a-signal.o)
                0x0000000008003680                _raise_r
 .text.raise    0x00000000080036d0       0x10 /home/odin/workspace/c++_projects/embedded/etna/toolchain/bin/../lib/gcc/arm-none-eabi/10.3.1/../../../../arm-none-eabi/lib/thumb/v7e-m/nofp/libg_nano.a(lib_a-signal.o)
                0x00000000080036d0                raise
 .text._kill_r  0x00000000080036e0       0x24 /home/odin/workspace/c++_projects/embedded/etna/toolchain/bin/../lib/gcc/arm-none-eabi/10.3.1/../../../../arm-none-eabi/lib/thumb/v7e-m/nofp/libg_nano.a(lib_a-signalr.o)
                0x00000000080036e0                _kill_r
 .text._getpid_r
                0x0000000008003704        0x4 /home/odin/workspace/c++_projects/embedded/etna/toolchain/bin/../lib/gcc/arm-none-eabi/10.3.1/../../../../arm-none-eabi/lib/thumb/v7e-m/nofp/libg_nano.a(lib_a-signalr.o)
                0x0000000008003704                _getpid_r
 .text.sprintf  0x0000000008003708       0x40 /home/odin/workspace/c++_projects/embedded/etna/toolchain/bin/../lib/gcc/arm-none-eabi/10.3.1/../../../../arm-none-eabi/lib/thumb/v7e-m/nofp/libg_nano.a(lib_a-sprintf.o)
                0x0000000008003708                sprintf
                0x0000000008003708                siprintf
 .text.sulp     0x0000000008003748       0x42 /home/odin/workspace/c++_projects/embedded/etna/toolchain/bin/../lib/gcc/arm-none-eabi/10.3.1/../../../../arm-none-eabi/lib/thumb/v7e-m/nofp/libg_nano.a(lib_a-strtod.o)
 *fill*         0x000000000800378a        0x6 
 .text._strtod_l
                0x0000000008003790      0xbd0 /home/odin/workspace/c++_projects/embedded/etna/toolchain/bin/../lib/gcc/arm-none-eabi/10.3.1/../../../../arm-none-eabi/lib/thumb/v7e-m/nofp/libg_nano.a(lib_a-strtod.o)
                0x0000000008003790                _strtod_l
 .text._strtod_r
                0x0000000008004360        0xc /home/odin/workspace/c++_projects/embedded/etna/toolchain/bin/../lib/gcc/arm-none-eabi/10.3.1/../../../../arm-none-eabi/lib/thumb/v7e-m/nofp/libg_nano.a(lib_a-strtod.o)
                0x0000000008004360                _strtod_r
 .text._strtol_l.constprop.0
                0x000000000800436c       0xf8 /home/odin/workspace/c++_projects/embedded/etna/toolchain/bin/../lib/gcc/arm-none-eabi/10.3.1/../../../../arm-none-eabi/lib/thumb/v7e-m/nofp/libg_nano.a(lib_a-strtol.o)
 .text._strtol_r
                0x0000000008004464        0x4 /home/odin/workspace/c++_projects/embedded/etna/toolchain/bin/../lib/gcc/arm-none-eabi/10.3.1/../../../../arm-none-eabi/lib/thumb/v7e-m/nofp/libg_nano.a(lib_a-strtol.o)
                0x0000000008004464                _strtol_r
 .text.quorem   0x0000000008004468      0x10e /home/odin/workspace/c++_projects/embedded/etna/toolchain/bin/../lib/gcc/arm-none-eabi/10.3.1/../../../../arm-none-eabi/lib/thumb/v7e-m/nofp/libg_nano.a(lib_a-dtoa.o)
 *fill*         0x0000000008004576        0x2 
 .text._dtoa_r  0x0000000008004578      0xbdc /home/odin/workspace/c++_projects/embedded/etna/toolchain/bin/../lib/gcc/arm-none-eabi/10.3.1/../../../../arm-none-eabi/lib/thumb/v7e-m/nofp/libg_nano.a(lib_a-dtoa.o)
                0x0000000008004578                _dtoa_r
 .text.__errno  0x0000000008005154        0xc /home/odin/workspace/c++_projects/embedded/etna/toolchain/bin/../lib/gcc/arm-none-eabi/10.3.1/../../../../arm-none-eabi/lib/thumb/v7e-m/nofp/libg_nano.a(lib_a-errno.o)
                0x0000000008005154                __errno
 .text.rshift   0x0000000008005160       0xa4 /home/odin/workspace/c++_projects/embedded/etna/toolchain/bin/../lib/gcc/arm-none-eabi/10.3.1/../../../../arm-none-eabi/lib/thumb/v7e-m/nofp/libg_nano.a(lib_a-gdtoa-gethex.o)
 .text.__hexdig_fun
                0x0000000008005204       0x2a /home/odin/workspace/c++_projects/embedded/etna/toolchain/bin/../lib/gcc/arm-none-eabi/10.3.1/../../../../arm-none-eabi/lib/thumb/v7e-m/nofp/libg_nano.a(lib_a-gdtoa-gethex.o)
                0x0000000008005204                __hexdig_fun
 *fill*         0x000000000800522e        0x2 
 .text.__gethex
                0x0000000008005230      0x478 /home/odin/workspace/c++_projects/embedded/etna/toolchain/bin/../lib/gcc/arm-none-eabi/10.3.1/../../../../arm-none-eabi/lib/thumb/v7e-m/nofp/libg_nano.a(lib_a-gdtoa-gethex.o)
                0x0000000008005230                __gethex
 .text.L_shift  0x00000000080056a8       0x24 /home/odin/workspace/c++_projects/embedded/etna/toolchain/bin/../lib/gcc/arm-none-eabi/10.3.1/../../../../arm-none-eabi/lib/thumb/v7e-m/nofp/libg_nano.a(lib_a-gdtoa-hexnan.o)
 .text.__match  0x00000000080056cc       0x28 /home/odin/workspace/c++_projects/embedded/etna/toolchain/bin/../lib/gcc/arm-none-eabi/10.3.1/../../../../arm-none-eabi/lib/thumb/v7e-m/nofp/libg_nano.a(lib_a-gdtoa-hexnan.o)
                0x00000000080056cc                __match
 .text.__hexnan
                0x00000000080056f4      0x138 /home/odin/workspace/c++_projects/embedded/etna/toolchain/bin/../lib/gcc/arm-none-eabi/10.3.1/../../../../arm-none-eabi/lib/thumb/v7e-m/nofp/libg_nano.a(lib_a-gdtoa-hexnan.o)
                0x00000000080056f4                __hexnan
 .text._localeconv_r
                0x000000000800582c        0x8 /home/odin/workspace/c++_projects/embedded/etna/toolchain/bin/../lib/gcc/arm-none-eabi/10.3.1/../../../../arm-none-eabi/lib/thumb/v7e-m/nofp/libg_nano.a(lib_a-localeconv.o)
                0x000000000800582c                _localeconv_r
 .text.__ascii_mbtowc
                0x0000000008005834       0x24 /home/odin/workspace/c++_projects/embedded/etna/toolchain/bin/../lib/gcc/arm-none-eabi/10.3.1/../../../../arm-none-eabi/lib/thumb/v7e-m/nofp/libg_nano.a(lib_a-mbtowc_r.o)
                0x0000000008005834                __ascii_mbtowc
 .text.__malloc_lock
                0x0000000008005858        0xc /home/odin/workspace/c++_projects/embedded/etna/toolchain/bin/../lib/gcc/arm-none-eabi/10.3.1/../../../../arm-none-eabi/lib/thumb/v7e-m/nofp/libg_nano.a(lib_a-mlock.o)
                0x0000000008005858                __malloc_lock
 .text.__malloc_unlock
                0x0000000008005864        0xc /home/odin/workspace/c++_projects/embedded/etna/toolchain/bin/../lib/gcc/arm-none-eabi/10.3.1/../../../../arm-none-eabi/lib/thumb/v7e-m/nofp/libg_nano.a(lib_a-mlock.o)
                0x0000000008005864                __malloc_unlock
 .text._Balloc  0x0000000008005870       0x80 /home/odin/workspace/c++_projects/embedded/etna/toolchain/bin/../lib/gcc/arm-none-eabi/10.3.1/../../../../arm-none-eabi/lib/thumb/v7e-m/nofp/libg_nano.a(lib_a-mprec.o)
                0x0000000008005870                _Balloc
 .text._Bfree   0x00000000080058f0       0x44 /home/odin/workspace/c++_projects/embedded/etna/toolchain/bin/../lib/gcc/arm-none-eabi/10.3.1/../../../../arm-none-eabi/lib/thumb/v7e-m/nofp/libg_nano.a(lib_a-mprec.o)
                0x00000000080058f0                _Bfree
 .text.__multadd
                0x0000000008005934       0x8c /home/odin/workspace/c++_projects/embedded/etna/toolchain/bin/../lib/gcc/arm-none-eabi/10.3.1/../../../../arm-none-eabi/lib/thumb/v7e-m/nofp/libg_nano.a(lib_a-mprec.o)
                0x0000000008005934                __multadd
 .text.__s2b    0x00000000080059c0       0x94 /home/odin/workspace/c++_projects/embedded/etna/toolchain/bin/../lib/gcc/arm-none-eabi/10.3.1/../../../../arm-none-eabi/lib/thumb/v7e-m/nofp/libg_nano.a(lib_a-mprec.o)
                0x00000000080059c0                __s2b
 .text.__hi0bits
                0x0000000008005a54       0x40 /home/odin/workspace/c++_projects/embedded/etna/toolchain/bin/../lib/gcc/arm-none-eabi/10.3.1/../../../../arm-none-eabi/lib/thumb/v7e-m/nofp/libg_nano.a(lib_a-mprec.o)
                0x0000000008005a54                __hi0bits
 .text.__lo0bits
                0x0000000008005a94       0x5a /home/odin/workspace/c++_projects/embedded/etna/toolchain/bin/../lib/gcc/arm-none-eabi/10.3.1/../../../../arm-none-eabi/lib/thumb/v7e-m/nofp/libg_nano.a(lib_a-mprec.o)
                0x0000000008005a94                __lo0bits
 *fill*         0x0000000008005aee        0x2 
 .text.__i2b    0x0000000008005af0       0x2c /home/odin/workspace/c++_projects/embedded/etna/toolchain/bin/../lib/gcc/arm-none-eabi/10.3.1/../../../../arm-none-eabi/lib/thumb/v7e-m/nofp/libg_nano.a(lib_a-mprec.o)
                0x0000000008005af0                __i2b
 .text.__multiply
                0x0000000008005b1c      0x150 /home/odin/workspace/c++_projects/embedded/etna/toolchain/bin/../lib/gcc/arm-none-eabi/10.3.1/../../../../arm-none-eabi/lib/thumb/v7e-m/nofp/libg_nano.a(lib_a-mprec.o)
                0x0000000008005b1c                __multiply
 .text.__pow5mult
                0x0000000008005c6c       0xb4 /home/odin/workspace/c++_projects/embedded/etna/toolchain/bin/../lib/gcc/arm-none-eabi/10.3.1/../../../../arm-none-eabi/lib/thumb/v7e-m/nofp/libg_nano.a(lib_a-mprec.o)
                0x0000000008005c6c                __pow5mult
 .text.__lshift
                0x0000000008005d20       0xe0 /home/odin/workspace/c++_projects/embedded/etna/toolchain/bin/../lib/gcc/arm-none-eabi/10.3.1/../../../../arm-none-eabi/lib/thumb/v7e-m/nofp/libg_nano.a(lib_a-mprec.o)
                0x0000000008005d20                __lshift
 .text.__mcmp   0x0000000008005e00       0x36 /home/odin/workspace/c++_projects/embedded/etna/toolchain/bin/../lib/gcc/arm-none-eabi/10.3.1/../../../../arm-none-eabi/lib/thumb/v7e-m/nofp/libg_nano.a(lib_a-mprec.o)
                0x0000000008005e00                __mcmp
 *fill*         0x0000000008005e36        0x2 
 .text.__mdiff  0x0000000008005e38      0x110 /home/odin/workspace/c++_projects/embedded/etna/toolchain/bin/../lib/gcc/arm-none-eabi/10.3.1/../../../../arm-none-eabi/lib/thumb/v7e-m/nofp/libg_nano.a(lib_a-mprec.o)
                0x0000000008005e38                __mdiff
 .text.__ulp    0x0000000008005f48       0x4c /home/odin/workspace/c++_projects/embedded/etna/toolchain/bin/../lib/gcc/arm-none-eabi/10.3.1/../../../../arm-none-eabi/lib/thumb/v7e-m/nofp/libg_nano.a(lib_a-mprec.o)
                0x0000000008005f48                __ulp
 .text.__b2d    0x0000000008005f94       0xa8 /home/odin/workspace/c++_projects/embedded/etna/toolchain/bin/../lib/gcc/arm-none-eabi/10.3.1/../../../../arm-none-eabi/lib/thumb/v7e-m/nofp/libg_nano.a(lib_a-mprec.o)
                0x0000000008005f94                __b2d
 .text.__d2b    0x000000000800603c       0xb8 /home/odin/workspace/c++_projects/embedded/etna/toolchain/bin/../lib/gcc/arm-none-eabi/10.3.1/../../../../arm-none-eabi/lib/thumb/v7e-m/nofp/libg_nano.a(lib_a-mprec.o)
                0x000000000800603c                __d2b
 .text.__ratio  0x00000000080060f4       0x5c /home/odin/workspace/c++_projects/embedded/etna/toolchain/bin/../lib/gcc/arm-none-eabi/10.3.1/../../../../arm-none-eabi/lib/thumb/v7e-m/nofp/libg_nano.a(lib_a-mprec.o)
                0x00000000080060f4                __ratio
 .text.__copybits
                0x0000000008006150       0x46 /home/odin/workspace/c++_projects/embedded/etna/toolchain/bin/../lib/gcc/arm-none-eabi/10.3.1/../../../../arm-none-eabi/lib/thumb/v7e-m/nofp/libg_nano.a(lib_a-mprec.o)
                0x0000000008006150                __copybits
 .text.__any_on
                0x0000000008006196       0x42 /home/odin/workspace/c++_projects/embedded/etna/toolchain/bin/../lib/gcc/arm-none-eabi/10.3.1/../../../../arm-none-eabi/lib/thumb/v7e-m/nofp/libg_nano.a(lib_a-mprec.o)
                0x0000000008006196                __any_on
 .text._calloc_r
                0x00000000080061d8       0x28 /home/odin/workspace/c++_projects/embedded/etna/toolchain/bin/../lib/gcc/arm-none-eabi/10.3.1/../../../../arm-none-eabi/lib/thumb/v7e-m/nofp/libg_nano.a(lib_a-nano-callocr.o)
                0x00000000080061d8                _calloc_r
 .text.__ssputs_r
                0x0000000008006200       0xb6 /home/odin/workspace/c++_projects/embedded/etna/toolchain/bin/../lib/gcc/arm-none-eabi/10.3.1/../../../../arm-none-eabi/lib/thumb/v7e-m/nofp/libg_nano.a(lib_a-nano-svfprintf.o)
                0x0000000008006200                __ssputs_r
 *fill*         0x00000000080062b6        0x2 
 .text._svfprintf_r
                0x00000000080062b8      0x200 /home/odin/workspace/c++_projects/embedded/etna/toolchain/bin/../lib/gcc/arm-none-eabi/10.3.1/../../../../arm-none-eabi/lib/thumb/v7e-m/nofp/libg_nano.a(lib_a-nano-svfprintf.o)
                0x00000000080062b8                _svfprintf_r
                0x00000000080062b8                _svfiprintf_r
 .text.nan      0x00000000080064b8        0xc /home/odin/workspace/c++_projects/embedded/etna/toolchain/bin/../lib/gcc/arm-none-eabi/10.3.1/../../../../arm-none-eabi/lib/thumb/v7e-m/nofp/libg_nano.a(lib_a-s_nan.o)
                0x00000000080064b8                nan
 .text.strncmp  0x00000000080064c4       0x28 /home/odin/workspace/c++_projects/embedded/etna/toolchain/bin/../lib/gcc/arm-none-eabi/10.3.1/../../../../arm-none-eabi/lib/thumb/v7e-m/nofp/libg_nano.a(lib_a-strncmp.o)
                0x00000000080064c4                strncmp
 .text.__ascii_wctomb
                0x00000000080064ec       0x1a /home/odin/workspace/c++_projects/embedded/etna/toolchain/bin/../lib/gcc/arm-none-eabi/10.3.1/../../../../arm-none-eabi/lib/thumb/v7e-m/nofp/libg_nano.a(lib_a-wctomb_r.o)
                0x00000000080064ec                __ascii_wctomb
 *fill*         0x0000000008006506        0x2 
 .text.__assert_func
                0x0000000008006508       0x3c /home/odin/workspace/c++_projects/embedded/etna/toolchain/bin/../lib/gcc/arm-none-eabi/10.3.1/../../../../arm-none-eabi/lib/thumb/v7e-m/nofp/libg_nano.a(lib_a-assert.o)
                0x0000000008006508                __assert_func
 .text.fprintf  0x0000000008006544       0x24 /home/odin/workspace/c++_projects/embedded/etna/toolchain/bin/../lib/gcc/arm-none-eabi/10.3.1/../../../../arm-none-eabi/lib/thumb/v7e-m/nofp/libg_nano.a(lib_a-fprintf.o)
                0x0000000008006544                fprintf
                0x0000000008006544                fiprintf
 .text.__retarget_lock_init_recursive
                0x0000000008006568        0x2 /home/odin/workspace/c++_projects/embedded/etna/toolchain/bin/../lib/gcc/arm-none-eabi/10.3.1/../../../../arm-none-eabi/lib/thumb/v7e-m/nofp/libg_nano.a(lib_a-lock.o)
                0x0000000008006568                __retarget_lock_init_recursive
 .text.__retarget_lock_acquire_recursive
                0x000000000800656a        0x2 /home/odin/workspace/c++_projects/embedded/etna/toolchain/bin/../lib/gcc/arm-none-eabi/10.3.1/../../../../arm-none-eabi/lib/thumb/v7e-m/nofp/libg_nano.a(lib_a-lock.o)
                0x000000000800656a                __retarget_lock_acquire_recursive
 .text.__retarget_lock_release_recursive
                0x000000000800656c        0x2 /home/odin/workspace/c++_projects/embedded/etna/toolchain/bin/../lib/gcc/arm-none-eabi/10.3.1/../../../../arm-none-eabi/lib/thumb/v7e-m/nofp/libg_nano.a(lib_a-lock.o)
                0x000000000800656c                __retarget_lock_release_recursive
 .text.memmove  0x000000000800656e       0x34 /home/odin/workspace/c++_projects/embedded/etna/toolchain/bin/../lib/gcc/arm-none-eabi/10.3.1/../../../../arm-none-eabi/lib/thumb/v7e-m/nofp/libg_nano.a(lib_a-memmove.o)
                0x000000000800656e                memmove
 .text._realloc_r
                0x00000000080065a2       0x5e /home/odin/workspace/c++_projects/embedded/etna/toolchain/bin/../lib/gcc/arm-none-eabi/10.3.1/../../../../arm-none-eabi/lib/thumb/v7e-m/nofp/libg_nano.a(lib_a-nano-reallocr.o)
                0x00000000080065a2                _realloc_r
 .text.__sfputc_r
                0x0000000008006600       0x2a /home/odin/workspace/c++_projects/embedded/etna/toolchain/bin/../lib/gcc/arm-none-eabi/10.3.1/../../../../arm-none-eabi/lib/thumb/v7e-m/nofp/libg_nano.a(lib_a-nano-vfprintf.o)
 .text.__sfputs_r
                0x000000000800662a       0x24 /home/odin/workspace/c++_projects/embedded/etna/toolchain/bin/../lib/gcc/arm-none-eabi/10.3.1/../../../../arm-none-eabi/lib/thumb/v7e-m/nofp/libg_nano.a(lib_a-nano-vfprintf.o)
                0x000000000800662a                __sfputs_r
 *fill*         0x000000000800664e        0x2 
 .text._vfprintf_r
                0x0000000008006650      0x260 /home/odin/workspace/c++_projects/embedded/etna/toolchain/bin/../lib/gcc/arm-none-eabi/10.3.1/../../../../arm-none-eabi/lib/thumb/v7e-m/nofp/libg_nano.a(lib_a-nano-vfprintf.o)
                0x0000000008006650                _vfiprintf_r
                0x0000000008006650                _vfprintf_r
 .text.__swbuf_r
                0x00000000080068b0       0xa4 /home/odin/workspace/c++_projects/embedded/etna/toolchain/bin/../lib/gcc/arm-none-eabi/10.3.1/../../../../arm-none-eabi/lib/thumb/v7e-m/nofp/libg_nano.a(lib_a-wbuf.o)
                0x00000000080068b0                __swbuf_r
 .text.__swsetup_r
                0x0000000008006954       0xdc /home/odin/workspace/c++_projects/embedded/etna/toolchain/bin/../lib/gcc/arm-none-eabi/10.3.1/../../../../arm-none-eabi/lib/thumb/v7e-m/nofp/libg_nano.a(lib_a-wsetup.o)
                0x0000000008006954                __swsetup_r
 .text.__sflush_r
                0x0000000008006a30      0x104 /home/odin/workspace/c++_projects/embedded/etna/toolchain/bin/../lib/gcc/arm-none-eabi/10.3.1/../../../../arm-none-eabi/lib/thumb/v7e-m/nofp/libg_nano.a(lib_a-fflush.o)
                0x0000000008006a30                __sflush_r
 .text._fflush_r
                0x0000000008006b34       0x78 /home/odin/workspace/c++_projects/embedded/etna/toolchain/bin/../lib/gcc/arm-none-eabi/10.3.1/../../../../arm-none-eabi/lib/thumb/v7e-m/nofp/libg_nano.a(lib_a-fflush.o)
                0x0000000008006b34                _fflush_r
 .text.std      0x0000000008006bac       0x48 /home/odin/workspace/c++_projects/embedded/etna/toolchain/bin/../lib/gcc/arm-none-eabi/10.3.1/../../../../arm-none-eabi/lib/thumb/v7e-m/nofp/libg_nano.a(lib_a-findfp.o)
 .text._cleanup_r
                0x0000000008006bf4        0xc /home/odin/workspace/c++_projects/embedded/etna/toolchain/bin/../lib/gcc/arm-none-eabi/10.3.1/../../../../arm-none-eabi/lib/thumb/v7e-m/nofp/libg_nano.a(lib_a-findfp.o)
                0x0000000008006bf4                _cleanup_r
 .text.__sfmoreglue
                0x0000000008006c00       0x2c /home/odin/workspace/c++_projects/embedded/etna/toolchain/bin/../lib/gcc/arm-none-eabi/10.3.1/../../../../arm-none-eabi/lib/thumb/v7e-m/nofp/libg_nano.a(lib_a-findfp.o)
                0x0000000008006c00                __sfmoreglue
 .text.__sfp_lock_acquire
                0x0000000008006c2c        0xc /home/odin/workspace/c++_projects/embedded/etna/toolchain/bin/../lib/gcc/arm-none-eabi/10.3.1/../../../../arm-none-eabi/lib/thumb/v7e-m/nofp/libg_nano.a(lib_a-findfp.o)
                0x0000000008006c2c                __sfp_lock_acquire
 .text.__sfp_lock_release
                0x0000000008006c38        0xc /home/odin/workspace/c++_projects/embedded/etna/toolchain/bin/../lib/gcc/arm-none-eabi/10.3.1/../../../../arm-none-eabi/lib/thumb/v7e-m/nofp/libg_nano.a(lib_a-findfp.o)
                0x0000000008006c38                __sfp_lock_release
 .text.__sinit_lock_acquire
                0x0000000008006c44        0xc /home/odin/workspace/c++_projects/embedded/etna/toolchain/bin/../lib/gcc/arm-none-eabi/10.3.1/../../../../arm-none-eabi/lib/thumb/v7e-m/nofp/libg_nano.a(lib_a-findfp.o)
                0x0000000008006c44                __sinit_lock_acquire
 .text.__sinit_lock_release
                0x0000000008006c50        0xc /home/odin/workspace/c++_projects/embedded/etna/toolchain/bin/../lib/gcc/arm-none-eabi/10.3.1/../../../../arm-none-eabi/lib/thumb/v7e-m/nofp/libg_nano.a(lib_a-findfp.o)
                0x0000000008006c50                __sinit_lock_release
 .text.__sinit  0x0000000008006c5c       0x70 /home/odin/workspace/c++_projects/embedded/etna/toolchain/bin/../lib/gcc/arm-none-eabi/10.3.1/../../../../arm-none-eabi/lib/thumb/v7e-m/nofp/libg_nano.a(lib_a-findfp.o)
                0x0000000008006c5c                __sinit
 .text.__sfp    0x0000000008006ccc       0x8c /home/odin/workspace/c++_projects/embedded/etna/toolchain/bin/../lib/gcc/arm-none-eabi/10.3.1/../../../../arm-none-eabi/lib/thumb/v7e-m/nofp/libg_nano.a(lib_a-findfp.o)
                0x0000000008006ccc                __sfp
 .text._fwalk_reent
                0x0000000008006d58       0x3e /home/odin/workspace/c++_projects/embedded/etna/toolchain/bin/../lib/gcc/arm-none-eabi/10.3.1/../../../../arm-none-eabi/lib/thumb/v7e-m/nofp/libg_nano.a(lib_a-fwalk.o)
                0x0000000008006d58                _fwalk_reent
 .text.__swhatbuf_r
                0x0000000008006d96       0x4a /home/odin/workspace/c++_projects/embedded/etna/toolchain/bin/../lib/gcc/arm-none-eabi/10.3.1/../../../../arm-none-eabi/lib/thumb/v7e-m/nofp/libg_nano.a(lib_a-makebuf.o)
                0x0000000008006d96                __swhatbuf_r
 .text.__smakebuf_r
                0x0000000008006de0       0x80 /home/odin/workspace/c++_projects/embedded/etna/toolchain/bin/../lib/gcc/arm-none-eabi/10.3.1/../../../../arm-none-eabi/lib/thumb/v7e-m/nofp/libg_nano.a(lib_a-makebuf.o)
                0x0000000008006de0                __smakebuf_r
 .text._malloc_usable_size_r
                0x0000000008006e60       0x10 /home/odin/workspace/c++_projects/embedded/etna/toolchain/bin/../lib/gcc/arm-none-eabi/10.3.1/../../../../arm-none-eabi/lib/thumb/v7e-m/nofp/libg_nano.a(lib_a-nano-msizer.o)
                0x0000000008006e60                _malloc_usable_size_r
 .text.__sread  0x0000000008006e70       0x22 /home/odin/workspace/c++_projects/embedded/etna/toolchain/bin/../lib/gcc/arm-none-eabi/10.3.1/../../../../arm-none-eabi/lib/thumb/v7e-m/nofp/libg_nano.a(lib_a-stdio.o)
                0x0000000008006e70                __sread
 .text.__swrite
                0x0000000008006e92       0x38 /home/odin/workspace/c++_projects/embedded/etna/toolchain/bin/../lib/gcc/arm-none-eabi/10.3.1/../../../../arm-none-eabi/lib/thumb/v7e-m/nofp/libg_nano.a(lib_a-stdio.o)
                0x0000000008006e92                __swrite
 .text.__sseek  0x0000000008006eca       0x24 /home/odin/workspace/c++_projects/embedded/etna/toolchain/bin/../lib/gcc/arm-none-eabi/10.3.1/../../../../arm-none-eabi/lib/thumb/v7e-m/nofp/libg_nano.a(lib_a-stdio.o)
                0x0000000008006eca                __sseek
 .text.__sclose
                0x0000000008006eee        0x8 /home/odin/workspace/c++_projects/embedded/etna/toolchain/bin/../lib/gcc/arm-none-eabi/10.3.1/../../../../arm-none-eabi/lib/thumb/v7e-m/nofp/libg_nano.a(lib_a-stdio.o)
                0x0000000008006eee                __sclose
 *fill*         0x0000000008006ef6        0x2 
 .text._write_r
                0x0000000008006ef8       0x24 /home/odin/workspace/c++_projects/embedded/etna/toolchain/bin/../lib/gcc/arm-none-eabi/10.3.1/../../../../arm-none-eabi/lib/thumb/v7e-m/nofp/libg_nano.a(lib_a-writer.o)
                0x0000000008006ef8                _write_r
 .text._close_r
                0x0000000008006f1c       0x20 /home/odin/workspace/c++_projects/embedded/etna/toolchain/bin/../lib/gcc/arm-none-eabi/10.3.1/../../../../arm-none-eabi/lib/thumb/v7e-m/nofp/libg_nano.a(lib_a-closer.o)
                0x0000000008006f1c                _close_r
 .text._fstat_r
                0x0000000008006f3c       0x24 /home/odin/workspace/c++_projects/embedded/etna/toolchain/bin/../lib/gcc/arm-none-eabi/10.3.1/../../../../arm-none-eabi/lib/thumb/v7e-m/nofp/libg_nano.a(lib_a-fstatr.o)
                0x0000000008006f3c                _fstat_r
 .text._isatty_r
                0x0000000008006f60       0x20 /home/odin/workspace/c++_projects/embedded/etna/toolchain/bin/../lib/gcc/arm-none-eabi/10.3.1/../../../../arm-none-eabi/lib/thumb/v7e-m/nofp/libg_nano.a(lib_a-isattyr.o)
                0x0000000008006f60                _isatty_r
 .text._lseek_r
                0x0000000008006f80       0x24 /home/odin/workspace/c++_projects/embedded/etna/toolchain/bin/../lib/gcc/arm-none-eabi/10.3.1/../../../../arm-none-eabi/lib/thumb/v7e-m/nofp/libg_nano.a(lib_a-lseekr.o)
                0x0000000008006f80                _lseek_r
 .text._read_r  0x0000000008006fa4       0x24 /home/odin/workspace/c++_projects/embedded/etna/toolchain/bin/../lib/gcc/arm-none-eabi/10.3.1/../../../../arm-none-eabi/lib/thumb/v7e-m/nofp/libg_nano.a(lib_a-readr.o)
                0x0000000008006fa4                _read_r
 .text.findslot
                0x0000000008006fc8       0x34 /home/odin/workspace/c++_projects/embedded/etna/toolchain/bin/../lib/gcc/arm-none-eabi/10.3.1/../../../../arm-none-eabi/lib/thumb/v7e-m/nofp/librdimon_nano.a(rdimon-syscalls.o)
 .text.error    0x0000000008006ffc       0x1c /home/odin/workspace/c++_projects/embedded/etna/toolchain/bin/../lib/gcc/arm-none-eabi/10.3.1/../../../../arm-none-eabi/lib/thumb/v7e-m/nofp/librdimon_nano.a(rdimon-syscalls.o)
 .text.checkerror
                0x0000000008007018        0xa /home/odin/workspace/c++_projects/embedded/etna/toolchain/bin/../lib/gcc/arm-none-eabi/10.3.1/../../../../arm-none-eabi/lib/thumb/v7e-m/nofp/librdimon_nano.a(rdimon-syscalls.o)
 .text._swiread
                0x0000000008007022       0x20 /home/odin/workspace/c++_projects/embedded/etna/toolchain/bin/../lib/gcc/arm-none-eabi/10.3.1/../../../../arm-none-eabi/lib/thumb/v7e-m/nofp/librdimon_nano.a(rdimon-syscalls.o)
                0x0000000008007022                _swiread
 .text._read    0x0000000008007042       0x34 /home/odin/workspace/c++_projects/embedded/etna/toolchain/bin/../lib/gcc/arm-none-eabi/10.3.1/../../../../arm-none-eabi/lib/thumb/v7e-m/nofp/librdimon_nano.a(rdimon-syscalls.o)
                0x0000000008007042                _read
 .text._swilseek
                0x0000000008007076       0x78 /home/odin/workspace/c++_projects/embedded/etna/toolchain/bin/../lib/gcc/arm-none-eabi/10.3.1/../../../../arm-none-eabi/lib/thumb/v7e-m/nofp/librdimon_nano.a(rdimon-syscalls.o)
                0x0000000008007076                _swilseek
 .text._lseek   0x00000000080070ee        0x4 /home/odin/workspace/c++_projects/embedded/etna/toolchain/bin/../lib/gcc/arm-none-eabi/10.3.1/../../../../arm-none-eabi/lib/thumb/v7e-m/nofp/librdimon_nano.a(rdimon-syscalls.o)
                0x00000000080070ee                _lseek
 .text._swiwrite
                0x00000000080070f2       0x20 /home/odin/workspace/c++_projects/embedded/etna/toolchain/bin/../lib/gcc/arm-none-eabi/10.3.1/../../../../arm-none-eabi/lib/thumb/v7e-m/nofp/librdimon_nano.a(rdimon-syscalls.o)
                0x00000000080070f2                _swiwrite
 .text._write   0x0000000008007112       0x40 /home/odin/workspace/c++_projects/embedded/etna/toolchain/bin/../lib/gcc/arm-none-eabi/10.3.1/../../../../arm-none-eabi/lib/thumb/v7e-m/nofp/librdimon_nano.a(rdimon-syscalls.o)
                0x0000000008007112                _write
 .text._swiclose
                0x0000000008007152       0x1a /home/odin/workspace/c++_projects/embedded/etna/toolchain/bin/../lib/gcc/arm-none-eabi/10.3.1/../../../../arm-none-eabi/lib/thumb/v7e-m/nofp/librdimon_nano.a(rdimon-syscalls.o)
                0x0000000008007152                _swiclose
 .text._close   0x000000000800716c       0x4c /home/odin/workspace/c++_projects/embedded/etna/toolchain/bin/../lib/gcc/arm-none-eabi/10.3.1/../../../../arm-none-eabi/lib/thumb/v7e-m/nofp/librdimon_nano.a(rdimon-syscalls.o)
                0x000000000800716c                _close
 .text._getpid  0x00000000080071b8        0x4 /home/odin/workspace/c++_projects/embedded/etna/toolchain/bin/../lib/gcc/arm-none-eabi/10.3.1/../../../../arm-none-eabi/lib/thumb/v7e-m/nofp/librdimon_nano.a(rdimon-syscalls.o)
                0x00000000080071b8                _getpid
 .text._sbrk    0x00000000080071bc       0x48 /home/odin/workspace/c++_projects/embedded/etna/toolchain/bin/../lib/gcc/arm-none-eabi/10.3.1/../../../../arm-none-eabi/lib/thumb/v7e-m/nofp/librdimon_nano.a(rdimon-syscalls.o)
                0x00000000080071bc                _sbrk
 .text._swistat
                0x0000000008007204       0x42 /home/odin/workspace/c++_projects/embedded/etna/toolchain/bin/../lib/gcc/arm-none-eabi/10.3.1/../../../../arm-none-eabi/lib/thumb/v7e-m/nofp/librdimon_nano.a(rdimon-syscalls.o)
                0x0000000008007204                _swistat
 .text._fstat   0x0000000008007246       0x1c /home/odin/workspace/c++_projects/embedded/etna/toolchain/bin/../lib/gcc/arm-none-eabi/10.3.1/../../../../arm-none-eabi/lib/thumb/v7e-m/nofp/librdimon_nano.a(rdimon-syscalls.o)
                0x0000000008007246                _fstat
 .text._stat    0x0000000008007262       0x3a /home/odin/workspace/c++_projects/embedded/etna/toolchain/bin/../lib/gcc/arm-none-eabi/10.3.1/../../../../arm-none-eabi/lib/thumb/v7e-m/nofp/librdimon_nano.a(rdimon-syscalls.o)
                0x0000000008007262                _stat
 .text._swiopen
                0x000000000800729c       0xb4 /home/odin/workspace/c++_projects/embedded/etna/toolchain/bin/../lib/gcc/arm-none-eabi/10.3.1/../../../../arm-none-eabi/lib/thumb/v7e-m/nofp/librdimon_nano.a(rdimon-syscalls.o)
                0x000000000800729c                _swiopen
 .text._get_semihosting_exts
                0x0000000008007350       0xb8 /home/odin/workspace/c++_projects/embedded/etna/toolchain/bin/../lib/gcc/arm-none-eabi/10.3.1/../../../../arm-none-eabi/lib/thumb/v7e-m/nofp/librdimon_nano.a(rdimon-syscalls.o)
                0x0000000008007350                _get_semihosting_exts
 .text.initialise_semihosting_exts
                0x0000000008007408       0x34 /home/odin/workspace/c++_projects/embedded/etna/toolchain/bin/../lib/gcc/arm-none-eabi/10.3.1/../../../../arm-none-eabi/lib/thumb/v7e-m/nofp/librdimon_nano.a(rdimon-syscalls.o)
 .text._has_ext_exit_extended
                0x000000000800743c       0x18 /home/odin/workspace/c++_projects/embedded/etna/toolchain/bin/../lib/gcc/arm-none-eabi/10.3.1/../../../../arm-none-eabi/lib/thumb/v7e-m/nofp/librdimon_nano.a(rdimon-syscalls.o)
                0x000000000800743c                _has_ext_exit_extended
 .text._isatty  0x0000000008007454       0x38 /home/odin/workspace/c++_projects/embedded/etna/toolchain/bin/../lib/gcc/arm-none-eabi/10.3.1/../../../../arm-none-eabi/lib/thumb/v7e-m/nofp/librdimon_nano.a(rdimon-syscalls.o)
                0x0000000008007454                _isatty
 .text._exit    0x000000000800748c       0x14 /home/odin/workspace/c++_projects/embedded/etna/toolchain/bin/../lib/gcc/arm-none-eabi/10.3.1/../../../../arm-none-eabi/lib/thumb/v7e-m/nofp/librdimon_nano.a(rdimon-_exit.o)
                0x000000000800748c                _exit
 .text._kill_shared
                0x00000000080074a0       0x26 /home/odin/workspace/c++_projects/embedded/etna/toolchain/bin/../lib/gcc/arm-none-eabi/10.3.1/../../../../arm-none-eabi/lib/thumb/v7e-m/nofp/librdimon_nano.a(rdimon-_kill.o)
                0x00000000080074a0                _kill_shared
 *fill*         0x00000000080074c6        0x2 
 .text._kill    0x00000000080074c8       0x18 /home/odin/workspace/c++_projects/embedded/etna/toolchain/bin/../lib/gcc/arm-none-eabi/10.3.1/../../../../arm-none-eabi/lib/thumb/v7e-m/nofp/librdimon_nano.a(rdimon-_kill.o)
                0x00000000080074c8                _kill
 *(.glue_7)
 .glue_7        0x00000000080074e0        0x0 linker stubs
 *(.glue_7t)
 .glue_7t       0x00000000080074e0        0x0 linker stubs
 *(.eh_frame)
 .eh_frame      0x00000000080074e0        0x0 /home/odin/workspace/c++_projects/embedded/etna/toolchain/bin/../lib/gcc/arm-none-eabi/10.3.1/thumb/v7e-m/nofp/crtbegin.o
 *(.init)
 .init          0x00000000080074e0        0x4 /home/odin/workspace/c++_projects/embedded/etna/toolchain/bin/../lib/gcc/arm-none-eabi/10.3.1/thumb/v7e-m/nofp/crti.o
                0x00000000080074e0                _init
 .init          0x00000000080074e4        0x8 /home/odin/workspace/c++_projects/embedded/etna/toolchain/bin/../lib/gcc/arm-none-eabi/10.3.1/thumb/v7e-m/nofp/crtn.o
 *(.fini)
 .fini          0x00000000080074ec        0x4 /home/odin/workspace/c++_projects/embedded/etna/toolchain/bin/../lib/gcc/arm-none-eabi/10.3.1/thumb/v7e-m/nofp/crti.o
                0x00000000080074ec                _fini
 .fini          0x00000000080074f0        0x8 /home/odin/workspace/c++_projects/embedded/etna/toolchain/bin/../lib/gcc/arm-none-eabi/10.3.1/thumb/v7e-m/nofp/crtn.o
                0x00000000080074f8                . = ALIGN (0x4)
                0x00000000080074f8                _etext = .

.vfp11_veneer   0x00000000080074f8        0x0
 .vfp11_veneer  0x00000000080074f8        0x0 linker stubs

.v4_bx          0x00000000080074f8        0x0
 .v4_bx         0x00000000080074f8        0x0 linker stubs

.iplt           0x00000000080074f8        0x0
 .iplt          0x00000000080074f8        0x0 /home/odin/workspace/c++_projects/embedded/etna/toolchain/bin/../lib/gcc/arm-none-eabi/10.3.1/thumb/v7e-m/nofp/crtbegin.o

.rodata         0x00000000080074f8      0x6a4
                0x00000000080074f8                . = ALIGN (0x4)
 *(.rodata)
 *(.rodata*)
 .rodata._ZTS12LEDComponent
                0x00000000080074f8        0xf CMakeFiles/Etna.dir/source/src/Main.cpp.obj
                0x00000000080074f8                typeinfo name for LEDComponent
 *fill*         0x0000000008007507        0x1 
 .rodata._ZTS12GreenUserLED
                0x0000000008007508        0xf CMakeFiles/Etna.dir/source/src/Main.cpp.obj
                0x0000000008007508                typeinfo name for GreenUserLED
 *fill*         0x0000000008007517        0x1 
 .rodata._ZTI12LEDComponent
                0x0000000008007518        0x8 CMakeFiles/Etna.dir/source/src/Main.cpp.obj
                0x0000000008007518                typeinfo for LEDComponent
 .rodata._ZTI12GreenUserLED
                0x0000000008007520        0xc CMakeFiles/Etna.dir/source/src/Main.cpp.obj
                0x0000000008007520                typeinfo for GreenUserLED
 .rodata._ZTV12LEDComponent
                0x000000000800752c       0x10 CMakeFiles/Etna.dir/source/src/Main.cpp.obj
                0x000000000800752c                vtable for LEDComponent
 .rodata._ZTV12GreenUserLED
                0x000000000800753c       0x10 CMakeFiles/Etna.dir/source/src/Main.cpp.obj
                0x000000000800753c                vtable for GreenUserLED
 .rodata._ZTIN10__cxxabiv117__class_type_infoE
                0x000000000800754c        0xc /home/odin/workspace/c++_projects/embedded/etna/toolchain/bin/../lib/gcc/arm-none-eabi/10.3.1/../../../../arm-none-eabi/lib/thumb/v7e-m/nofp/libstdc++_nano.a(class_type_info.o)
                0x000000000800754c                typeinfo for __cxxabiv1::__class_type_info
 .rodata._ZTSN10__cxxabiv117__class_type_infoE
                0x0000000008007558       0x22 /home/odin/workspace/c++_projects/embedded/etna/toolchain/bin/../lib/gcc/arm-none-eabi/10.3.1/../../../../arm-none-eabi/lib/thumb/v7e-m/nofp/libstdc++_nano.a(class_type_info.o)
                0x0000000008007558                typeinfo name for __cxxabiv1::__class_type_info
 *fill*         0x000000000800757a        0x2 
 .rodata._ZTVN10__cxxabiv117__class_type_infoE
                0x000000000800757c       0x2c /home/odin/workspace/c++_projects/embedded/etna/toolchain/bin/../lib/gcc/arm-none-eabi/10.3.1/../../../../arm-none-eabi/lib/thumb/v7e-m/nofp/libstdc++_nano.a(class_type_info.o)
                0x000000000800757c                vtable for __cxxabiv1::__class_type_info
 .rodata._ZTIN10__cxxabiv115__forced_unwindE
                0x00000000080075a8        0x8 /home/odin/workspace/c++_projects/embedded/etna/toolchain/bin/../lib/gcc/arm-none-eabi/10.3.1/../../../../arm-none-eabi/lib/thumb/v7e-m/nofp/libstdc++_nano.a(eh_exception.o)
                0x00000000080075a8                typeinfo for __cxxabiv1::__forced_unwind
 .rodata._ZTIN10__cxxabiv119__foreign_exceptionE
                0x00000000080075b0        0x8 /home/odin/workspace/c++_projects/embedded/etna/toolchain/bin/../lib/gcc/arm-none-eabi/10.3.1/../../../../arm-none-eabi/lib/thumb/v7e-m/nofp/libstdc++_nano.a(eh_exception.o)
                0x00000000080075b0                typeinfo for __cxxabiv1::__foreign_exception
 .rodata._ZTSN10__cxxabiv115__forced_unwindE
                0x00000000080075b8       0x20 /home/odin/workspace/c++_projects/embedded/etna/toolchain/bin/../lib/gcc/arm-none-eabi/10.3.1/../../../../arm-none-eabi/lib/thumb/v7e-m/nofp/libstdc++_nano.a(eh_exception.o)
                0x00000000080075b8                typeinfo name for __cxxabiv1::__forced_unwind
 .rodata._ZTSN10__cxxabiv119__foreign_exceptionE
                0x00000000080075d8       0x24 /home/odin/workspace/c++_projects/embedded/etna/toolchain/bin/../lib/gcc/arm-none-eabi/10.3.1/../../../../arm-none-eabi/lib/thumb/v7e-m/nofp/libstdc++_nano.a(eh_exception.o)
                0x00000000080075d8                typeinfo name for __cxxabiv1::__foreign_exception
 .rodata._ZTIN10__cxxabiv120__si_class_type_infoE
                0x00000000080075fc        0xc /home/odin/workspace/c++_projects/embedded/etna/toolchain/bin/../lib/gcc/arm-none-eabi/10.3.1/../../../../arm-none-eabi/lib/thumb/v7e-m/nofp/libstdc++_nano.a(si_class_type_info.o)
                0x00000000080075fc                typeinfo for __cxxabiv1::__si_class_type_info
 .rodata._ZTSN10__cxxabiv120__si_class_type_infoE
                0x0000000008007608       0x25 /home/odin/workspace/c++_projects/embedded/etna/toolchain/bin/../lib/gcc/arm-none-eabi/10.3.1/../../../../arm-none-eabi/lib/thumb/v7e-m/nofp/libstdc++_nano.a(si_class_type_info.o)
                0x0000000008007608                typeinfo name for __cxxabiv1::__si_class_type_info
 *fill*         0x000000000800762d        0x3 
 .rodata._ZTVN10__cxxabiv120__si_class_type_infoE
                0x0000000008007630       0x2c /home/odin/workspace/c++_projects/embedded/etna/toolchain/bin/../lib/gcc/arm-none-eabi/10.3.1/../../../../arm-none-eabi/lib/thumb/v7e-m/nofp/libstdc++_nano.a(si_class_type_info.o)
                0x0000000008007630                vtable for __cxxabiv1::__si_class_type_info
 .rodata._ZTISt9type_info
                0x000000000800765c        0x8 /home/odin/workspace/c++_projects/embedded/etna/toolchain/bin/../lib/gcc/arm-none-eabi/10.3.1/../../../../arm-none-eabi/lib/thumb/v7e-m/nofp/libstdc++_nano.a(tinfo.o)
                0x000000000800765c                typeinfo for std::type_info
 .rodata._ZTSSt9type_info
                0x0000000008007664        0xd /home/odin/workspace/c++_projects/embedded/etna/toolchain/bin/../lib/gcc/arm-none-eabi/10.3.1/../../../../arm-none-eabi/lib/thumb/v7e-m/nofp/libstdc++_nano.a(tinfo.o)
                0x0000000008007664                typeinfo name for std::type_info
 *fill*         0x0000000008007671        0x3 
 .rodata._global_impure_ptr
                0x0000000008007674        0x4 /home/odin/workspace/c++_projects/embedded/etna/toolchain/bin/../lib/gcc/arm-none-eabi/10.3.1/../../../../arm-none-eabi/lib/thumb/v7e-m/nofp/libg_nano.a(lib_a-impure.o)
                0x0000000008007674                _global_impure_ptr
 .rodata._printf_float.str1.1
                0x0000000008007678       0x12 /home/odin/workspace/c++_projects/embedded/etna/toolchain/bin/../lib/gcc/arm-none-eabi/10.3.1/../../../../arm-none-eabi/lib/thumb/v7e-m/nofp/libg_nano.a(lib_a-nano-vfprintf_float.o)
 .rodata._printf_i.str1.1
                0x000000000800768a       0x22 /home/odin/workspace/c++_projects/embedded/etna/toolchain/bin/../lib/gcc/arm-none-eabi/10.3.1/../../../../arm-none-eabi/lib/thumb/v7e-m/nofp/libg_nano.a(lib_a-nano-vfprintf_i.o)
 .rodata._scanf_float.str1.1
                0x00000000080076ac        0x5 /home/odin/workspace/c++_projects/embedded/etna/toolchain/bin/../lib/gcc/arm-none-eabi/10.3.1/../../../../arm-none-eabi/lib/thumb/v7e-m/nofp/libg_nano.a(lib_a-nano-vfscanf_float.o)
                                          0x6 (size before relaxing)
 .rodata._strtod_l.str1.1
                0x00000000080076b1        0x5 /home/odin/workspace/c++_projects/embedded/etna/toolchain/bin/../lib/gcc/arm-none-eabi/10.3.1/../../../../arm-none-eabi/lib/thumb/v7e-m/nofp/libg_nano.a(lib_a-strtod.o)
                                          0xd (size before relaxing)
 *fill*         0x00000000080076b1        0x3 
 .rodata.fpi.1  0x00000000080076b4       0x14 /home/odin/workspace/c++_projects/embedded/etna/toolchain/bin/../lib/gcc/arm-none-eabi/10.3.1/../../../../arm-none-eabi/lib/thumb/v7e-m/nofp/libg_nano.a(lib_a-strtod.o)
 .rodata.fpinan.0
                0x00000000080076c8       0x14 /home/odin/workspace/c++_projects/embedded/etna/toolchain/bin/../lib/gcc/arm-none-eabi/10.3.1/../../../../arm-none-eabi/lib/thumb/v7e-m/nofp/libg_nano.a(lib_a-strtod.o)
 *fill*         0x00000000080076dc        0x4 
 .rodata.tinytens
                0x00000000080076e0       0x28 /home/odin/workspace/c++_projects/embedded/etna/toolchain/bin/../lib/gcc/arm-none-eabi/10.3.1/../../../../arm-none-eabi/lib/thumb/v7e-m/nofp/libg_nano.a(lib_a-strtod.o)
 .rodata._ctype_
                0x0000000008007708      0x101 /home/odin/workspace/c++_projects/embedded/etna/toolchain/bin/../lib/gcc/arm-none-eabi/10.3.1/../../../../arm-none-eabi/lib/thumb/v7e-m/nofp/libg_nano.a(lib_a-ctype_.o)
                0x0000000008007708                _ctype_
 .rodata._dtoa_r.str1.1
                0x0000000008007809       0xb3 /home/odin/workspace/c++_projects/embedded/etna/toolchain/bin/../lib/gcc/arm-none-eabi/10.3.1/../../../../arm-none-eabi/lib/thumb/v7e-m/nofp/libg_nano.a(lib_a-dtoa.o)
                                         0xb5 (size before relaxing)
 .rodata.__gethex.str1.1
                0x00000000080078bc       0x86 /home/odin/workspace/c++_projects/embedded/etna/toolchain/bin/../lib/gcc/arm-none-eabi/10.3.1/../../../../arm-none-eabi/lib/thumb/v7e-m/nofp/libg_nano.a(lib_a-gdtoa-gethex.o)
                                         0x97 (size before relaxing)
 .rodata.str1.1
                0x0000000008007942        0x2 /home/odin/workspace/c++_projects/embedded/etna/toolchain/bin/../lib/gcc/arm-none-eabi/10.3.1/../../../../arm-none-eabi/lib/thumb/v7e-m/nofp/libg_nano.a(lib_a-lnumeric.o)
                                          0x3 (size before relaxing)
 .rodata._C_numeric_locale
                0x0000000008007944        0xc /home/odin/workspace/c++_projects/embedded/etna/toolchain/bin/../lib/gcc/arm-none-eabi/10.3.1/../../../../arm-none-eabi/lib/thumb/v7e-m/nofp/libg_nano.a(lib_a-lnumeric.o)
                0x0000000008007944                _C_numeric_locale
 .rodata._setlocale_r.str1.1
                0x0000000008007950        0x8 /home/odin/workspace/c++_projects/embedded/etna/toolchain/bin/../lib/gcc/arm-none-eabi/10.3.1/../../../../arm-none-eabi/lib/thumb/v7e-m/nofp/libg_nano.a(lib_a-locale.o)
                                          0x9 (size before relaxing)
 .rodata.str1.1
                0x0000000008007958        0x2 /home/odin/workspace/c++_projects/embedded/etna/toolchain/bin/../lib/gcc/arm-none-eabi/10.3.1/../../../../arm-none-eabi/lib/thumb/v7e-m/nofp/libg_nano.a(lib_a-locale.o)
 .rodata._Balloc.str1.1
                0x0000000008007958       0x7f /home/odin/workspace/c++_projects/embedded/etna/toolchain/bin/../lib/gcc/arm-none-eabi/10.3.1/../../../../arm-none-eabi/lib/thumb/v7e-m/nofp/libg_nano.a(lib_a-mprec.o)
                                         0x96 (size before relaxing)
 .rodata.__multadd.str1.1
                0x00000000080079d7       0x11 /home/odin/workspace/c++_projects/embedded/etna/toolchain/bin/../lib/gcc/arm-none-eabi/10.3.1/../../../../arm-none-eabi/lib/thumb/v7e-m/nofp/libg_nano.a(lib_a-mprec.o)
 *fill*         0x00000000080079d7        0x1 
 .rodata.__mprec_bigtens
                0x00000000080079d8       0x28 /home/odin/workspace/c++_projects/embedded/etna/toolchain/bin/../lib/gcc/arm-none-eabi/10.3.1/../../../../arm-none-eabi/lib/thumb/v7e-m/nofp/libg_nano.a(lib_a-mprec.o)
                0x00000000080079d8                __mprec_bigtens
 .rodata.__mprec_tens
                0x0000000008007a00       0xc8 /home/odin/workspace/c++_projects/embedded/etna/toolchain/bin/../lib/gcc/arm-none-eabi/10.3.1/../../../../arm-none-eabi/lib/thumb/v7e-m/nofp/libg_nano.a(lib_a-mprec.o)
                0x0000000008007a00                __mprec_tens
 .rodata.p05.0  0x0000000008007ac8        0xc /home/odin/workspace/c++_projects/embedded/etna/toolchain/bin/../lib/gcc/arm-none-eabi/10.3.1/../../../../arm-none-eabi/lib/thumb/v7e-m/nofp/libg_nano.a(lib_a-mprec.o)
 .rodata._svfprintf_r.str1.1
                0x0000000008007ad4       0x11 /home/odin/workspace/c++_projects/embedded/etna/toolchain/bin/../lib/gcc/arm-none-eabi/10.3.1/../../../../arm-none-eabi/lib/thumb/v7e-m/nofp/libg_nano.a(lib_a-nano-svfprintf.o)
 .rodata.__assert_func.str1.1
                0x0000000008007ae5       0x3c /home/odin/workspace/c++_projects/embedded/etna/toolchain/bin/../lib/gcc/arm-none-eabi/10.3.1/../../../../arm-none-eabi/lib/thumb/v7e-m/nofp/libg_nano.a(lib_a-assert.o)
                                         0x3d (size before relaxing)
 .rodata._vfprintf_r.str1.1
                0x0000000008007b21       0x11 /home/odin/workspace/c++_projects/embedded/etna/toolchain/bin/../lib/gcc/arm-none-eabi/10.3.1/../../../../arm-none-eabi/lib/thumb/v7e-m/nofp/libg_nano.a(lib_a-nano-vfprintf.o)
 *fill*         0x0000000008007b21        0x3 
 .rodata.__sf_fake_stderr
                0x0000000008007b24       0x20 /home/odin/workspace/c++_projects/embedded/etna/toolchain/bin/../lib/gcc/arm-none-eabi/10.3.1/../../../../arm-none-eabi/lib/thumb/v7e-m/nofp/libg_nano.a(lib_a-findfp.o)
                0x0000000008007b24                __sf_fake_stderr
 .rodata.__sf_fake_stdin
                0x0000000008007b44       0x20 /home/odin/workspace/c++_projects/embedded/etna/toolchain/bin/../lib/gcc/arm-none-eabi/10.3.1/../../../../arm-none-eabi/lib/thumb/v7e-m/nofp/libg_nano.a(lib_a-findfp.o)
                0x0000000008007b44                __sf_fake_stdin
 .rodata.__sf_fake_stdout
                0x0000000008007b64       0x20 /home/odin/workspace/c++_projects/embedded/etna/toolchain/bin/../lib/gcc/arm-none-eabi/10.3.1/../../../../arm-none-eabi/lib/thumb/v7e-m/nofp/libg_nano.a(lib_a-findfp.o)
                0x0000000008007b64                __sf_fake_stdout
 .rodata._get_semihosting_exts.str1.1
                0x0000000008007b84       0x16 /home/odin/workspace/c++_projects/embedded/etna/toolchain/bin/../lib/gcc/arm-none-eabi/10.3.1/../../../../arm-none-eabi/lib/thumb/v7e-m/nofp/librdimon_nano.a(rdimon-syscalls.o)
                0x0000000008007b9c                . = ALIGN (0x4)
 *fill*         0x0000000008007b9a        0x2 

.ARM.extab      0x0000000008007b9c       0x30
 *(.ARM.extab* .gnu.linkonce.armextab.*)
 .ARM.extab.text._ZN12LEDComponentD2Ev
                0x0000000008007b9c        0x0 CMakeFiles/Etna.dir/source/src/Main.cpp.obj
 .ARM.extab.text._ZN12GreenUserLEDD2Ev
                0x0000000008007b9c        0x0 CMakeFiles/Etna.dir/source/src/Main.cpp.obj
 .ARM.extab.text._ZN12LEDComponentD0Ev
                0x0000000008007b9c        0x0 CMakeFiles/Etna.dir/source/src/Main.cpp.obj
 .ARM.extab.text._ZN12GreenUserLEDD0Ev
                0x0000000008007b9c        0x0 CMakeFiles/Etna.dir/source/src/Main.cpp.obj
 .ARM.extab.text.main
                0x0000000008007b9c       0x18 CMakeFiles/Etna.dir/source/src/Main.cpp.obj
 .ARM.extab     0x0000000008007bb4       0x18 /home/odin/workspace/c++_projects/embedded/etna/toolchain/bin/../lib/gcc/arm-none-eabi/10.3.1/thumb/v7e-m/nofp/libgcc.a(pr-support.o)

.ARM            0x0000000008007bcc       0xd8
                0x0000000008007bcc                __exidx_start = .
 *(.ARM.exidx*)
 .ARM.exidx.text.NMI_Handler
                0x0000000008007c84        0x0 CMakeFiles/Etna.dir/bootloader/Startup.cpp.obj
                                          0x8 (size before relaxing)
 .ARM.exidx.text.HardFault_Handler
                0x0000000008007c84        0x0 CMakeFiles/Etna.dir/bootloader/Startup.cpp.obj
                                          0x8 (size before relaxing)
 .ARM.exidx.text.MemManage_Handler
                0x0000000008007c84        0x0 CMakeFiles/Etna.dir/bootloader/Startup.cpp.obj
                                          0x8 (size before relaxing)
 .ARM.exidx.text.BusFault_Handler
                0x0000000008007c84        0x0 CMakeFiles/Etna.dir/bootloader/Startup.cpp.obj
                                          0x8 (size before relaxing)
 .ARM.exidx.text.UsageFault_Handler
                0x0000000008007c84        0x0 CMakeFiles/Etna.dir/bootloader/Startup.cpp.obj
                                          0x8 (size before relaxing)
 .ARM.exidx.text.SVC_Handler
                0x0000000008007c84        0x0 CMakeFiles/Etna.dir/bootloader/Startup.cpp.obj
                                          0x8 (size before relaxing)
 .ARM.exidx.text.DebugMon_Handler
                0x0000000008007c84        0x0 CMakeFiles/Etna.dir/bootloader/Startup.cpp.obj
                                          0x8 (size before relaxing)
 .ARM.exidx.text.PendSV_Handler
                0x0000000008007c84        0x0 CMakeFiles/Etna.dir/bootloader/Startup.cpp.obj
                                          0x8 (size before relaxing)
 .ARM.exidx.text.SysTick_Handler
                0x0000000008007c84        0x0 CMakeFiles/Etna.dir/bootloader/Startup.cpp.obj
                                          0x8 (size before relaxing)
 .ARM.exidx.text.WWDG_IRQHandler
                0x0000000008007c84        0x0 CMakeFiles/Etna.dir/bootloader/Startup.cpp.obj
                                          0x8 (size before relaxing)
 .ARM.exidx.text.PVD_IRQHandler
                0x0000000008007c84        0x0 CMakeFiles/Etna.dir/bootloader/Startup.cpp.obj
                                          0x8 (size before relaxing)
 .ARM.exidx.text.TAMP_STAMP_IRQHandler
                0x0000000008007c84        0x0 CMakeFiles/Etna.dir/bootloader/Startup.cpp.obj
                                          0x8 (size before relaxing)
 .ARM.exidx.text.RTC_WKUP_IRQHandler
                0x0000000008007c84        0x0 CMakeFiles/Etna.dir/bootloader/Startup.cpp.obj
                                          0x8 (size before relaxing)
 .ARM.exidx.text.FLASH_IRQHandler
                0x0000000008007c84        0x0 CMakeFiles/Etna.dir/bootloader/Startup.cpp.obj
                                          0x8 (size before relaxing)
 .ARM.exidx.text.RCC_IRQHandler
                0x0000000008007c84        0x0 CMakeFiles/Etna.dir/bootloader/Startup.cpp.obj
                                          0x8 (size before relaxing)
 .ARM.exidx.text.EXTI0_IRQHandler
                0x0000000008007c84        0x0 CMakeFiles/Etna.dir/bootloader/Startup.cpp.obj
                                          0x8 (size before relaxing)
 .ARM.exidx.text.EXTI1_IRQHandler
                0x0000000008007c84        0x0 CMakeFiles/Etna.dir/bootloader/Startup.cpp.obj
                                          0x8 (size before relaxing)
 .ARM.exidx.text.EXTI2_IRQHandler
                0x0000000008007c84        0x0 CMakeFiles/Etna.dir/bootloader/Startup.cpp.obj
                                          0x8 (size before relaxing)
 .ARM.exidx.text.EXTI3_IRQHandler
                0x0000000008007c84        0x0 CMakeFiles/Etna.dir/bootloader/Startup.cpp.obj
                                          0x8 (size before relaxing)
 .ARM.exidx.text.EXTI4_IRQHandler
                0x0000000008007c84        0x0 CMakeFiles/Etna.dir/bootloader/Startup.cpp.obj
                                          0x8 (size before relaxing)
 .ARM.exidx.text.ResetHandler
                0x0000000008007c84        0x8 CMakeFiles/Etna.dir/bootloader/Startup.cpp.obj
 .ARM.exidx.text._ZN12LEDComponentD2Ev
                0x0000000008007c8c        0x8 CMakeFiles/Etna.dir/source/src/Main.cpp.obj
 .ARM.exidx.text._ZN12GreenUserLEDD2Ev
                0x0000000008007c94        0x0 CMakeFiles/Etna.dir/source/src/Main.cpp.obj
                                          0x8 (size before relaxing)
 .ARM.exidx.text._ZN12LEDComponentD0Ev
                0x0000000008007c94        0x0 CMakeFiles/Etna.dir/source/src/Main.cpp.obj
                                          0x8 (size before relaxing)
 .ARM.exidx.text._ZN12GreenUserLEDD0Ev
                0x0000000008007c94        0x0 CMakeFiles/Etna.dir/source/src/Main.cpp.obj
                                          0x8 (size before relaxing)
 .ARM.exidx.text._Z10GetAddressm
                0x0000000008007c94        0x0 CMakeFiles/Etna.dir/source/src/Main.cpp.obj
                                          0x8 (size before relaxing)
 .ARM.exidx.text._Z41__static_initialization_and_destruction_0ii
                0x0000000008007c94        0x0 CMakeFiles/Etna.dir/source/src/Main.cpp.obj
                                          0x8 (size before relaxing)
 .ARM.exidx.text.main
                0x0000000008007c94        0x8 CMakeFiles/Etna.dir/source/src/Main.cpp.obj
 .ARM.exidx.text._GLOBAL__sub_I__Z10GetAddressm
                0x0000000008007c9c        0x8 CMakeFiles/Etna.dir/source/src/Main.cpp.obj
 .ARM.exidx.text._ZN12GreenUserLEDC2EPVmS1_S1_
                0x0000000008007ca4        0x0 CMakeFiles/Etna.dir/source/src/components/GreenUserLED.cpp.obj
                                          0x8 (size before relaxing)
 .ARM.exidx.text._ZN12GreenUserLED6EnableEv
                0x0000000008007ca4        0x0 CMakeFiles/Etna.dir/source/src/components/GreenUserLED.cpp.obj
                                          0x8 (size before relaxing)
 .ARM.exidx.text._ZN12GreenUserLED7DisableEv
                0x0000000008007ca4        0x0 CMakeFiles/Etna.dir/source/src/components/GreenUserLED.cpp.obj
                                          0x8 (size before relaxing)
 .ARM.exidx     0x0000000008007bcc       0x80 /home/odin/workspace/c++_projects/embedded/etna/toolchain/bin/../lib/gcc/arm-none-eabi/10.3.1/thumb/v7e-m/nofp/libgcc.a(unwind-arm.o)
                                         0xd8 (size before relaxing)
 .ARM.exidx     0x0000000008007c4c       0x38 /home/odin/workspace/c++_projects/embedded/etna/toolchain/bin/../lib/gcc/arm-none-eabi/10.3.1/thumb/v7e-m/nofp/libgcc.a(pr-support.o)
 .ARM.exidx.text.unlikely
                0x0000000008007ca4        0x0 /home/odin/workspace/c++_projects/embedded/etna/toolchain/bin/../lib/gcc/arm-none-eabi/10.3.1/thumb/v7e-m/nofp/libgcc.a(pr-support.o)
                                         0x10 (size before relaxing)
                0x0000000008007ca4                __exidx_end = .

.rel.dyn        0x0000000008007ca4        0x0
 .rel.iplt      0x0000000008007ca4        0x0 /home/odin/workspace/c++_projects/embedded/etna/toolchain/bin/../lib/gcc/arm-none-eabi/10.3.1/thumb/v7e-m/nofp/crtbegin.o

.preinit_array  0x0000000008007ca4        0x0
                0x0000000008007ca4                PROVIDE (__preinit_array_start = .)
 *(.preinit_array*)
                0x0000000008007ca4                PROVIDE (__preinit_array_end = .)

.init_array     0x0000000008007ca4        0x8
                0x0000000008007ca4                PROVIDE (__init_array_start = .)
 *(SORT_BY_NAME(.init_array.*))
 *(.init_array*)
 .init_array    0x0000000008007ca4        0x4 /home/odin/workspace/c++_projects/embedded/etna/toolchain/bin/../lib/gcc/arm-none-eabi/10.3.1/thumb/v7e-m/nofp/crtbegin.o
 .init_array    0x0000000008007ca8        0x4 CMakeFiles/Etna.dir/source/src/Main.cpp.obj