Archive member included to satisfy reference by file (symbol)

/home/odin/workspace/c++_projects/embedded/etna/toolchain/bin/../lib/gcc/arm-none-eabi/10.3.1/../../../../arm-none-eabi/lib/thumb/v7e-m/nofp/libstdc++_nano.a(class_type_info.o)
                              CMakeFiles/Etna.dir/source/src/Main.cpp.obj (vtable for __cxxabiv1::__class_type_info)
/home/odin/workspace/c++_projects/embedded/etna/toolchain/bin/../lib/gcc/arm-none-eabi/10.3.1/../../../../arm-none-eabi/lib/thumb/v7e-m/nofp/libstdc++_nano.a(del_ops.o)
                              CMakeFiles/Etna.dir/source/src/HAL/GreenUserLED.cpp.obj (operator delete(void*, unsigned int))
/home/odin/workspace/c++_projects/embedded/etna/toolchain/bin/../lib/gcc/arm-none-eabi/10.3.1/../../../../arm-none-eabi/lib/thumb/v7e-m/nofp/libstdc++_nano.a(eh_arm.o)
                              CMakeFiles/Etna.dir/source/src/Main.cpp.obj (__cxa_end_cleanup)
/home/odin/workspace/c++_projects/embedded/etna/toolchain/bin/../lib/gcc/arm-none-eabi/10.3.1/../../../../arm-none-eabi/lib/thumb/v7e-m/nofp/libstdc++_nano.a(eh_exception.o)
                              /home/odin/workspace/c++_projects/embedded/etna/toolchain/bin/../lib/gcc/arm-none-eabi/10.3.1/../../../../arm-none-eabi/lib/thumb/v7e-m/nofp/libstdc++_nano.a(eh_arm.o) (typeinfo for __cxxabiv1::__forced_unwind)
/home/odin/workspace/c++_projects/embedded/etna/toolchain/bin/../lib/gcc/arm-none-eabi/10.3.1/../../../../arm-none-eabi/lib/thumb/v7e-m/nofp/libstdc++_nano.a(eh_globals.o)
                              /home/odin/workspace/c++_projects/embedded/etna/toolchain/bin/../lib/gcc/arm-none-eabi/10.3.1/../../../../arm-none-eabi/lib/thumb/v7e-m/nofp/libstdc++_nano.a(eh_arm.o) (__cxa_get_globals)
/home/odin/workspace/c++_projects/embedded/etna/toolchain/bin/../lib/gcc/arm-none-eabi/10.3.1/../../../../arm-none-eabi/lib/thumb/v7e-m/nofp/libstdc++_nano.a(eh_personality.o)
                              CMakeFiles/Etna.dir/source/src/Main.cpp.obj (__gxx_personality_v0)
/home/odin/workspace/c++_projects/embedded/etna/toolchain/bin/../lib/gcc/arm-none-eabi/10.3.1/../../../../arm-none-eabi/lib/thumb/v7e-m/nofp/libstdc++_nano.a(eh_terminate.o)
                              /home/odin/workspace/c++_projects/embedded/etna/toolchain/bin/../lib/gcc/arm-none-eabi/10.3.1/../../../../arm-none-eabi/lib/thumb/v7e-m/nofp/libstdc++_nano.a(eh_arm.o) (std::terminate())
/home/odin/workspace/c++_projects/embedded/etna/toolchain/bin/../lib/gcc/arm-none-eabi/10.3.1/../../../../arm-none-eabi/lib/thumb/v7e-m/nofp/libstdc++_nano.a(eh_unex_handler.o)
                              /home/odin/workspace/c++_projects/embedded/etna/toolchain/bin/../lib/gcc/arm-none-eabi/10.3.1/../../../../arm-none-eabi/lib/thumb/v7e-m/nofp/libstdc++_nano.a(eh_terminate.o) (__cxxabiv1::__unexpected_handler)
/home/odin/workspace/c++_projects/embedded/etna/toolchain/bin/../lib/gcc/arm-none-eabi/10.3.1/../../../../arm-none-eabi/lib/thumb/v7e-m/nofp/libstdc++_nano.a(pure.o)
                              CMakeFiles/Etna.dir/source/src/Main.cpp.obj (__cxa_pure_virtual)
/home/odin/workspace/c++_projects/embedded/etna/toolchain/bin/../lib/gcc/arm-none-eabi/10.3.1/../../../../arm-none-eabi/lib/thumb/v7e-m/nofp/libstdc++_nano.a(si_class_type_info.o)
                              CMakeFiles/Etna.dir/source/src/HAL/GreenUserLED.cpp.obj (vtable for __cxxabiv1::__si_class_type_info)
/home/odin/workspace/c++_projects/embedded/etna/toolchain/bin/../lib/gcc/arm-none-eabi/10.3.1/../../../../arm-none-eabi/lib/thumb/v7e-m/nofp/libstdc++_nano.a(tinfo.o)
                              /home/odin/workspace/c++_projects/embedded/etna/toolchain/bin/../lib/gcc/arm-none-eabi/10.3.1/../../../../arm-none-eabi/lib/thumb/v7e-m/nofp/libstdc++_nano.a(class_type_info.o) (std::type_info::~type_info())
/home/odin/workspace/c++_projects/embedded/etna/toolchain/bin/../lib/gcc/arm-none-eabi/10.3.1/../../../../arm-none-eabi/lib/thumb/v7e-m/nofp/libstdc++_nano.a(del_op.o)
                              /home/odin/workspace/c++_projects/embedded/etna/toolchain/bin/../lib/gcc/arm-none-eabi/10.3.1/../../../../arm-none-eabi/lib/thumb/v7e-m/nofp/libstdc++_nano.a(del_ops.o) (operator delete(void*))
/home/odin/workspace/c++_projects/embedded/etna/toolchain/bin/../lib/gcc/arm-none-eabi/10.3.1/../../../../arm-none-eabi/lib/thumb/v7e-m/nofp/libstdc++_nano.a(eh_call.o)
                              /home/odin/workspace/c++_projects/embedded/etna/toolchain/bin/../lib/gcc/arm-none-eabi/10.3.1/../../../../arm-none-eabi/lib/thumb/v7e-m/nofp/libstdc++_nano.a(eh_personality.o) (__cxa_call_terminate)
/home/odin/workspace/c++_projects/embedded/etna/toolchain/bin/../lib/gcc/arm-none-eabi/10.3.1/../../../../arm-none-eabi/lib/thumb/v7e-m/nofp/libstdc++_nano.a(eh_catch.o)
                              /home/odin/workspace/c++_projects/embedded/etna/toolchain/bin/../lib/gcc/arm-none-eabi/10.3.1/../../../../arm-none-eabi/lib/thumb/v7e-m/nofp/libstdc++_nano.a(eh_call.o) (__cxa_begin_catch)
[...]
Memory Configuration

Name             Origin             Length             Attributes
RAM              0x0000000020000000 0x0000000000020000 xrw
FLASH            0x0000000008000000 0x0000000000080000 xr
*default*        0x0000000000000000 0xffffffffffffffff

Linker script and memory map

LOAD /home/odin/workspace/c++_projects/embedded/etna/toolchain/bin/../lib/gcc/arm-none-eabi/10.3.1/thumb/v7e-m/nofp/crti.o
LOAD /home/odin/workspace/c++_projects/embedded/etna/toolchain/bin/../lib/gcc/arm-none-eabi/10.3.1/thumb/v7e-m/nofp/crtbegin.o
LOAD /home/odin/workspace/c++_projects/embedded/etna/toolchain/bin/../lib/gcc/arm-none-eabi/10.3.1/../../../../arm-none-eabi/lib/thumb/v7e-m/nofp/rdimon-crt0.o
LOAD CMakeFiles/Etna.dir/startup/Startup.cpp.obj
LOAD CMakeFiles/Etna.dir/source/src/Main.cpp.obj
LOAD CMakeFiles/Etna.dir/source/src/HAL/GreenUserLED.cpp.obj
LOAD /home/odin/workspace/c++_projects/embedded/etna/toolchain/bin/../lib/gcc/arm-none-eabi/10.3.1/../../../../arm-none-eabi/lib/thumb/v7e-m/nofp/libstdc++_nano.a
LOAD /home/odin/workspace/c++_projects/embedded/etna/toolchain/bin/../lib/gcc/arm-none-eabi/10.3.1/../../../../arm-none-eabi/lib/thumb/v7e-m/nofp/libm.a
START GROUP
LOAD /home/odin/workspace/c++_projects/embedded/etna/toolchain/bin/../lib/gcc/arm-none-eabi/10.3.1/thumb/v7e-m/nofp/libgcc.a
LOAD /home/odin/workspace/c++_projects/embedded/etna/toolchain/bin/../lib/gcc/arm-none-eabi/10.3.1/../../../../arm-none-eabi/lib/thumb/v7e-m/nofp/libg_nano.a
LOAD /home/odin/workspace/c++_projects/embedded/etna/toolchain/bin/../lib/gcc/arm-none-eabi/10.3.1/../../../../arm-none-eabi/lib/thumb/v7e-m/nofp/libc_nano.a
END GROUP
START GROUP
LOAD /home/odin/workspace/c++_projects/embedded/etna/toolchain/bin/../lib/gcc/arm-none-eabi/10.3.1/thumb/v7e-m/nofp/libgcc.a
LOAD /home/odin/workspace/c++_projects/embedded/etna/toolchain/bin/../lib/gcc/arm-none-eabi/10.3.1/../../../../arm-none-eabi/lib/thumb/v7e-m/nofp/libc_nano.a
LOAD /home/odin/workspace/c++_projects/embedded/etna/toolchain/bin/../lib/gcc/arm-none-eabi/10.3.1/../../../../arm-none-eabi/lib/thumb/v7e-m/nofp/librdimon_nano.a
END GROUP
START GROUP
LOAD /home/odin/workspace/c++_projects/embedded/etna/toolchain/bin/../lib/gcc/arm-none-eabi/10.3.1/thumb/v7e-m/nofp/libgcc.a
LOAD /home/odin/workspace/c++_projects/embedded/etna/toolchain/bin/../lib/gcc/arm-none-eabi/10.3.1/../../../../arm-none-eabi/lib/thumb/v7e-m/nofp/libc_nano.a
LOAD /home/odin/workspace/c++_projects/embedded/etna/toolchain/bin/../lib/gcc/arm-none-eabi/10.3.1/../../../../arm-none-eabi/lib/thumb/v7e-m/nofp/librdimon_nano.a
END GROUP
LOAD /home/odin/workspace/c++_projects/embedded/etna/toolchain/bin/../lib/gcc/arm-none-eabi/10.3.1/thumb/v7e-m/nofp/crtend.o
LOAD /home/odin/workspace/c++_projects/embedded/etna/toolchain/bin/../lib/gcc/arm-none-eabi/10.3.1/thumb/v7e-m/nofp/crtn.o
                0x0000000020020000                _estack = (ORIGIN (RAM) + LENGTH (RAM))
                0x0000000000000200                _Min_Heap_Size = 0x200
                0x0000000000000400                _Min_Stack_Size = 0x400

.note.gnu.build-id
                0x0000000020000000       0x24
 .note.gnu.build-id
                0x0000000020000000       0x24 linker stubs

.isr_vector     0x0000000008000000       0x6c
                0x0000000008000000                . = ALIGN (0x4)
 *(.isr_vector)
 .isr_vector    0x0000000008000000       0x6c CMakeFiles/Etna.dir/startup/Startup.cpp.obj
                0x0000000008000000                ISRVectorTable
                0x000000000800006c                . = ALIGN (0x4)

.text           0x0000000008000070     0x7468
                0x0000000008000070                . = ALIGN (0x4)
 *(.text)
 .text          0x0000000008000070       0x40 /home/odin/workspace/c++_projects/embedded/etna/toolchain/bin/../lib/gcc/arm-none-eabi/10.3.1/thumb/v7e-m/nofp/crtbegin.o
 .text          0x00000000080000b0      0x9d8 /home/odin/workspace/c++_projects/embedded/etna/toolchain/bin/../lib/gcc/arm-none-eabi/10.3.1/thumb/v7e-m/nofp/libgcc.a(unwind-arm.o)
                0x0000000008000358                _Unwind_GetCFA
                0x000000000800035c                __gnu_Unwind_RaiseException
                0x00000000080003c4                __gnu_Unwind_ForcedUnwind
                0x00000000080003d4                __gnu_Unwind_Resume
                0x0000000008000418                __gnu_Unwind_Resume_or_Rethrow
                0x0000000008000428                _Unwind_Complete
                0x000000000800042c                _Unwind_DeleteException
                0x0000000008000438                _Unwind_VRS_Get
                0x0000000008000484                _Unwind_VRS_Set
                0x00000000080004cc                __gnu_Unwind_Backtrace
                0x00000000080007f8                __aeabi_unwind_cpp_pr0
                0x00000000080007fc                __aeabi_unwind_cpp_pr1
                0x0000000008000800                __aeabi_unwind_cpp_pr2
                0x0000000008000804                _Unwind_VRS_Pop
 .text          0x0000000008000a88      0x1ac /home/odin/workspace/c++_projects/embedded/etna/toolchain/bin/../lib/gcc/arm-none-eabi/10.3.1/thumb/v7e-m/nofp/libgcc.a(libunwind.o)
                0x0000000008000a88                __restore_core_regs
                0x0000000008000a88                restore_core_regs
                0x0000000008000aa0                __gnu_Unwind_Restore_VFP
                0x0000000008000aa8                __gnu_Unwind_Save_VFP
                0x0000000008000ab0                __gnu_Unwind_Restore_VFP_D
                0x0000000008000ab8                __gnu_Unwind_Save_VFP_D
                0x0000000008000ac0                __gnu_Unwind_Restore_VFP_D_16_to_31
                0x0000000008000ac8                __gnu_Unwind_Save_VFP_D_16_to_31
                0x0000000008000ad0                __gnu_Unwind_Restore_WMMXD
                0x0000000008000b14                __gnu_Unwind_Save_WMMXD
                0x0000000008000b58                __gnu_Unwind_Restore_WMMXC
                0x0000000008000b6c                __gnu_Unwind_Save_WMMXC
                0x0000000008000b80                ___Unwind_RaiseException
                0x0000000008000b80                _Unwind_RaiseException
                0x0000000008000ba4                ___Unwind_Resume
                0x0000000008000ba4                _Unwind_Resume
                0x0000000008000bc8                _Unwind_Resume_or_Rethrow
                0x0000000008000bc8                ___Unwind_Resume_or_Rethrow
                0x0000000008000bec                ___Unwind_ForcedUnwind
                0x0000000008000bec                _Unwind_ForcedUnwind
                0x0000000008000c10                _Unwind_Backtrace
                0x0000000008000c10                ___Unwind_Backtrace
 .text          0x0000000008000c34      0x350 /home/odin/workspace/c++_projects/embedded/etna/toolchain/bin/../lib/gcc/arm-none-eabi/10.3.1/thumb/v7e-m/nofp/libgcc.a(pr-support.o)
                0x0000000008000c8c                __gnu_unwind_execute
                0x0000000008000f38                __gnu_unwind_frame
                0x0000000008000f64                _Unwind_GetRegionStart
                0x0000000008000f70                _Unwind_GetLanguageSpecificData
 .text          0x0000000008000f84       0x14 /home/odin/workspace/c++_projects/embedded/etna/toolchain/bin/../lib/gcc/arm-none-eabi/10.3.1/../../../../arm-none-eabi/lib/thumb/v7e-m/nofp/libg_nano.a(lib_a-strcmp.o)
                0x0000000008000f84                strcmp
 .text          0x0000000008000f98       0x10 /home/odin/workspace/c++_projects/embedded/etna/toolchain/bin/../lib/gcc/arm-none-eabi/10.3.1/../../../../arm-none-eabi/lib/thumb/v7e-m/nofp/libg_nano.a(lib_a-strlen.o)
                0x0000000008000f98                strlen
 *fill*         0x0000000008000fa8        0x8 
 .text          0x0000000008000fb0       0xa0 /home/odin/workspace/c++_projects/embedded/etna/toolchain/bin/../lib/gcc/arm-none-eabi/10.3.1/../../../../arm-none-eabi/lib/thumb/v7e-m/nofp/libg_nano.a(lib_a-memchr.o)
                0x0000000008000fb0                memchr
 .text          0x0000000008001050      0x378 /home/odin/workspace/c++_projects/embedded/etna/toolchain/bin/../lib/gcc/arm-none-eabi/10.3.1/thumb/v7e-m/nofp/libgcc.a(_arm_addsubdf3.o)
                0x0000000008001050                __aeabi_drsub
                0x0000000008001058                __aeabi_dsub
                0x0000000008001058                __subdf3
                0x000000000800105c                __adddf3
                0x000000000800105c                __aeabi_dadd
                0x00000000080012d4                __aeabi_ui2d
                0x00000000080012d4                __floatunsidf
                0x00000000080012f4                __floatsidf
                0x00000000080012f4                __aeabi_i2d
                0x0000000008001318                __extendsfdf2
                0x0000000008001318                __aeabi_f2d
                0x000000000800135c                __aeabi_ul2d
                0x000000000800135c                __floatundidf
                0x000000000800136c                __floatdidf
                0x000000000800136c                __aeabi_l2d
 .text          0x00000000080013c8      0x424 /home/odin/workspace/c++_projects/embedded/etna/toolchain/bin/../lib/gcc/arm-none-eabi/10.3.1/thumb/v7e-m/nofp/libgcc.a(_arm_muldivdf3.o)
                0x00000000080013c8                __aeabi_dmul
                0x00000000080013c8                __muldf3
                0x000000000800161c                __aeabi_ddiv
                0x000000000800161c                __divdf3
 .text          0x00000000080017ec      0x110 /home/odin/workspace/c++_projects/embedded/etna/toolchain/bin/../lib/gcc/arm-none-eabi/10.3.1/thumb/v7e-m/nofp/libgcc.a(_arm_cmpdf2.o)
                0x00000000080017ec                __gtdf2
                0x00000000080017ec                __gedf2
                0x00000000080017f4                __ltdf2
                0x00000000080017f4                __ledf2
                0x00000000080017fc                __cmpdf2
                0x00000000080017fc                __eqdf2
                0x00000000080017fc                __nedf2
                0x0000000008001878                __aeabi_cdrcmple
                0x0000000008001888                __aeabi_cdcmple
                0x0000000008001888                __aeabi_cdcmpeq
                0x0000000008001898                __aeabi_dcmpeq
                0x00000000080018ac                __aeabi_dcmplt
                0x00000000080018c0                __aeabi_dcmple
                0x00000000080018d4                __aeabi_dcmpge
                0x00000000080018e8                __aeabi_dcmpgt
 .text          0x00000000080018fc       0x2c /home/odin/workspace/c++_projects/embedded/etna/toolchain/bin/../lib/gcc/arm-none-eabi/10.3.1/thumb/v7e-m/nofp/libgcc.a(_arm_unorddf2.o)
                0x00000000080018fc                __aeabi_dcmpun
                0x00000000080018fc                __unorddf2
 .text          0x0000000008001928       0x50 /home/odin/workspace/c++_projects/embedded/etna/toolchain/bin/../lib/gcc/arm-none-eabi/10.3.1/thumb/v7e-m/nofp/libgcc.a(_arm_fixdfsi.o)
                0x0000000008001928                __fixdfsi
                0x0000000008001928                __aeabi_d2iz
 .text          0x0000000008001978       0x40 /home/odin/workspace/c++_projects/embedded/etna/toolchain/bin/../lib/gcc/arm-none-eabi/10.3.1/thumb/v7e-m/nofp/libgcc.a(_arm_fixunsdfsi.o)
                0x0000000008001978                __fixunsdfsi
                0x0000000008001978                __aeabi_d2uiz
 .text          0x00000000080019b8       0xa0 /home/odin/workspace/c++_projects/embedded/etna/toolchain/bin/../lib/gcc/arm-none-eabi/10.3.1/thumb/v7e-m/nofp/libgcc.a(_arm_truncdfsf2.o)
                0x00000000080019b8                __aeabi_d2f
                0x00000000080019b8                __truncdfsf2
 .text          0x0000000008001a58       0x34 /home/odin/workspace/c++_projects/embedded/etna/toolchain/bin/../lib/gcc/arm-none-eabi/10.3.1/thumb/v7e-m/nofp/libgcc.a(_fixdfdi.o)
                0x0000000008001a58                __aeabi_d2lz
                0x0000000008001a58                __fixdfdi
 .text          0x0000000008001a8c       0x3c /home/odin/workspace/c++_projects/embedded/etna/toolchain/bin/../lib/gcc/arm-none-eabi/10.3.1/thumb/v7e-m/nofp/libgcc.a(_fixunsdfdi.o)
                0x0000000008001a8c                __aeabi_d2ulz
                0x0000000008001a8c                __fixunsdfdi
 *(.text*)
 .text.NMI_Handler
                0x0000000008001ac8        0xc CMakeFiles/Etna.dir/startup/Startup.cpp.obj
                0x0000000008001ac8                NMI_Handler
 .text.HardFault_Handler
                0x0000000008001ad4        0xc CMakeFiles/Etna.dir/startup/Startup.cpp.obj
                0x0000000008001ad4                HardFault_Handler
 .text.MemManage_Handler
                0x0000000008001ae0        0xc CMakeFiles/Etna.dir/startup/Startup.cpp.obj
                0x0000000008001ae0                MemManage_Handler
 .text.BusFault_Handler
                0x0000000008001aec        0xc CMakeFiles/Etna.dir/startup/Startup.cpp.obj
                0x0000000008001aec                BusFault_Handler
 .text.UsageFault_Handler
                0x0000000008001af8        0xc CMakeFiles/Etna.dir/startup/Startup.cpp.obj
                0x0000000008001af8                UsageFault_Handler
 .text.SVC_Handler
                0x0000000008001b04        0xc CMakeFiles/Etna.dir/startup/Startup.cpp.obj
                0x0000000008001b04                SVC_Handler
 .text.DebugMon_Handler
                0x0000000008001b10        0xc CMakeFiles/Etna.dir/startup/Startup.cpp.obj
                0x0000000008001b10                DebugMon_Handler
 .text.PendSV_Handler
                0x0000000008001b1c        0xc CMakeFiles/Etna.dir/startup/Startup.cpp.obj
                0x0000000008001b1c                PendSV_Handler
 .text.SysTick_Handler
                0x0000000008001b28        0xc CMakeFiles/Etna.dir/startup/Startup.cpp.obj
                0x0000000008001b28                SysTick_Handler
 .text.WWDG_IRQHandler
                0x0000000008001b34        0xc CMakeFiles/Etna.dir/startup/Startup.cpp.obj
                0x0000000008001b34                WWDG_IRQHandler
 .text.PVD_IRQHandler
                0x0000000008001b40        0xc CMakeFiles/Etna.dir/startup/Startup.cpp.obj
                0x0000000008001b40                PVD_IRQHandler
 .text.TAMP_STAMP_IRQHandler
                0x0000000008001b4c        0xc CMakeFiles/Etna.dir/startup/Startup.cpp.obj
                0x0000000008001b4c                TAMP_STAMP_IRQHandler
 .text.RTC_WKUP_IRQHandler
                0x0000000008001b58        0xc CMakeFiles/Etna.dir/startup/Startup.cpp.obj
                0x0000000008001b58                RTC_WKUP_IRQHandler
 .text.FLASH_IRQHandler
                0x0000000008001b64        0xc CMakeFiles/Etna.dir/startup/Startup.cpp.obj
                0x0000000008001b64                FLASH_IRQHandler
 .text.RCC_IRQHandler
                0x0000000008001b70        0xc CMakeFiles/Etna.dir/startup/Startup.cpp.obj
                0x0000000008001b70                RCC_IRQHandler
 .text.EXTI0_IRQHandler
                0x0000000008001b7c        0xc CMakeFiles/Etna.dir/startup/Startup.cpp.obj
                0x0000000008001b7c                EXTI0_IRQHandler
 .text.EXTI1_IRQHandler
                0x0000000008001b88        0xc CMakeFiles/Etna.dir/startup/Startup.cpp.obj
                0x0000000008001b88                EXTI1_IRQHandler
 .text.EXTI2_IRQHandler
                0x0000000008001b94        0xc CMakeFiles/Etna.dir/startup/Startup.cpp.obj
                0x0000000008001b94                EXTI2_IRQHandler
 .text.EXTI3_IRQHandler
                0x0000000008001ba0        0xc CMakeFiles/Etna.dir/startup/Startup.cpp.obj
                0x0000000008001ba0                EXTI3_IRQHandler
 .text.EXTI4_IRQHandler
                0x0000000008001bac        0xc CMakeFiles/Etna.dir/startup/Startup.cpp.obj
                0x0000000008001bac                EXTI4_IRQHandler
 .text.ResetHandler
                0x0000000008001bb8       0x5c CMakeFiles/Etna.dir/startup/Startup.cpp.obj
                0x0000000008001bb8                ResetHandler
 .text._Z10GetAddressm
                0x0000000008001c14        0x2 CMakeFiles/Etna.dir/source/src/Main.cpp.obj
                0x0000000008001c14                GetAddress(unsigned long)
 *fill*         0x0000000008001c16        0x2 
 .text._Z41__static_initialization_and_destruction_0ii
                0x0000000008001c18       0x4c CMakeFiles/Etna.dir/source/src/Main.cpp.obj
 .text.main     0x0000000008001c64       0x6c CMakeFiles/Etna.dir/source/src/Main.cpp.obj
                0x0000000008001c64                main
 .text._GLOBAL__sub_I__Z10GetAddressm
                0x0000000008001cd0        0xe CMakeFiles/Etna.dir/source/src/Main.cpp.obj
 .text._ZN3HAL12GreenUserLED9EnableLEDERm
                0x0000000008001cde        0xc CMakeFiles/Etna.dir/source/src/HAL/GreenUserLED.cpp.obj
                0x0000000008001cde                HAL::GreenUserLED::EnableLED(unsigned long&)
 .text._ZN3HAL12GreenUserLED10DisableLEDERm
                0x0000000008001cea        0xe CMakeFiles/Etna.dir/source/src/HAL/GreenUserLED.cpp.obj
                0x0000000008001cea                HAL::GreenUserLED::DisableLED(unsigned long&)
 .text._ZN3HAL12GreenUserLEDD2Ev
                0x0000000008001cf8       0x14 CMakeFiles/Etna.dir/source/src/HAL/GreenUserLED.cpp.obj
                0x0000000008001cf8                HAL::GreenUserLED::~GreenUserLED()
                0x0000000008001cf8                HAL::GreenUserLED::~GreenUserLED()
 .text._ZN3HAL12GreenUserLEDD0Ev
                0x0000000008001d0c       0x20 CMakeFiles/Etna.dir/source/src/HAL/GreenUserLED.cpp.obj
                0x0000000008001d0c                HAL::GreenUserLED::~GreenUserLED()
 .text._ZN3HAL12GreenUserLEDC2EPVmS2_S2_
                0x0000000008001d2c       0x30 CMakeFiles/Etna.dir/source/src/HAL/GreenUserLED.cpp.obj
                0x0000000008001d2c                HAL::GreenUserLED::GreenUserLED(unsigned long volatile*, unsigned long volatile*, unsigned long volatile*)
                0x0000000008001d2c                HAL::GreenUserLED::GreenUserLED(unsigned long volatile*, unsigned long volatile*, unsigned long volatile*)
 .text._ZNK10__cxxabiv117__class_type_info11__do_upcastEPKS0_PPv
                0x0000000008001d5c       0x32 /home/odin/workspace/c++_projects/embedded/etna/toolchain/bin/../lib/gcc/arm-none-eabi/10.3.1/../../../../arm-none-eabi/lib/thumb/v7e-m/nofp/libstdc++_nano.a(class_type_info.o)
                0x0000000008001d5c                __cxxabiv1::__class_type_info::__do_upcast(__cxxabiv1::__class_type_info const*, void**) const
 .text._ZNK10__cxxabiv117__class_type_info20__do_find_public_srcEiPKvPKS0_S2_
                0x0000000008001d8e        0xc /home/odin/workspace/c++_projects/embedded/etna/toolchain/bin/../lib/gcc/arm-none-eabi/10.3.1/../../../../arm-none-eabi/lib/thumb/v7e-m/nofp/libstdc++_nano.a(class_type_info.o)
                0x0000000008001d8e                __cxxabiv1::__class_type_info::__do_find_public_src(int, void const*, __cxxabiv1::__class_type_info const*, void const*) const
 *fill*         0x0000000008001d9a        0x2 
 .text._ZN10__cxxabiv117__class_type_infoD2Ev
                0x0000000008001d9c       0x14 /home/odin/workspace/c++_projects/embedded/etna/toolchain/bin/../lib/gcc/arm-none-eabi/10.3.1/../../../../arm-none-eabi/lib/thumb/v7e-m/nofp/libstdc++_nano.a(class_type_info.o)
                0x0000000008001d9c                __cxxabiv1::__class_type_info::~__class_type_info()
                0x0000000008001d9c                __cxxabiv1::__class_type_info::~__class_type_info()
 .text._ZN10__cxxabiv117__class_type_infoD0Ev
                0x0000000008001db0       0x14 /home/odin/workspace/c++_projects/embedded/etna/toolchain/bin/../lib/gcc/arm-none-eabi/10.3.1/../../../../arm-none-eabi/lib/thumb/v7e-m/nofp/libstdc++_nano.a(class_type_info.o)
                0x0000000008001db0                __cxxabiv1::__class_type_info::~__class_type_info()
 .text._ZNK10__cxxabiv117__class_type_info12__do_dyncastEiNS0_10__sub_kindEPKS0_PKvS3_S5_RNS0_16__dyncast_resultE
                0x0000000008001dc4       0x3e /home/odin/workspace/c++_projects/embedded/etna/toolchain/bin/../lib/gcc/arm-none-eabi/10.3.1/../../../../arm-none-eabi/lib/thumb/v7e-m/nofp/libstdc++_nano.a(class_type_info.o)
                0x0000000008001dc4                __cxxabiv1::__class_type_info::__do_dyncast(int, __cxxabiv1::__class_type_info::__sub_kind, __cxxabiv1::__class_type_info const*, void const*, __cxxabiv1::__class_type_info const*, void const*, __cxxabiv1::__class_type_info::__dyncast_result&) const
 .text._ZNK10__cxxabiv117__class_type_info11__do_upcastEPKS0_PKvRNS0_15__upcast_resultE
                0x0000000008001e02       0x18 /home/odin/workspace/c++_projects/embedded/etna/toolchain/bin/../lib/gcc/arm-none-eabi/10.3.1/../../../../arm-none-eabi/lib/thumb/v7e-m/nofp/libstdc++_nano.a(class_type_info.o)
                0x0000000008001e02                __cxxabiv1::__class_type_info::__do_upcast(__cxxabiv1::__class_type_info const*, void const*, __cxxabiv1::__class_type_info::__upcast_result&) const
 .text._ZNK10__cxxabiv117__class_type_info10__do_catchEPKSt9type_infoPPvj
                0x0000000008001e1a       0x2a /home/odin/workspace/c++_projects/embedded/etna/toolchain/bin/../lib/gcc/arm-none-eabi/10.3.1/../../../../arm-none-eabi/lib/thumb/v7e-m/nofp/libstdc++_nano.a(class_type_info.o)
                0x0000000008001e1a                __cxxabiv1::__class_type_info::__do_catch(std::type_info const*, void**, unsigned int) const
 .text._ZdlPvj  0x0000000008001e44        0x4 /home/odin/workspace/c++_projects/embedded/etna/toolchain/bin/../lib/gcc/arm-none-eabi/10.3.1/../../../../arm-none-eabi/lib/thumb/v7e-m/nofp/libstdc++_nano.a(del_ops.o)
                0x0000000008001e44                operator delete(void*, unsigned int)
 .text.__cxa_end_cleanup
                0x0000000008001e48        0xc /home/odin/workspace/c++_projects/embedded/etna/toolchain/bin/../lib/gcc/arm-none-eabi/10.3.1/../../../../arm-none-eabi/lib/thumb/v7e-m/nofp/libstdc++_nano.a(eh_arm.o)
                0x0000000008001e48                __cxa_end_cleanup
 .text._ZN10__cxxabiv1L24__is_gxx_exception_classEPc
                0x0000000008001e54       0x3a /home/odin/workspace/c++_projects/embedded/etna/toolchain/bin/../lib/gcc/arm-none-eabi/10.3.1/../../../../arm-none-eabi/lib/thumb/v7e-m/nofp/libstdc++_nano.a(eh_arm.o)
 *fill*         0x0000000008001e8e        0x2 
 .text.__cxa_type_match
                0x0000000008001e90       0xbc /home/odin/workspace/c++_projects/embedded/etna/toolchain/bin/../lib/gcc/arm-none-eabi/10.3.1/../../../../arm-none-eabi/lib/thumb/v7e-m/nofp/libstdc++_nano.a(eh_arm.o)
                0x0000000008001e90                __cxa_type_match
 .text.__cxa_begin_cleanup
                0x0000000008001f4c       0x3a /home/odin/workspace/c++_projects/embedded/etna/toolchain/bin/../lib/gcc/arm-none-eabi/10.3.1/../../../../arm-none-eabi/lib/thumb/v7e-m/nofp/libstdc++_nano.a(eh_arm.o)
                0x0000000008001f4c                __cxa_begin_cleanup
 .text.__gnu_end_cleanup
                0x0000000008001f86       0x32 /home/odin/workspace/c++_projects/embedded/etna/toolchain/bin/../lib/gcc/arm-none-eabi/10.3.1/../../../../arm-none-eabi/lib/thumb/v7e-m/nofp/libstdc++_nano.a(eh_arm.o)
                0x0000000008001f86                __gnu_end_cleanup
 .text.__cxa_get_globals
                0x0000000008001fb8        0x8 /home/odin/workspace/c++_projects/embedded/etna/toolchain/bin/../lib/gcc/arm-none-eabi/10.3.1/../../../../arm-none-eabi/lib/thumb/v7e-m/nofp/libstdc++_nano.a(eh_globals.o)
                0x0000000008001fb8                __cxa_get_globals
 .text._ZL12read_uleb128PKhPm
                0x0000000008001fc0       0x1e /home/odin/workspace/c++_projects/embedded/etna/toolchain/bin/../lib/gcc/arm-none-eabi/10.3.1/../../../../arm-none-eabi/lib/thumb/v7e-m/nofp/libstdc++_nano.a(eh_personality.o)
 .text._ZL12read_sleb128PKhPl
                0x0000000008001fde       0x30 /home/odin/workspace/c++_projects/embedded/etna/toolchain/bin/../lib/gcc/arm-none-eabi/10.3.1/../../../../arm-none-eabi/lib/thumb/v7e-m/nofp/libstdc++_nano.a(eh_personality.o)
 .text._ZL28read_encoded_value_with_basehjPKhPj
                0x000000000800200e       0x8c /home/odin/workspace/c++_projects/embedded/etna/toolchain/bin/../lib/gcc/arm-none-eabi/10.3.1/../../../../arm-none-eabi/lib/thumb/v7e-m/nofp/libstdc++_nano.a(eh_personality.o)
 .text._ZL21base_of_encoded_valuehP15_Unwind_Context
                0x000000000800209a       0x48 /home/odin/workspace/c++_projects/embedded/etna/toolchain/bin/../lib/gcc/arm-none-eabi/10.3.1/../../../../arm-none-eabi/lib/thumb/v7e-m/nofp/libstdc++_nano.a(eh_personality.o)
 .text._ZL18read_encoded_valueP15_Unwind_ContexthPKhPj
                0x00000000080020e2       0x20 /home/odin/workspace/c++_projects/embedded/etna/toolchain/bin/../lib/gcc/arm-none-eabi/10.3.1/../../../../arm-none-eabi/lib/thumb/v7e-m/nofp/libstdc++_nano.a(eh_personality.o)
 .text._ZL17parse_lsda_headerP15_Unwind_ContextPKhP16lsda_header_info
                0x0000000008002102       0x62 /home/odin/workspace/c++_projects/embedded/etna/toolchain/bin/../lib/gcc/arm-none-eabi/10.3.1/../../../../arm-none-eabi/lib/thumb/v7e-m/nofp/libstdc++_nano.a(eh_personality.o)
 .text._Unwind_GetGR
                0x0000000008002164       0x18 /home/odin/workspace/c++_projects/embedded/etna/toolchain/bin/../lib/gcc/arm-none-eabi/10.3.1/../../../../arm-none-eabi/lib/thumb/v7e-m/nofp/libstdc++_nano.a(eh_personality.o)
 .text.__gxx_personality_v0
                0x000000000800217c      0x338 /home/odin/workspace/c++_projects/embedded/etna/toolchain/bin/../lib/gcc/arm-none-eabi/10.3.1/../../../../arm-none-eabi/lib/thumb/v7e-m/nofp/libstdc++_nano.a(eh_personality.o)
                0x000000000800217c                __gxx_personality_v0
 .text._ZN10__cxxabiv111__terminateEPFvvE
                0x00000000080024b4        0x8 /home/odin/workspace/c++_projects/embedded/etna/toolchain/bin/../lib/gcc/arm-none-eabi/10.3.1/../../../../arm-none-eabi/lib/thumb/v7e-m/nofp/libstdc++_nano.a(eh_terminate.o)
                0x00000000080024b4                __cxxabiv1::__terminate(void (*)())
 .text._ZSt13get_terminatev
                0x00000000080024bc       0x10 /home/odin/workspace/c++_projects/embedded/etna/toolchain/bin/../lib/gcc/arm-none-eabi/10.3.1/../../../../arm-none-eabi/lib/thumb/v7e-m/nofp/libstdc++_nano.a(eh_terminate.o)
                0x00000000080024bc                std::get_terminate()
 .text._ZSt9terminatev
                0x00000000080024cc        0xa /home/odin/workspace/c++_projects/embedded/etna/toolchain/bin/../lib/gcc/arm-none-eabi/10.3.1/../../../../arm-none-eabi/lib/thumb/v7e-m/nofp/libstdc++_nano.a(eh_terminate.o)
                0x00000000080024cc                std::terminate()
 .text._ZN10__cxxabiv112__unexpectedEPFvvE
                0x00000000080024d6        0x8 /home/odin/workspace/c++_projects/embedded/etna/toolchain/bin/../lib/gcc/arm-none-eabi/10.3.1/../../../../arm-none-eabi/lib/thumb/v7e-m/nofp/libstdc++_nano.a(eh_terminate.o)
                0x00000000080024d6                __cxxabiv1::__unexpected(void (*)())
 *fill*         0x00000000080024de        0x2 
 .text._ZSt14get_unexpectedv
                0x00000000080024e0       0x10 /home/odin/workspace/c++_projects/embedded/etna/toolchain/bin/../lib/gcc/arm-none-eabi/10.3.1/../../../../arm-none-eabi/lib/thumb/v7e-m/nofp/libstdc++_nano.a(eh_terminate.o)
                0x00000000080024e0                std::get_unexpected()
 .text._ZSt10unexpectedv
                0x00000000080024f0        0xa /home/odin/workspace/c++_projects/embedded/etna/toolchain/bin/../lib/gcc/arm-none-eabi/10.3.1/../../../../arm-none-eabi/lib/thumb/v7e-m/nofp/libstdc++_nano.a(eh_terminate.o)
                0x00000000080024f0                std::unexpected()
 .text.__cxa_pure_virtual
                0x00000000080024fa        0x6 /home/odin/workspace/c++_projects/embedded/etna/toolchain/bin/../lib/gcc/arm-none-eabi/10.3.1/../../../../arm-none-eabi/lib/thumb/v7e-m/nofp/libstdc++_nano.a(pure.o)
                0x00000000080024fa                __cxa_pure_virtual
 .text._ZN10__cxxabiv120__si_class_type_infoD2Ev
                0x0000000008002500       0x14 /home/odin/workspace/c++_projects/embedded/etna/toolchain/bin/../lib/gcc/arm-none-eabi/10.3.1/../../../../arm-none-eabi/lib/thumb/v7e-m/nofp/libstdc++_nano.a(si_class_type_info.o)
                0x0000000008002500                __cxxabiv1::__si_class_type_info::~__si_class_type_info()
                0x0000000008002500                __cxxabiv1::__si_class_type_info::~__si_class_type_info()
 .text._ZN10__cxxabiv120__si_class_type_infoD0Ev
                0x0000000008002514       0x14 /home/odin/workspace/c++_projects/embedded/etna/toolchain/bin/../lib/gcc/arm-none-eabi/10.3.1/../../../../arm-none-eabi/lib/thumb/v7e-m/nofp/libstdc++_nano.a(si_class_type_info.o)
                0x0000000008002514                __cxxabiv1::__si_class_type_info::~__si_class_type_info()
 .text._ZNK10__cxxabiv120__si_class_type_info20__do_find_public_srcEiPKvPKNS_17__class_type_infoES2_
                0x0000000008002528       0x3c /home/odin/workspace/c++_projects/embedded/etna/toolchain/bin/../lib/gcc/arm-none-eabi/10.3.1/../../../../arm-none-eabi/lib/thumb/v7e-m/nofp/libstdc++_nano.a(si_class_type_info.o)
                0x0000000008002528                __cxxabiv1::__si_class_type_info::__do_find_public_src(int, void const*, __cxxabiv1::__class_type_info const*, void const*) const
 .text._ZNK10__cxxabiv120__si_class_type_info12__do_dyncastEiNS_17__class_type_info10__sub_kindEPKS1_PKvS4_S6_RNS1_16__dyncast_resultE
                0x0000000008002564       0x74 /home/odin/workspace/c++_projects/embedded/etna/toolchain/bin/../lib/gcc/arm-none-eabi/10.3.1/../../../../arm-none-eabi/lib/thumb/v7e-m/nofp/libstdc++_nano.a(si_class_type_info.o)
                0x0000000008002564                __cxxabiv1::__si_class_type_info::__do_dyncast(int, __cxxabiv1::__class_type_info::__sub_kind, __cxxabiv1::__class_type_info const*, void const*, __cxxabiv1::__class_type_info const*, void const*, __cxxabiv1::__class_type_info::__dyncast_result&) const
 .text._ZNK10__cxxabiv120__si_class_type_info11__do_upcastEPKNS_17__class_type_infoEPKvRNS1_15__upcast_resultE
                0x00000000080025d8       0x2a /home/odin/workspace/c++_projects/embedded/etna/toolchain/bin/../lib/gcc/arm-none-eabi/10.3.1/../../../../arm-none-eabi/lib/thumb/v7e-m/nofp/libstdc++_nano.a(si_class_type_info.o)
                0x00000000080025d8                __cxxabiv1::__si_class_type_info::__do_upcast(__cxxabiv1::__class_type_info const*, void const*, __cxxabiv1::__class_type_info::__upcast_result&) const
 .text._ZNSt9type_infoD2Ev
                0x0000000008002602        0x2 /home/odin/workspace/c++_projects/embedded/etna/toolchain/bin/../lib/gcc/arm-none-eabi/10.3.1/../../../../arm-none-eabi/lib/thumb/v7e-m/nofp/libstdc++_nano.a(tinfo.o)
                0x0000000008002602                std::type_info::~type_info()
                0x0000000008002602                std::type_info::~type_info()
 .text._ZNKSt9type_info14__is_pointer_pEv
                0x0000000008002604        0x4 /home/odin/workspace/c++_projects/embedded/etna/toolchain/bin/../lib/gcc/arm-none-eabi/10.3.1/../../../../arm-none-eabi/lib/thumb/v7e-m/nofp/libstdc++_nano.a(tinfo.o)
                0x0000000008002604                std::type_info::__is_function_p() const
                0x0000000008002604                std::type_info::__is_pointer_p() const
 .text._ZNKSt9type_infoeqERKS_
                0x0000000008002608       0x2c /home/odin/workspace/c++_projects/embedded/etna/toolchain/bin/../lib/gcc/arm-none-eabi/10.3.1/../../../../arm-none-eabi/lib/thumb/v7e-m/nofp/libstdc++_nano.a(tinfo.o)
                0x0000000008002608                std::type_info::operator==(std::type_info const&) const
 .text._ZdlPv   0x0000000008002634        0x4 /home/odin/workspace/c++_projects/embedded/etna/toolchain/bin/../lib/gcc/arm-none-eabi/10.3.1/../../../../arm-none-eabi/lib/thumb/v7e-m/nofp/libstdc++_nano.a(del_op.o)
                0x0000000008002634                operator delete(void*)
 .text._ZN10__cxxabiv1L24__is_gxx_exception_classEPc
                0x0000000008002638       0x3a /home/odin/workspace/c++_projects/embedded/etna/toolchain/bin/../lib/gcc/arm-none-eabi/10.3.1/../../../../arm-none-eabi/lib/thumb/v7e-m/nofp/libstdc++_nano.a(eh_call.o)
 .text.__cxa_call_terminate
                0x0000000008002672       0x1e /home/odin/workspace/c++_projects/embedded/etna/toolchain/bin/../lib/gcc/arm-none-eabi/10.3.1/../../../../arm-none-eabi/lib/thumb/v7e-m/nofp/libstdc++_nano.a(eh_call.o)
                0x0000000008002672                __cxa_call_terminate
 .text.__cxa_call_unexpected
                0x0000000008002690       0x28 /home/odin/workspace/c++_projects/embedded/etna/toolchain/bin/../lib/gcc/arm-none-eabi/10.3.1/../../../../arm-none-eabi/lib/thumb/v7e-m/nofp/libstdc++_nano.a(eh_call.o)
                0x0000000008002690                __cxa_call_unexpected
 .text._ZN10__cxxabiv1L24__is_gxx_exception_classEPc
                0x00000000080026b8       0x3a /home/odin/workspace/c++_projects/embedded/etna/toolchain/bin/../lib/gcc/arm-none-eabi/10.3.1/../../../../arm-none-eabi/lib/thumb/v7e-m/nofp/libstdc++_nano.a(eh_catch.o)
 .text.__cxa_begin_catch
                0x00000000080026f2       0x52 /home/odin/workspace/c++_projects/embedded/etna/toolchain/bin/../lib/gcc/arm-none-eabi/10.3.1/../../../../arm-none-eabi/lib/thumb/v7e-m/nofp/libstdc++_nano.a(eh_catch.o)
                0x00000000080026f2                __cxa_begin_catch
 .text.unlikely
                0x0000000008002744        0xc /home/odin/workspace/c++_projects/embedded/etna/toolchain/bin/../lib/gcc/arm-none-eabi/10.3.1/thumb/v7e-m/nofp/libgcc.a(pr-support.o)
                0x0000000008002744                _Unwind_GetDataRelBase
                0x000000000800274a                _Unwind_GetTextRelBase
 .text.abort    0x0000000008002750        0xe /home/odin/workspace/c++_projects/embedded/etna/toolchain/bin/../lib/gcc/arm-none-eabi/10.3.1/../../../../arm-none-eabi/lib/thumb/v7e-m/nofp/libg_nano.a(lib_a-abort.o)
                0x0000000008002750                abort
 *fill*         0x000000000800275e        0x2 
 .text.malloc   0x0000000008002760       0x10 /home/odin/workspace/c++_projects/embedded/etna/toolchain/bin/../lib/gcc/arm-none-eabi/10.3.1/../../../../arm-none-eabi/lib/thumb/v7e-m/nofp/libg_nano.a(lib_a-malloc.o)
                0x0000000008002760                malloc
 .text.free     0x0000000008002770       0x10 /home/odin/workspace/c++_projects/embedded/etna/toolchain/bin/../lib/gcc/arm-none-eabi/10.3.1/../../../../arm-none-eabi/lib/thumb/v7e-m/nofp/libg_nano.a(lib_a-malloc.o)
                0x0000000008002770                free
 .text.memcpy   0x0000000008002780       0x1c /home/odin/workspace/c++_projects/embedded/etna/toolchain/bin/../lib/gcc/arm-none-eabi/10.3.1/../../../../arm-none-eabi/lib/thumb/v7e-m/nofp/libg_nano.a(lib_a-memcpy-stub.o)
                0x0000000008002780                memcpy
 .text.memset   0x000000000800279c       0x10 /home/odin/workspace/c++_projects/embedded/etna/toolchain/bin/../lib/gcc/arm-none-eabi/10.3.1/../../../../arm-none-eabi/lib/thumb/v7e-m/nofp/libg_nano.a(lib_a-memset.o)
                0x000000000800279c                memset
 .text._free_r  0x00000000080027ac       0x94 /home/odin/workspace/c++_projects/embedded/etna/toolchain/bin/../lib/gcc/arm-none-eabi/10.3.1/../../../../arm-none-eabi/lib/thumb/v7e-m/nofp/libg_nano.a(lib_a-nano-freer.o)
                0x00000000080027ac                _free_r
 .text.sbrk_aligned
                0x0000000008002840       0x40 /home/odin/workspace/c++_projects/embedded/etna/toolchain/bin/../lib/gcc/arm-none-eabi/10.3.1/../../../../arm-none-eabi/lib/thumb/v7e-m/nofp/libg_nano.a(lib_a-nano-mallocr.o)
 .text._malloc_r
                0x0000000008002880       0xe8 /home/odin/workspace/c++_projects/embedded/etna/toolchain/bin/../lib/gcc/arm-none-eabi/10.3.1/../../../../arm-none-eabi/lib/thumb/v7e-m/nofp/libg_nano.a(lib_a-nano-mallocr.o)
                0x0000000008002880                _malloc_r
 .text.__cvt    0x0000000008002968       0xc0 /home/odin/workspace/c++_projects/embedded/etna/toolchain/bin/../lib/gcc/arm-none-eabi/10.3.1/../../../../arm-none-eabi/lib/thumb/v7e-m/nofp/libg_nano.a(lib_a-nano-vfprintf_float.o)
                0x0000000008002968                __cvt
 .text.__exponent
                0x0000000008002a28       0x7c /home/odin/workspace/c++_projects/embedded/etna/toolchain/bin/../lib/gcc/arm-none-eabi/10.3.1/../../../../arm-none-eabi/lib/thumb/v7e-m/nofp/libg_nano.a(lib_a-nano-vfprintf_float.o)
                0x0000000008002a28                __exponent
 .text._printf_float
                0x0000000008002aa4      0x454 /home/odin/workspace/c++_projects/embedded/etna/toolchain/bin/../lib/gcc/arm-none-eabi/10.3.1/../../../../arm-none-eabi/lib/thumb/v7e-m/nofp/libg_nano.a(lib_a-nano-vfprintf_float.o)
                0x0000000008002aa4                _printf_float
 .text._printf_common
                0x0000000008002ef8       0xda /home/odin/workspace/c++_projects/embedded/etna/toolchain/bin/../lib/gcc/arm-none-eabi/10.3.1/../../../../arm-none-eabi/lib/thumb/v7e-m/nofp/libg_nano.a(lib_a-nano-vfprintf_i.o)
                0x0000000008002ef8                _printf_common
 *fill*         0x0000000008002fd2        0x2 
 .text._printf_i
                0x0000000008002fd4      0x24c /home/odin/workspace/c++_projects/embedded/etna/toolchain/bin/../lib/gcc/arm-none-eabi/10.3.1/../../../../arm-none-eabi/lib/thumb/v7e-m/nofp/libg_nano.a(lib_a-nano-vfprintf_i.o)
                0x0000000008002fd4                _printf_i
 .text._scanf_float
                0x0000000008003220      0x418 /home/odin/workspace/c++_projects/embedded/etna/toolchain/bin/../lib/gcc/arm-none-eabi/10.3.1/../../../../arm-none-eabi/lib/thumb/v7e-m/nofp/libg_nano.a(lib_a-nano-vfscanf_float.o)
                0x0000000008003220                _scanf_float
 .text._sbrk_r  0x0000000008003638       0x20 /home/odin/workspace/c++_projects/embedded/etna/toolchain/bin/../lib/gcc/arm-none-eabi/10.3.1/../../../../arm-none-eabi/lib/thumb/v7e-m/nofp/libg_nano.a(lib_a-sbrkr.o)
                0x0000000008003638                _sbrk_r
 .text.nanf     0x0000000008003658        0x8 /home/odin/workspace/c++_projects/embedded/etna/toolchain/bin/../lib/gcc/arm-none-eabi/10.3.1/../../../../arm-none-eabi/lib/thumb/v7e-m/nofp/libg_nano.a(lib_a-sf_nan.o)
                0x0000000008003658                nanf
 .text._raise_r
                0x0000000008003660       0x50 /home/odin/workspace/c++_projects/embedded/etna/toolchain/bin/../lib/gcc/arm-none-eabi/10.3.1/../../../../arm-none-eabi/lib/thumb/v7e-m/nofp/libg_nano.a(lib_a-signal.o)
                0x0000000008003660                _raise_r
 .text.raise    0x00000000080036b0       0x10 /home/odin/workspace/c++_projects/embedded/etna/toolchain/bin/../lib/gcc/arm-none-eabi/10.3.1/../../../../arm-none-eabi/lib/thumb/v7e-m/nofp/libg_nano.a(lib_a-signal.o)
                0x00000000080036b0                raise
 .text._kill_r  0x00000000080036c0       0x24 /home/odin/workspace/c++_projects/embedded/etna/toolchain/bin/../lib/gcc/arm-none-eabi/10.3.1/../../../../arm-none-eabi/lib/thumb/v7e-m/nofp/libg_nano.a(lib_a-signalr.o)
                0x00000000080036c0                _kill_r
 .text._getpid_r
                0x00000000080036e4        0x4 /home/odin/workspace/c++_projects/embedded/etna/toolchain/bin/../lib/gcc/arm-none-eabi/10.3.1/../../../../arm-none-eabi/lib/thumb/v7e-m/nofp/libg_nano.a(lib_a-signalr.o)
                0x00000000080036e4                _getpid_r
 .text.sprintf  0x00000000080036e8       0x40 /home/odin/workspace/c++_projects/embedded/etna/toolchain/bin/../lib/gcc/arm-none-eabi/10.3.1/../../../../arm-none-eabi/lib/thumb/v7e-m/nofp/libg_nano.a(lib_a-sprintf.o)
                0x00000000080036e8                sprintf
                0x00000000080036e8                siprintf
 .text.sulp     0x0000000008003728       0x42 /home/odin/workspace/c++_projects/embedded/etna/toolchain/bin/../lib/gcc/arm-none-eabi/10.3.1/../../../../arm-none-eabi/lib/thumb/v7e-m/nofp/libg_nano.a(lib_a-strtod.o)
 *fill*         0x000000000800376a        0x6 
 .text._strtod_l
                0x0000000008003770      0xbd0 /home/odin/workspace/c++_projects/embedded/etna/toolchain/bin/../lib/gcc/arm-none-eabi/10.3.1/../../../../arm-none-eabi/lib/thumb/v7e-m/nofp/libg_nano.a(lib_a-strtod.o)
                0x0000000008003770                _strtod_l
 .text._strtod_r
                0x0000000008004340        0xc /home/odin/workspace/c++_projects/embedded/etna/toolchain/bin/../lib/gcc/arm-none-eabi/10.3.1/../../../../arm-none-eabi/lib/thumb/v7e-m/nofp/libg_nano.a(lib_a-strtod.o)
                0x0000000008004340                _strtod_r
 .text._strtol_l.constprop.0
                0x000000000800434c       0xf8 /home/odin/workspace/c++_projects/embedded/etna/toolchain/bin/../lib/gcc/arm-none-eabi/10.3.1/../../../../arm-none-eabi/lib/thumb/v7e-m/nofp/libg_nano.a(lib_a-strtol.o)
 .text._strtol_r
                0x0000000008004444        0x4 /home/odin/workspace/c++_projects/embedded/etna/toolchain/bin/../lib/gcc/arm-none-eabi/10.3.1/../../../../arm-none-eabi/lib/thumb/v7e-m/nofp/libg_nano.a(lib_a-strtol.o)
                0x0000000008004444                _strtol_r
 .text.quorem   0x0000000008004448      0x10e /home/odin/workspace/c++_projects/embedded/etna/toolchain/bin/../lib/gcc/arm-none-eabi/10.3.1/../../../../arm-none-eabi/lib/thumb/v7e-m/nofp/libg_nano.a(lib_a-dtoa.o)
 *fill*         0x0000000008004556        0x2 
 .text._dtoa_r  0x0000000008004558      0xbdc /home/odin/workspace/c++_projects/embedded/etna/toolchain/bin/../lib/gcc/arm-none-eabi/10.3.1/../../../../arm-none-eabi/lib/thumb/v7e-m/nofp/libg_nano.a(lib_a-dtoa.o)
                0x0000000008004558                _dtoa_r
 .text.__errno  0x0000000008005134        0xc /home/odin/workspace/c++_projects/embedded/etna/toolchain/bin/../lib/gcc/arm-none-eabi/10.3.1/../../../../arm-none-eabi/lib/thumb/v7e-m/nofp/libg_nano.a(lib_a-errno.o)
                0x0000000008005134                __errno
 .text.rshift   0x0000000008005140       0xa4 /home/odin/workspace/c++_projects/embedded/etna/toolchain/bin/../lib/gcc/arm-none-eabi/10.3.1/../../../../arm-none-eabi/lib/thumb/v7e-m/nofp/libg_nano.a(lib_a-gdtoa-gethex.o)
 .text.__hexdig_fun
                0x00000000080051e4       0x2a /home/odin/workspace/c++_projects/embedded/etna/toolchain/bin/../lib/gcc/arm-none-eabi/10.3.1/../../../../arm-none-eabi/lib/thumb/v7e-m/nofp/libg_nano.a(lib_a-gdtoa-gethex.o)
                0x00000000080051e4                __hexdig_fun
 *fill*         0x000000000800520e        0x2 
 .text.__gethex
                0x0000000008005210      0x478 /home/odin/workspace/c++_projects/embedded/etna/toolchain/bin/../lib/gcc/arm-none-eabi/10.3.1/../../../../arm-none-eabi/lib/thumb/v7e-m/nofp/libg_nano.a(lib_a-gdtoa-gethex.o)
                0x0000000008005210                __gethex
 .text.L_shift  0x0000000008005688       0x24 /home/odin/workspace/c++_projects/embedded/etna/toolchain/bin/../lib/gcc/arm-none-eabi/10.3.1/../../../../arm-none-eabi/lib/thumb/v7e-m/nofp/libg_nano.a(lib_a-gdtoa-hexnan.o)
 .text.__match  0x00000000080056ac       0x28 /home/odin/workspace/c++_projects/embedded/etna/toolchain/bin/../lib/gcc/arm-none-eabi/10.3.1/../../../../arm-none-eabi/lib/thumb/v7e-m/nofp/libg_nano.a(lib_a-gdtoa-hexnan.o)
                0x00000000080056ac                __match
 .text.__hexnan
                0x00000000080056d4      0x138 /home/odin/workspace/c++_projects/embedded/etna/toolchain/bin/../lib/gcc/arm-none-eabi/10.3.1/../../../../arm-none-eabi/lib/thumb/v7e-m/nofp/libg_nano.a(lib_a-gdtoa-hexnan.o)
                0x00000000080056d4                __hexnan
 .text._localeconv_r
                0x000000000800580c        0x8 /home/odin/workspace/c++_projects/embedded/etna/toolchain/bin/../lib/gcc/arm-none-eabi/10.3.1/../../../../arm-none-eabi/lib/thumb/v7e-m/nofp/libg_nano.a(lib_a-localeconv.o)
                0x000000000800580c                _localeconv_r
 .text.__ascii_mbtowc
                0x0000000008005814       0x24 /home/odin/workspace/c++_projects/embedded/etna/toolchain/bin/../lib/gcc/arm-none-eabi/10.3.1/../../../../arm-none-eabi/lib/thumb/v7e-m/nofp/libg_nano.a(lib_a-mbtowc_r.o)
                0x0000000008005814                __ascii_mbtowc
 .text.__malloc_lock
                0x0000000008005838        0xc /home/odin/workspace/c++_projects/embedded/etna/toolchain/bin/../lib/gcc/arm-none-eabi/10.3.1/../../../../arm-none-eabi/lib/thumb/v7e-m/nofp/libg_nano.a(lib_a-mlock.o)
                0x0000000008005838                __malloc_lock
 .text.__malloc_unlock
                0x0000000008005844        0xc /home/odin/workspace/c++_projects/embedded/etna/toolchain/bin/../lib/gcc/arm-none-eabi/10.3.1/../../../../arm-none-eabi/lib/thumb/v7e-m/nofp/libg_nano.a(lib_a-mlock.o)
                0x0000000008005844                __malloc_unlock
 .text._Balloc  0x0000000008005850       0x80 /home/odin/workspace/c++_projects/embedded/etna/toolchain/bin/../lib/gcc/arm-none-eabi/10.3.1/../../../../arm-none-eabi/lib/thumb/v7e-m/nofp/libg_nano.a(lib_a-mprec.o)
                0x0000000008005850                _Balloc
 .text._Bfree   0x00000000080058d0       0x44 /home/odin/workspace/c++_projects/embedded/etna/toolchain/bin/../lib/gcc/arm-none-eabi/10.3.1/../../../../arm-none-eabi/lib/thumb/v7e-m/nofp/libg_nano.a(lib_a-mprec.o)
                0x00000000080058d0                _Bfree
 .text.__multadd
                0x0000000008005914       0x8c /home/odin/workspace/c++_projects/embedded/etna/toolchain/bin/../lib/gcc/arm-none-eabi/10.3.1/../../../../arm-none-eabi/lib/thumb/v7e-m/nofp/libg_nano.a(lib_a-mprec.o)
                0x0000000008005914                __multadd
 .text.__s2b    0x00000000080059a0       0x94 /home/odin/workspace/c++_projects/embedded/etna/toolchain/bin/../lib/gcc/arm-none-eabi/10.3.1/../../../../arm-none-eabi/lib/thumb/v7e-m/nofp/libg_nano.a(lib_a-mprec.o)
                0x00000000080059a0                __s2b
 .text.__hi0bits
                0x0000000008005a34       0x40 /home/odin/workspace/c++_projects/embedded/etna/toolchain/bin/../lib/gcc/arm-none-eabi/10.3.1/../../../../arm-none-eabi/lib/thumb/v7e-m/nofp/libg_nano.a(lib_a-mprec.o)
                0x0000000008005a34                __hi0bits
 .text.__lo0bits
                0x0000000008005a74       0x5a /home/odin/workspace/c++_projects/embedded/etna/toolchain/bin/../lib/gcc/arm-none-eabi/10.3.1/../../../../arm-none-eabi/lib/thumb/v7e-m/nofp/libg_nano.a(lib_a-mprec.o)
                0x0000000008005a74                __lo0bits
 *fill*         0x0000000008005ace        0x2 
 .text.__i2b    0x0000000008005ad0       0x2c /home/odin/workspace/c++_projects/embedded/etna/toolchain/bin/../lib/gcc/arm-none-eabi/10.3.1/../../../../arm-none-eabi/lib/thumb/v7e-m/nofp/libg_nano.a(lib_a-mprec.o)
                0x0000000008005ad0                __i2b
 .text.__multiply
                0x0000000008005afc      0x150 /home/odin/workspace/c++_projects/embedded/etna/toolchain/bin/../lib/gcc/arm-none-eabi/10.3.1/../../../../arm-none-eabi/lib/thumb/v7e-m/nofp/libg_nano.a(lib_a-mprec.o)
                0x0000000008005afc                __multiply
 .text.__pow5mult
                0x0000000008005c4c       0xb4 /home/odin/workspace/c++_projects/embedded/etna/toolchain/bin/../lib/gcc/arm-none-eabi/10.3.1/../../../../arm-none-eabi/lib/thumb/v7e-m/nofp/libg_nano.a(lib_a-mprec.o)
                0x0000000008005c4c                __pow5mult
 .text.__lshift
                0x0000000008005d00       0xe0 /home/odin/workspace/c++_projects/embedded/etna/toolchain/bin/../lib/gcc/arm-none-eabi/10.3.1/../../../../arm-none-eabi/lib/thumb/v7e-m/nofp/libg_nano.a(lib_a-mprec.o)
                0x0000000008005d00                __lshift
 .text.__mcmp   0x0000000008005de0       0x36 /home/odin/workspace/c++_projects/embedded/etna/toolchain/bin/../lib/gcc/arm-none-eabi/10.3.1/../../../../arm-none-eabi/lib/thumb/v7e-m/nofp/libg_nano.a(lib_a-mprec.o)
                0x0000000008005de0                __mcmp
 *fill*         0x0000000008005e16        0x2 
 .text.__mdiff  0x0000000008005e18      0x110 /home/odin/workspace/c++_projects/embedded/etna/toolchain/bin/../lib/gcc/arm-none-eabi/10.3.1/../../../../arm-none-eabi/lib/thumb/v7e-m/nofp/libg_nano.a(lib_a-mprec.o)
                0x0000000008005e18                __mdiff
 .text.__ulp    0x0000000008005f28       0x4c /home/odin/workspace/c++_projects/embedded/etna/toolchain/bin/../lib/gcc/arm-none-eabi/10.3.1/../../../../arm-none-eabi/lib/thumb/v7e-m/nofp/libg_nano.a(lib_a-mprec.o)
                0x0000000008005f28                __ulp
 .text.__b2d    0x0000000008005f74       0xa8 /home/odin/workspace/c++_projects/embedded/etna/toolchain/bin/../lib/gcc/arm-none-eabi/10.3.1/../../../../arm-none-eabi/lib/thumb/v7e-m/nofp/libg_nano.a(lib_a-mprec.o)
                0x0000000008005f74                __b2d
 .text.__d2b    0x000000000800601c       0xb8 /home/odin/workspace/c++_projects/embedded/etna/toolchain/bin/../lib/gcc/arm-none-eabi/10.3.1/../../../../arm-none-eabi/lib/thumb/v7e-m/nofp/libg_nano.a(lib_a-mprec.o)
                0x000000000800601c                __d2b
 .text.__ratio  0x00000000080060d4       0x5c /home/odin/workspace/c++_projects/embedded/etna/toolchain/bin/../lib/gcc/arm-none-eabi/10.3.1/../../../../arm-none-eabi/lib/thumb/v7e-m/nofp/libg_nano.a(lib_a-mprec.o)
                0x00000000080060d4                __ratio
 .text.__copybits
                0x0000000008006130       0x46 /home/odin/workspace/c++_projects/embedded/etna/toolchain/bin/../lib/gcc/arm-none-eabi/10.3.1/../../../../arm-none-eabi/lib/thumb/v7e-m/nofp/libg_nano.a(lib_a-mprec.o)
                0x0000000008006130                __copybits
 .text.__any_on
                0x0000000008006176       0x42 /home/odin/workspace/c++_projects/embedded/etna/toolchain/bin/../lib/gcc/arm-none-eabi/10.3.1/../../../../arm-none-eabi/lib/thumb/v7e-m/nofp/libg_nano.a(lib_a-mprec.o)
                0x0000000008006176                __any_on
 .text._calloc_r
                0x00000000080061b8       0x28 /home/odin/workspace/c++_projects/embedded/etna/toolchain/bin/../lib/gcc/arm-none-eabi/10.3.1/../../../../arm-none-eabi/lib/thumb/v7e-m/nofp/libg_nano.a(lib_a-nano-callocr.o)
                0x00000000080061b8                _calloc_r
 .text.__ssputs_r
                0x00000000080061e0       0xb6 /home/odin/workspace/c++_projects/embedded/etna/toolchain/bin/../lib/gcc/arm-none-eabi/10.3.1/../../../../arm-none-eabi/lib/thumb/v7e-m/nofp/libg_nano.a(lib_a-nano-svfprintf.o)
                0x00000000080061e0                __ssputs_r
 *fill*         0x0000000008006296        0x2 
 .text._svfprintf_r
                0x0000000008006298      0x200 /home/odin/workspace/c++_projects/embedded/etna/toolchain/bin/../lib/gcc/arm-none-eabi/10.3.1/../../../../arm-none-eabi/lib/thumb/v7e-m/nofp/libg_nano.a(lib_a-nano-svfprintf.o)
                0x0000000008006298                _svfprintf_r
                0x0000000008006298                _svfiprintf_r
 .text.nan      0x0000000008006498        0xc /home/odin/workspace/c++_projects/embedded/etna/toolchain/bin/../lib/gcc/arm-none-eabi/10.3.1/../../../../arm-none-eabi/lib/thumb/v7e-m/nofp/libg_nano.a(lib_a-s_nan.o)
                0x0000000008006498                nan
 .text.strncmp  0x00000000080064a4       0x28 /home/odin/workspace/c++_projects/embedded/etna/toolchain/bin/../lib/gcc/arm-none-eabi/10.3.1/../../../../arm-none-eabi/lib/thumb/v7e-m/nofp/libg_nano.a(lib_a-strncmp.o)
                0x00000000080064a4                strncmp
 .text.__ascii_wctomb
                0x00000000080064cc       0x1a /home/odin/workspace/c++_projects/embedded/etna/toolchain/bin/../lib/gcc/arm-none-eabi/10.3.1/../../../../arm-none-eabi/lib/thumb/v7e-m/nofp/libg_nano.a(lib_a-wctomb_r.o)
                0x00000000080064cc                __ascii_wctomb
 *fill*         0x00000000080064e6        0x2 
 .text.__assert_func
                0x00000000080064e8       0x3c /home/odin/workspace/c++_projects/embedded/etna/toolchain/bin/../lib/gcc/arm-none-eabi/10.3.1/../../../../arm-none-eabi/lib/thumb/v7e-m/nofp/libg_nano.a(lib_a-assert.o)
                0x00000000080064e8                __assert_func
 .text.fprintf  0x0000000008006524       0x24 /home/odin/workspace/c++_projects/embedded/etna/toolchain/bin/../lib/gcc/arm-none-eabi/10.3.1/../../../../arm-none-eabi/lib/thumb/v7e-m/nofp/libg_nano.a(lib_a-fprintf.o)
                0x0000000008006524                fprintf
                0x0000000008006524                fiprintf
 .text.__retarget_lock_init_recursive
                0x0000000008006548        0x2 /home/odin/workspace/c++_projects/embedded/etna/toolchain/bin/../lib/gcc/arm-none-eabi/10.3.1/../../../../arm-none-eabi/lib/thumb/v7e-m/nofp/libg_nano.a(lib_a-lock.o)
                0x0000000008006548                __retarget_lock_init_recursive
 .text.__retarget_lock_acquire_recursive
                0x000000000800654a        0x2 /home/odin/workspace/c++_projects/embedded/etna/toolchain/bin/../lib/gcc/arm-none-eabi/10.3.1/../../../../arm-none-eabi/lib/thumb/v7e-m/nofp/libg_nano.a(lib_a-lock.o)
                0x000000000800654a                __retarget_lock_acquire_recursive
 .text.__retarget_lock_release_recursive
                0x000000000800654c        0x2 /home/odin/workspace/c++_projects/embedded/etna/toolchain/bin/../lib/gcc/arm-none-eabi/10.3.1/../../../../arm-none-eabi/lib/thumb/v7e-m/nofp/libg_nano.a(lib_a-lock.o)
                0x000000000800654c                __retarget_lock_release_recursive
 .text.memmove  0x000000000800654e       0x34 /home/odin/workspace/c++_projects/embedded/etna/toolchain/bin/../lib/gcc/arm-none-eabi/10.3.1/../../../../arm-none-eabi/lib/thumb/v7e-m/nofp/libg_nano.a(lib_a-memmove.o)
                0x000000000800654e                memmove
 .text._realloc_r
                0x0000000008006582       0x5e /home/odin/workspace/c++_projects/embedded/etna/toolchain/bin/../lib/gcc/arm-none-eabi/10.3.1/../../../../arm-none-eabi/lib/thumb/v7e-m/nofp/libg_nano.a(lib_a-nano-reallocr.o)
                0x0000000008006582                _realloc_r
 .text.__sfputc_r
                0x00000000080065e0       0x2a /home/odin/workspace/c++_projects/embedded/etna/toolchain/bin/../lib/gcc/arm-none-eabi/10.3.1/../../../../arm-none-eabi/lib/thumb/v7e-m/nofp/libg_nano.a(lib_a-nano-vfprintf.o)
 .text.__sfputs_r
                0x000000000800660a       0x24 /home/odin/workspace/c++_projects/embedded/etna/toolchain/bin/../lib/gcc/arm-none-eabi/10.3.1/../../../../arm-none-eabi/lib/thumb/v7e-m/nofp/libg_nano.a(lib_a-nano-vfprintf.o)
                0x000000000800660a                __sfputs_r
 *fill*         0x000000000800662e        0x2 
 .text._vfprintf_r
                0x0000000008006630      0x260 /home/odin/workspace/c++_projects/embedded/etna/toolchain/bin/../lib/gcc/arm-none-eabi/10.3.1/../../../../arm-none-eabi/lib/thumb/v7e-m/nofp/libg_nano.a(lib_a-nano-vfprintf.o)
                0x0000000008006630                _vfiprintf_r
                0x0000000008006630                _vfprintf_r
 .text.__swbuf_r
                0x0000000008006890       0xa4 /home/odin/workspace/c++_projects/embedded/etna/toolchain/bin/../lib/gcc/arm-none-eabi/10.3.1/../../../../arm-none-eabi/lib/thumb/v7e-m/nofp/libg_nano.a(lib_a-wbuf.o)
                0x0000000008006890                __swbuf_r
 .text.__swsetup_r
                0x0000000008006934       0xdc /home/odin/workspace/c++_projects/embedded/etna/toolchain/bin/../lib/gcc/arm-none-eabi/10.3.1/../../../../arm-none-eabi/lib/thumb/v7e-m/nofp/libg_nano.a(lib_a-wsetup.o)
                0x0000000008006934                __swsetup_r
 .text.__sflush_r
                0x0000000008006a10      0x104 /home/odin/workspace/c++_projects/embedded/etna/toolchain/bin/../lib/gcc/arm-none-eabi/10.3.1/../../../../arm-none-eabi/lib/thumb/v7e-m/nofp/libg_nano.a(lib_a-fflush.o)
                0x0000000008006a10                __sflush_r
 .text._fflush_r
                0x0000000008006b14       0x78 /home/odin/workspace/c++_projects/embedded/etna/toolchain/bin/../lib/gcc/arm-none-eabi/10.3.1/../../../../arm-none-eabi/lib/thumb/v7e-m/nofp/libg_nano.a(lib_a-fflush.o)
                0x0000000008006b14                _fflush_r
 .text.std      0x0000000008006b8c       0x48 /home/odin/workspace/c++_projects/embedded/etna/toolchain/bin/../lib/gcc/arm-none-eabi/10.3.1/../../../../arm-none-eabi/lib/thumb/v7e-m/nofp/libg_nano.a(lib_a-findfp.o)
 .text._cleanup_r
                0x0000000008006bd4        0xc /home/odin/workspace/c++_projects/embedded/etna/toolchain/bin/../lib/gcc/arm-none-eabi/10.3.1/../../../../arm-none-eabi/lib/thumb/v7e-m/nofp/libg_nano.a(lib_a-findfp.o)
                0x0000000008006bd4                _cleanup_r
 .text.__sfmoreglue
                0x0000000008006be0       0x2c /home/odin/workspace/c++_projects/embedded/etna/toolchain/bin/../lib/gcc/arm-none-eabi/10.3.1/../../../../arm-none-eabi/lib/thumb/v7e-m/nofp/libg_nano.a(lib_a-findfp.o)
                0x0000000008006be0                __sfmoreglue
 .text.__sfp_lock_acquire
                0x0000000008006c0c        0xc /home/odin/workspace/c++_projects/embedded/etna/toolchain/bin/../lib/gcc/arm-none-eabi/10.3.1/../../../../arm-none-eabi/lib/thumb/v7e-m/nofp/libg_nano.a(lib_a-findfp.o)
                0x0000000008006c0c                __sfp_lock_acquire
 .text.__sfp_lock_release
                0x0000000008006c18        0xc /home/odin/workspace/c++_projects/embedded/etna/toolchain/bin/../lib/gcc/arm-none-eabi/10.3.1/../../../../arm-none-eabi/lib/thumb/v7e-m/nofp/libg_nano.a(lib_a-findfp.o)
                0x0000000008006c18                __sfp_lock_release
 .text.__sinit_lock_acquire
                0x0000000008006c24        0xc /home/odin/workspace/c++_projects/embedded/etna/toolchain/bin/../lib/gcc/arm-none-eabi/10.3.1/../../../../arm-none-eabi/lib/thumb/v7e-m/nofp/libg_nano.a(lib_a-findfp.o)
                0x0000000008006c24                __sinit_lock_acquire
 .text.__sinit_lock_release
                0x0000000008006c30        0xc /home/odin/workspace/c++_projects/embedded/etna/toolchain/bin/../lib/gcc/arm-none-eabi/10.3.1/../../../../arm-none-eabi/lib/thumb/v7e-m/nofp/libg_nano.a(lib_a-findfp.o)
                0x0000000008006c30                __sinit_lock_release
 .text.__sinit  0x0000000008006c3c       0x70 /home/odin/workspace/c++_projects/embedded/etna/toolchain/bin/../lib/gcc/arm-none-eabi/10.3.1/../../../../arm-none-eabi/lib/thumb/v7e-m/nofp/libg_nano.a(lib_a-findfp.o)
                0x0000000008006c3c                __sinit
 .text.__sfp    0x0000000008006cac       0x8c /home/odin/workspace/c++_projects/embedded/etna/toolchain/bin/../lib/gcc/arm-none-eabi/10.3.1/../../../../arm-none-eabi/lib/thumb/v7e-m/nofp/libg_nano.a(lib_a-findfp.o)
                0x0000000008006cac                __sfp
 .text._fwalk_reent
                0x0000000008006d38       0x3e /home/odin/workspace/c++_projects/embedded/etna/toolchain/bin/../lib/gcc/arm-none-eabi/10.3.1/../../../../arm-none-eabi/lib/thumb/v7e-m/nofp/libg_nano.a(lib_a-fwalk.o)
                0x0000000008006d38                _fwalk_reent
 .text.__swhatbuf_r
                0x0000000008006d76       0x4a /home/odin/workspace/c++_projects/embedded/etna/toolchain/bin/../lib/gcc/arm-none-eabi/10.3.1/../../../../arm-none-eabi/lib/thumb/v7e-m/nofp/libg_nano.a(lib_a-makebuf.o)
                0x0000000008006d76                __swhatbuf_r
 .text.__smakebuf_r
                0x0000000008006dc0       0x80 /home/odin/workspace/c++_projects/embedded/etna/toolchain/bin/../lib/gcc/arm-none-eabi/10.3.1/../../../../arm-none-eabi/lib/thumb/v7e-m/nofp/libg_nano.a(lib_a-makebuf.o)
                0x0000000008006dc0                __smakebuf_r
 .text._malloc_usable_size_r
                0x0000000008006e40       0x10 /home/odin/workspace/c++_projects/embedded/etna/toolchain/bin/../lib/gcc/arm-none-eabi/10.3.1/../../../../arm-none-eabi/lib/thumb/v7e-m/nofp/libg_nano.a(lib_a-nano-msizer.o)
                0x0000000008006e40                _malloc_usable_size_r
 .text.__sread  0x0000000008006e50       0x22 /home/odin/workspace/c++_projects/embedded/etna/toolchain/bin/../lib/gcc/arm-none-eabi/10.3.1/../../../../arm-none-eabi/lib/thumb/v7e-m/nofp/libg_nano.a(lib_a-stdio.o)
                0x0000000008006e50                __sread
 .text.__swrite
                0x0000000008006e72       0x38 /home/odin/workspace/c++_projects/embedded/etna/toolchain/bin/../lib/gcc/arm-none-eabi/10.3.1/../../../../arm-none-eabi/lib/thumb/v7e-m/nofp/libg_nano.a(lib_a-stdio.o)
                0x0000000008006e72                __swrite
 .text.__sseek  0x0000000008006eaa       0x24 /home/odin/workspace/c++_projects/embedded/etna/toolchain/bin/../lib/gcc/arm-none-eabi/10.3.1/../../../../arm-none-eabi/lib/thumb/v7e-m/nofp/libg_nano.a(lib_a-stdio.o)
                0x0000000008006eaa                __sseek
 .text.__sclose
                0x0000000008006ece        0x8 /home/odin/workspace/c++_projects/embedded/etna/toolchain/bin/../lib/gcc/arm-none-eabi/10.3.1/../../../../arm-none-eabi/lib/thumb/v7e-m/nofp/libg_nano.a(lib_a-stdio.o)
                0x0000000008006ece                __sclose
 *fill*         0x0000000008006ed6        0x2 
 .text._write_r
                0x0000000008006ed8       0x24 /home/odin/workspace/c++_projects/embedded/etna/toolchain/bin/../lib/gcc/arm-none-eabi/10.3.1/../../../../arm-none-eabi/lib/thumb/v7e-m/nofp/libg_nano.a(lib_a-writer.o)
                0x0000000008006ed8                _write_r
 .text._close_r
                0x0000000008006efc       0x20 /home/odin/workspace/c++_projects/embedded/etna/toolchain/bin/../lib/gcc/arm-none-eabi/10.3.1/../../../../arm-none-eabi/lib/thumb/v7e-m/nofp/libg_nano.a(lib_a-closer.o)
                0x0000000008006efc                _close_r
 .text._fstat_r
                0x0000000008006f1c       0x24 /home/odin/workspace/c++_projects/embedded/etna/toolchain/bin/../lib/gcc/arm-none-eabi/10.3.1/../../../../arm-none-eabi/lib/thumb/v7e-m/nofp/libg_nano.a(lib_a-fstatr.o)
                0x0000000008006f1c                _fstat_r
 .text._isatty_r
                0x0000000008006f40       0x20 /home/odin/workspace/c++_projects/embedded/etna/toolchain/bin/../lib/gcc/arm-none-eabi/10.3.1/../../../../arm-none-eabi/lib/thumb/v7e-m/nofp/libg_nano.a(lib_a-isattyr.o)
                0x0000000008006f40                _isatty_r
 .text._lseek_r
                0x0000000008006f60       0x24 /home/odin/workspace/c++_projects/embedded/etna/toolchain/bin/../lib/gcc/arm-none-eabi/10.3.1/../../../../arm-none-eabi/lib/thumb/v7e-m/nofp/libg_nano.a(lib_a-lseekr.o)
                0x0000000008006f60                _lseek_r
 .text._read_r  0x0000000008006f84       0x24 /home/odin/workspace/c++_projects/embedded/etna/toolchain/bin/../lib/gcc/arm-none-eabi/10.3.1/../../../../arm-none-eabi/lib/thumb/v7e-m/nofp/libg_nano.a(lib_a-readr.o)
                0x0000000008006f84                _read_r
 .text.findslot
                0x0000000008006fa8       0x34 /home/odin/workspace/c++_projects/embedded/etna/toolchain/bin/../lib/gcc/arm-none-eabi/10.3.1/../../../../arm-none-eabi/lib/thumb/v7e-m/nofp/librdimon_nano.a(rdimon-syscalls.o)
 .text.error    0x0000000008006fdc       0x1c /home/odin/workspace/c++_projects/embedded/etna/toolchain/bin/../lib/gcc/arm-none-eabi/10.3.1/../../../../arm-none-eabi/lib/thumb/v7e-m/nofp/librdimon_nano.a(rdimon-syscalls.o)
 .text.checkerror
                0x0000000008006ff8        0xa /home/odin/workspace/c++_projects/embedded/etna/toolchain/bin/../lib/gcc/arm-none-eabi/10.3.1/../../../../arm-none-eabi/lib/thumb/v7e-m/nofp/librdimon_nano.a(rdimon-syscalls.o)
 .text._swiread
                0x0000000008007002       0x20 /home/odin/workspace/c++_projects/embedded/etna/toolchain/bin/../lib/gcc/arm-none-eabi/10.3.1/../../../../arm-none-eabi/lib/thumb/v7e-m/nofp/librdimon_nano.a(rdimon-syscalls.o)
                0x0000000008007002                _swiread
 .text._read    0x0000000008007022       0x34 /home/odin/workspace/c++_projects/embedded/etna/toolchain/bin/../lib/gcc/arm-none-eabi/10.3.1/../../../../arm-none-eabi/lib/thumb/v7e-m/nofp/librdimon_nano.a(rdimon-syscalls.o)
                0x0000000008007022                _read
 .text._swilseek
                0x0000000008007056       0x78 /home/odin/workspace/c++_projects/embedded/etna/toolchain/bin/../lib/gcc/arm-none-eabi/10.3.1/../../../../arm-none-eabi/lib/thumb/v7e-m/nofp/librdimon_nano.a(rdimon-syscalls.o)
                0x0000000008007056                _swilseek
 .text._lseek   0x00000000080070ce        0x4 /home/odin/workspace/c++_projects/embedded/etna/toolchain/bin/../lib/gcc/arm-none-eabi/10.3.1/../../../../arm-none-eabi/lib/thumb/v7e-m/nofp/librdimon_nano.a(rdimon-syscalls.o)
                0x00000000080070ce                _lseek
 .text._swiwrite
                0x00000000080070d2       0x20 /home/odin/workspace/c++_projects/embedded/etna/toolchain/bin/../lib/gcc/arm-none-eabi/10.3.1/../../../../arm-none-eabi/lib/thumb/v7e-m/nofp/librdimon_nano.a(rdimon-syscalls.o)
                0x00000000080070d2                _swiwrite
 .text._write   0x00000000080070f2       0x40 /home/odin/workspace/c++_projects/embedded/etna/toolchain/bin/../lib/gcc/arm-none-eabi/10.3.1/../../../../arm-none-eabi/lib/thumb/v7e-m/nofp/librdimon_nano.a(rdimon-syscalls.o)
                0x00000000080070f2                _write
 .text._swiclose
                0x0000000008007132       0x1a /home/odin/workspace/c++_projects/embedded/etna/toolchain/bin/../lib/gcc/arm-none-eabi/10.3.1/../../../../arm-none-eabi/lib/thumb/v7e-m/nofp/librdimon_nano.a(rdimon-syscalls.o)
                0x0000000008007132                _swiclose
 .text._close   0x000000000800714c       0x4c /home/odin/workspace/c++_projects/embedded/etna/toolchain/bin/../lib/gcc/arm-none-eabi/10.3.1/../../../../arm-none-eabi/lib/thumb/v7e-m/nofp/librdimon_nano.a(rdimon-syscalls.o)
                0x000000000800714c                _close
 .text._getpid  0x0000000008007198        0x4 /home/odin/workspace/c++_projects/embedded/etna/toolchain/bin/../lib/gcc/arm-none-eabi/10.3.1/../../../../arm-none-eabi/lib/thumb/v7e-m/nofp/librdimon_nano.a(rdimon-syscalls.o)
                0x0000000008007198                _getpid
 .text._sbrk    0x000000000800719c       0x48 /home/odin/workspace/c++_projects/embedded/etna/toolchain/bin/../lib/gcc/arm-none-eabi/10.3.1/../../../../arm-none-eabi/lib/thumb/v7e-m/nofp/librdimon_nano.a(rdimon-syscalls.o)
                0x000000000800719c                _sbrk
 .text._swistat
                0x00000000080071e4       0x42 /home/odin/workspace/c++_projects/embedded/etna/toolchain/bin/../lib/gcc/arm-none-eabi/10.3.1/../../../../arm-none-eabi/lib/thumb/v7e-m/nofp/librdimon_nano.a(rdimon-syscalls.o)
                0x00000000080071e4                _swistat
 .text._fstat   0x0000000008007226       0x1c /home/odin/workspace/c++_projects/embedded/etna/toolchain/bin/../lib/gcc/arm-none-eabi/10.3.1/../../../../arm-none-eabi/lib/thumb/v7e-m/nofp/librdimon_nano.a(rdimon-syscalls.o)
                0x0000000008007226                _fstat
 .text._stat    0x0000000008007242       0x3a /home/odin/workspace/c++_projects/embedded/etna/toolchain/bin/../lib/gcc/arm-none-eabi/10.3.1/../../../../arm-none-eabi/lib/thumb/v7e-m/nofp/librdimon_nano.a(rdimon-syscalls.o)
                0x0000000008007242                _stat
 .text._swiopen
                0x000000000800727c       0xb4 /home/odin/workspace/c++_projects/embedded/etna/toolchain/bin/../lib/gcc/arm-none-eabi/10.3.1/../../../../arm-none-eabi/lib/thumb/v7e-m/nofp/librdimon_nano.a(rdimon-syscalls.o)
                0x000000000800727c                _swiopen
 .text._get_semihosting_exts
                0x0000000008007330       0xb8 /home/odin/workspace/c++_projects/embedded/etna/toolchain/bin/../lib/gcc/arm-none-eabi/10.3.1/../../../../arm-none-eabi/lib/thumb/v7e-m/nofp/librdimon_nano.a(rdimon-syscalls.o)
                0x0000000008007330                _get_semihosting_exts
 .text.initialise_semihosting_exts
                0x00000000080073e8       0x34 /home/odin/workspace/c++_projects/embedded/etna/toolchain/bin/../lib/gcc/arm-none-eabi/10.3.1/../../../../arm-none-eabi/lib/thumb/v7e-m/nofp/librdimon_nano.a(rdimon-syscalls.o)
 .text._has_ext_exit_extended
                0x000000000800741c       0x18 /home/odin/workspace/c++_projects/embedded/etna/toolchain/bin/../lib/gcc/arm-none-eabi/10.3.1/../../../../arm-none-eabi/lib/thumb/v7e-m/nofp/librdimon_nano.a(rdimon-syscalls.o)
                0x000000000800741c                _has_ext_exit_extended
 .text._isatty  0x0000000008007434       0x38 /home/odin/workspace/c++_projects/embedded/etna/toolchain/bin/../lib/gcc/arm-none-eabi/10.3.1/../../../../arm-none-eabi/lib/thumb/v7e-m/nofp/librdimon_nano.a(rdimon-syscalls.o)
                0x0000000008007434                _isatty
 .text._exit    0x000000000800746c       0x14 /home/odin/workspace/c++_projects/embedded/etna/toolchain/bin/../lib/gcc/arm-none-eabi/10.3.1/../../../../arm-none-eabi/lib/thumb/v7e-m/nofp/librdimon_nano.a(rdimon-_exit.o)
                0x000000000800746c                _exit
 .text._kill_shared
                0x0000000008007480       0x26 /home/odin/workspace/c++_projects/embedded/etna/toolchain/bin/../lib/gcc/arm-none-eabi/10.3.1/../../../../arm-none-eabi/lib/thumb/v7e-m/nofp/librdimon_nano.a(rdimon-_kill.o)
                0x0000000008007480                _kill_shared
 *fill*         0x00000000080074a6        0x2 
 .text._kill    0x00000000080074a8       0x18 /home/odin/workspace/c++_projects/embedded/etna/toolchain/bin/../lib/gcc/arm-none-eabi/10.3.1/../../../../arm-none-eabi/lib/thumb/v7e-m/nofp/librdimon_nano.a(rdimon-_kill.o)
                0x00000000080074a8                _kill
 *(.glue_7)
 .glue_7        0x00000000080074c0        0x0 linker stubs
 *(.glue_7t)
 .glue_7t       0x00000000080074c0        0x0 linker stubs
 *(.eh_frame)
 .eh_frame      0x00000000080074c0        0x0 /home/odin/workspace/c++_projects/embedded/etna/toolchain/bin/../lib/gcc/arm-none-eabi/10.3.1/thumb/v7e-m/nofp/crtbegin.o
 *(.init)
 .init          0x00000000080074c0        0x4 /home/odin/workspace/c++_projects/embedded/etna/toolchain/bin/../lib/gcc/arm-none-eabi/10.3.1/thumb/v7e-m/nofp/crti.o
                0x00000000080074c0                _init
 .init          0x00000000080074c4        0x8 /home/odin/workspace/c++_projects/embedded/etna/toolchain/bin/../lib/gcc/arm-none-eabi/10.3.1/thumb/v7e-m/nofp/crtn.o
 *(.fini)
 .fini          0x00000000080074cc        0x4 /home/odin/workspace/c++_projects/embedded/etna/toolchain/bin/../lib/gcc/arm-none-eabi/10.3.1/thumb/v7e-m/nofp/crti.o
                0x00000000080074cc                _fini
 .fini          0x00000000080074d0        0x8 /home/odin/workspace/c++_projects/embedded/etna/toolchain/bin/../lib/gcc/arm-none-eabi/10.3.1/thumb/v7e-m/nofp/crtn.o
                0x00000000080074d8                . = ALIGN (0x4)
                0x00000000080074d8                _etext = .

.vfp11_veneer   0x00000000080074d8        0x0
 .vfp11_veneer  0x00000000080074d8        0x0 linker stubs

.v4_bx          0x00000000080074d8        0x0
 .v4_bx         0x00000000080074d8        0x0 linker stubs

.iplt           0x00000000080074d8        0x0
 .iplt          0x00000000080074d8        0x0 /home/odin/workspace/c++_projects/embedded/etna/toolchain/bin/../lib/gcc/arm-none-eabi/10.3.1/thumb/v7e-m/nofp/crtbegin.o

.rodata         0x00000000080074d8      0x6b4
                0x00000000080074d8                . = ALIGN (0x4)
 *(.rodata)
 *(.rodata*)
 .rodata._ZTSN3HAL3LEDE
                0x00000000080074d8        0xb CMakeFiles/Etna.dir/source/src/Main.cpp.obj
                0x00000000080074d8                typeinfo name for HAL::LED
 *fill*         0x00000000080074e3        0x1 
 .rodata._ZTIN3HAL3LEDE
                0x00000000080074e4        0x8 CMakeFiles/Etna.dir/source/src/Main.cpp.obj
                0x00000000080074e4                typeinfo for HAL::LED
 .rodata._ZTVN3HAL3LEDE
                0x00000000080074ec       0x18 CMakeFiles/Etna.dir/source/src/Main.cpp.obj
                0x00000000080074ec                vtable for HAL::LED
 .rodata._ZTIN3HAL12GreenUserLEDE
                0x0000000008007504        0xc CMakeFiles/Etna.dir/source/src/HAL/GreenUserLED.cpp.obj
                0x0000000008007504                typeinfo for HAL::GreenUserLED
 .rodata._ZTSN3HAL12GreenUserLEDE
                0x0000000008007510       0x15 CMakeFiles/Etna.dir/source/src/HAL/GreenUserLED.cpp.obj
                0x0000000008007510                typeinfo name for HAL::GreenUserLED
 *fill*         0x0000000008007525        0x3 
 .rodata._ZTVN3HAL12GreenUserLEDE
                0x0000000008007528       0x18 CMakeFiles/Etna.dir/source/src/HAL/GreenUserLED.cpp.obj
                0x0000000008007528                vtable for HAL::GreenUserLED
 .rodata._ZTIN10__cxxabiv117__class_type_infoE
                0x0000000008007540        0xc /home/odin/workspace/c++_projects/embedded/etna/toolchain/bin/../lib/gcc/arm-none-eabi/10.3.1/../../../../arm-none-eabi/lib/thumb/v7e-m/nofp/libstdc++_nano.a(class_type_info.o)
                0x0000000008007540                typeinfo for __cxxabiv1::__class_type_info
 .rodata._ZTSN10__cxxabiv117__class_type_infoE
                0x000000000800754c       0x22 /home/odin/workspace/c++_projects/embedded/etna/toolchain/bin/../lib/gcc/arm-none-eabi/10.3.1/../../../../arm-none-eabi/lib/thumb/v7e-m/nofp/libstdc++_nano.a(class_type_info.o)
                0x000000000800754c                typeinfo name for __cxxabiv1::__class_type_info
 *fill*         0x000000000800756e        0x2 
 .rodata._ZTVN10__cxxabiv117__class_type_infoE
                0x0000000008007570       0x2c /home/odin/workspace/c++_projects/embedded/etna/toolchain/bin/../lib/gcc/arm-none-eabi/10.3.1/../../../../arm-none-eabi/lib/thumb/v7e-m/nofp/libstdc++_nano.a(class_type_info.o)
                0x0000000008007570                vtable for __cxxabiv1::__class_type_info
 .rodata._ZTIN10__cxxabiv115__forced_unwindE
                0x000000000800759c        0x8 /home/odin/workspace/c++_projects/embedded/etna/toolchain/bin/../lib/gcc/arm-none-eabi/10.3.1/../../../../arm-none-eabi/lib/thumb/v7e-m/nofp/libstdc++_nano.a(eh_exception.o)
                0x000000000800759c                typeinfo for __cxxabiv1::__forced_unwind
 .rodata._ZTIN10__cxxabiv119__foreign_exceptionE
                0x00000000080075a4        0x8 /home/odin/workspace/c++_projects/embedded/etna/toolchain/bin/../lib/gcc/arm-none-eabi/10.3.1/../../../../arm-none-eabi/lib/thumb/v7e-m/nofp/libstdc++_nano.a(eh_exception.o)
                0x00000000080075a4                typeinfo for __cxxabiv1::__foreign_exception
 .rodata._ZTSN10__cxxabiv115__forced_unwindE
                0x00000000080075ac       0x20 /home/odin/workspace/c++_projects/embedded/etna/toolchain/bin/../lib/gcc/arm-none-eabi/10.3.1/../../../../arm-none-eabi/lib/thumb/v7e-m/nofp/libstdc++_nano.a(eh_exception.o)
                0x00000000080075ac                typeinfo name for __cxxabiv1::__forced_unwind
 .rodata._ZTSN10__cxxabiv119__foreign_exceptionE
                0x00000000080075cc       0x24 /home/odin/workspace/c++_projects/embedded/etna/toolchain/bin/../lib/gcc/arm-none-eabi/10.3.1/../../../../arm-none-eabi/lib/thumb/v7e-m/nofp/libstdc++_nano.a(eh_exception.o)
                0x00000000080075cc                typeinfo name for __cxxabiv1::__foreign_exception
 .rodata._ZTIN10__cxxabiv120__si_class_type_infoE
                0x00000000080075f0        0xc /home/odin/workspace/c++_projects/embedded/etna/toolchain/bin/../lib/gcc/arm-none-eabi/10.3.1/../../../../arm-none-eabi/lib/thumb/v7e-m/nofp/libstdc++_nano.a(si_class_type_info.o)
                0x00000000080075f0                typeinfo for __cxxabiv1::__si_class_type_info
 .rodata._ZTSN10__cxxabiv120__si_class_type_infoE
                0x00000000080075fc       0x25 /home/odin/workspace/c++_projects/embedded/etna/toolchain/bin/../lib/gcc/arm-none-eabi/10.3.1/../../../../arm-none-eabi/lib/thumb/v7e-m/nofp/libstdc++_nano.a(si_class_type_info.o)
                0x00000000080075fc                typeinfo name for __cxxabiv1::__si_class_type_info
 *fill*         0x0000000008007621        0x3 
 .rodata._ZTVN10__cxxabiv120__si_class_type_infoE
                0x0000000008007624       0x2c /home/odin/workspace/c++_projects/embedded/etna/toolchain/bin/../lib/gcc/arm-none-eabi/10.3.1/../../../../arm-none-eabi/lib/thumb/v7e-m/nofp/libstdc++_nano.a(si_class_type_info.o)
                0x0000000008007624                vtable for __cxxabiv1::__si_class_type_info
 .rodata._ZTISt9type_info
                0x0000000008007650        0x8 /home/odin/workspace/c++_projects/embedded/etna/toolchain/bin/../lib/gcc/arm-none-eabi/10.3.1/../../../../arm-none-eabi/lib/thumb/v7e-m/nofp/libstdc++_nano.a(tinfo.o)
                0x0000000008007650                typeinfo for std::type_info
 .rodata._ZTSSt9type_info
                0x0000000008007658        0xd /home/odin/workspace/c++_projects/embedded/etna/toolchain/bin/../lib/gcc/arm-none-eabi/10.3.1/../../../../arm-none-eabi/lib/thumb/v7e-m/nofp/libstdc++_nano.a(tinfo.o)
                0x0000000008007658                typeinfo name for std::type_info
 *fill*         0x0000000008007665        0x3 
 .rodata._global_impure_ptr
                0x0000000008007668        0x4 /home/odin/workspace/c++_projects/embedded/etna/toolchain/bin/../lib/gcc/arm-none-eabi/10.3.1/../../../../arm-none-eabi/lib/thumb/v7e-m/nofp/libg_nano.a(lib_a-impure.o)
                0x0000000008007668                _global_impure_ptr
 .rodata._printf_float.str1.1
                0x000000000800766c       0x12 /home/odin/workspace/c++_projects/embedded/etna/toolchain/bin/../lib/gcc/arm-none-eabi/10.3.1/../../../../arm-none-eabi/lib/thumb/v7e-m/nofp/libg_nano.a(lib_a-nano-vfprintf_float.o)
 .rodata._printf_i.str1.1
                0x000000000800767e       0x22 /home/odin/workspace/c++_projects/embedded/etna/toolchain/bin/../lib/gcc/arm-none-eabi/10.3.1/../../../../arm-none-eabi/lib/thumb/v7e-m/nofp/libg_nano.a(lib_a-nano-vfprintf_i.o)
 .rodata._scanf_float.str1.1
                0x00000000080076a0        0x5 /home/odin/workspace/c++_projects/embedded/etna/toolchain/bin/../lib/gcc/arm-none-eabi/10.3.1/../../../../arm-none-eabi/lib/thumb/v7e-m/nofp/libg_nano.a(lib_a-nano-vfscanf_float.o)
                                          0x6 (size before relaxing)
 .rodata._strtod_l.str1.1
                0x00000000080076a5        0x5 /home/odin/workspace/c++_projects/embedded/etna/toolchain/bin/../lib/gcc/arm-none-eabi/10.3.1/../../../../arm-none-eabi/lib/thumb/v7e-m/nofp/libg_nano.a(lib_a-strtod.o)
                                          0xd (size before relaxing)
 *fill*         0x00000000080076a5        0x3 
 .rodata.fpi.1  0x00000000080076a8       0x14 /home/odin/workspace/c++_projects/embedded/etna/toolchain/bin/../lib/gcc/arm-none-eabi/10.3.1/../../../../arm-none-eabi/lib/thumb/v7e-m/nofp/libg_nano.a(lib_a-strtod.o)
 .rodata.fpinan.0
                0x00000000080076bc       0x14 /home/odin/workspace/c++_projects/embedded/etna/toolchain/bin/../lib/gcc/arm-none-eabi/10.3.1/../../../../arm-none-eabi/lib/thumb/v7e-m/nofp/libg_nano.a(lib_a-strtod.o)
 .rodata.tinytens
                0x00000000080076d0       0x28 /home/odin/workspace/c++_projects/embedded/etna/toolchain/bin/../lib/gcc/arm-none-eabi/10.3.1/../../../../arm-none-eabi/lib/thumb/v7e-m/nofp/libg_nano.a(lib_a-strtod.o)
 .rodata._ctype_
                0x00000000080076f8      0x101 /home/odin/workspace/c++_projects/embedded/etna/toolchain/bin/../lib/gcc/arm-none-eabi/10.3.1/../../../../arm-none-eabi/lib/thumb/v7e-m/nofp/libg_nano.a(lib_a-ctype_.o)
                0x00000000080076f8                _ctype_
 .rodata._dtoa_r.str1.1
                0x00000000080077f9       0xb3 /home/odin/workspace/c++_projects/embedded/etna/toolchain/bin/../lib/gcc/arm-none-eabi/10.3.1/../../../../arm-none-eabi/lib/thumb/v7e-m/nofp/libg_nano.a(lib_a-dtoa.o)
                                         0xb5 (size before relaxing)
 .rodata.__gethex.str1.1
                0x00000000080078ac       0x86 /home/odin/workspace/c++_projects/embedded/etna/toolchain/bin/../lib/gcc/arm-none-eabi/10.3.1/../../../../arm-none-eabi/lib/thumb/v7e-m/nofp/libg_nano.a(lib_a-gdtoa-gethex.o)
                                         0x97 (size before relaxing)
 .rodata.str1.1
                0x0000000008007932        0x2 /home/odin/workspace/c++_projects/embedded/etna/toolchain/bin/../lib/gcc/arm-none-eabi/10.3.1/../../../../arm-none-eabi/lib/thumb/v7e-m/nofp/libg_nano.a(lib_a-lnumeric.o)
                                          0x3 (size before relaxing)
 .rodata._C_numeric_locale
                0x0000000008007934        0xc /home/odin/workspace/c++_projects/embedded/etna/toolchain/bin/../lib/gcc/arm-none-eabi/10.3.1/../../../../arm-none-eabi/lib/thumb/v7e-m/nofp/libg_nano.a(lib_a-lnumeric.o)
                0x0000000008007934                _C_numeric_locale
 .rodata._setlocale_r.str1.1
                0x0000000008007940        0x8 /home/odin/workspace/c++_projects/embedded/etna/toolchain/bin/../lib/gcc/arm-none-eabi/10.3.1/../../../../arm-none-eabi/lib/thumb/v7e-m/nofp/libg_nano.a(lib_a-locale.o)
                                          0x9 (size before relaxing)
 .rodata.str1.1
                0x0000000008007948        0x2 /home/odin/workspace/c++_projects/embedded/etna/toolchain/bin/../lib/gcc/arm-none-eabi/10.3.1/../../../../arm-none-eabi/lib/thumb/v7e-m/nofp/libg_nano.a(lib_a-locale.o)
 .rodata._Balloc.str1.1
                0x0000000008007948       0x7f /home/odin/workspace/c++_projects/embedded/etna/toolchain/bin/../lib/gcc/arm-none-eabi/10.3.1/../../../../arm-none-eabi/lib/thumb/v7e-m/nofp/libg_nano.a(lib_a-mprec.o)
                                         0x96 (size before relaxing)
 .rodata.__multadd.str1.1
                0x00000000080079c7       0x11 /home/odin/workspace/c++_projects/embedded/etna/toolchain/bin/../lib/gcc/arm-none-eabi/10.3.1/../../../../arm-none-eabi/lib/thumb/v7e-m/nofp/libg_nano.a(lib_a-mprec.o)
 *fill*         0x00000000080079c7        0x1 
 .rodata.__mprec_bigtens
                0x00000000080079c8       0x28 /home/odin/workspace/c++_projects/embedded/etna/toolchain/bin/../lib/gcc/arm-none-eabi/10.3.1/../../../../arm-none-eabi/lib/thumb/v7e-m/nofp/libg_nano.a(lib_a-mprec.o)
                0x00000000080079c8                __mprec_bigtens
 .rodata.__mprec_tens
                0x00000000080079f0       0xc8 /home/odin/workspace/c++_projects/embedded/etna/toolchain/bin/../lib/gcc/arm-none-eabi/10.3.1/../../../../arm-none-eabi/lib/thumb/v7e-m/nofp/libg_nano.a(lib_a-mprec.o)
                0x00000000080079f0                __mprec_tens
 .rodata.p05.0  0x0000000008007ab8        0xc /home/odin/workspace/c++_projects/embedded/etna/toolchain/bin/../lib/gcc/arm-none-eabi/10.3.1/../../../../arm-none-eabi/lib/thumb/v7e-m/nofp/libg_nano.a(lib_a-mprec.o)
 .rodata._svfprintf_r.str1.1
                0x0000000008007ac4       0x11 /home/odin/workspace/c++_projects/embedded/etna/toolchain/bin/../lib/gcc/arm-none-eabi/10.3.1/../../../../arm-none-eabi/lib/thumb/v7e-m/nofp/libg_nano.a(lib_a-nano-svfprintf.o)
 .rodata.__assert_func.str1.1
                0x0000000008007ad5       0x3c /home/odin/workspace/c++_projects/embedded/etna/toolchain/bin/../lib/gcc/arm-none-eabi/10.3.1/../../../../arm-none-eabi/lib/thumb/v7e-m/nofp/libg_nano.a(lib_a-assert.o)
                                         0x3d (size before relaxing)
 .rodata._vfprintf_r.str1.1
                0x0000000008007b11       0x11 /home/odin/workspace/c++_projects/embedded/etna/toolchain/bin/../lib/gcc/arm-none-eabi/10.3.1/../../../../arm-none-eabi/lib/thumb/v7e-m/nofp/libg_nano.a(lib_a-nano-vfprintf.o)
 *fill*         0x0000000008007b11        0x3 
 .rodata.__sf_fake_stderr
                0x0000000008007b14       0x20 /home/odin/workspace/c++_projects/embedded/etna/toolchain/bin/../lib/gcc/arm-none-eabi/10.3.1/../../../../arm-none-eabi/lib/thumb/v7e-m/nofp/libg_nano.a(lib_a-findfp.o)
                0x0000000008007b14                __sf_fake_stderr
 .rodata.__sf_fake_stdin
                0x0000000008007b34       0x20 /home/odin/workspace/c++_projects/embedded/etna/toolchain/bin/../lib/gcc/arm-none-eabi/10.3.1/../../../../arm-none-eabi/lib/thumb/v7e-m/nofp/libg_nano.a(lib_a-findfp.o)
                0x0000000008007b34                __sf_fake_stdin
 .rodata.__sf_fake_stdout
                0x0000000008007b54       0x20 /home/odin/workspace/c++_projects/embedded/etna/toolchain/bin/../lib/gcc/arm-none-eabi/10.3.1/../../../../arm-none-eabi/lib/thumb/v7e-m/nofp/libg_nano.a(lib_a-findfp.o)
                0x0000000008007b54                __sf_fake_stdout
 .rodata._get_semihosting_exts.str1.1
                0x0000000008007b74       0x16 /home/odin/workspace/c++_projects/embedded/etna/toolchain/bin/../lib/gcc/arm-none-eabi/10.3.1/../../../../arm-none-eabi/lib/thumb/v7e-m/nofp/librdimon_nano.a(rdimon-syscalls.o)
                0x0000000008007b8c                . = ALIGN (0x4)
 *fill*         0x0000000008007b8a        0x2 

.ARM.extab      0x0000000008007b8c       0x30
 *(.ARM.extab* .gnu.linkonce.armextab.*)
 .ARM.extab.text.main
                0x0000000008007b8c       0x18 CMakeFiles/Etna.dir/source/src/Main.cpp.obj
 .ARM.extab.text._ZN3HAL12GreenUserLEDD2Ev
                0x0000000008007ba4        0x0 CMakeFiles/Etna.dir/source/src/HAL/GreenUserLED.cpp.obj
 .ARM.extab.text._ZN3HAL12GreenUserLEDD0Ev
                0x0000000008007ba4        0x0 CMakeFiles/Etna.dir/source/src/HAL/GreenUserLED.cpp.obj
 .ARM.extab     0x0000000008007ba4       0x18 /home/odin/workspace/c++_projects/embedded/etna/toolchain/bin/../lib/gcc/arm-none-eabi/10.3.1/thumb/v7e-m/nofp/libgcc.a(pr-support.o)

.ARM            0x0000000008007bbc       0xd8
                0x0000000008007bbc                __exidx_start = .
 *(.ARM.exidx*)
 .ARM.exidx.text.NMI_Handler
                0x0000000008007c74        0x0 CMakeFiles/Etna.dir/startup/Startup.cpp.obj
                                          0x8 (size before relaxing)
 .ARM.exidx.text.HardFault_Handler
                0x0000000008007c74        0x0 CMakeFiles/Etna.dir/startup/Startup.cpp.obj
                                          0x8 (size before relaxing)
 .ARM.exidx.text.MemManage_Handler
                0x0000000008007c74        0x0 CMakeFiles/Etna.dir/startup/Startup.cpp.obj
                                          0x8 (size before relaxing)
 .ARM.exidx.text.BusFault_Handler
                0x0000000008007c74        0x0 CMakeFiles/Etna.dir/startup/Startup.cpp.obj
                                          0x8 (size before relaxing)
 .ARM.exidx.text.UsageFault_Handler
                0x0000000008007c74        0x0 CMakeFiles/Etna.dir/startup/Startup.cpp.obj
                                          0x8 (size before relaxing)
 .ARM.exidx.text.SVC_Handler
                0x0000000008007c74        0x0 CMakeFiles/Etna.dir/startup/Startup.cpp.obj
                                          0x8 (size before relaxing)
 .ARM.exidx.text.DebugMon_Handler
                0x0000000008007c74        0x0 CMakeFiles/Etna.dir/startup/Startup.cpp.obj
                                          0x8 (size before relaxing)
 .ARM.exidx.text.PendSV_Handler
                0x0000000008007c74        0x0 CMakeFiles/Etna.dir/startup/Startup.cpp.obj
                                          0x8 (size before relaxing)
 .ARM.exidx.text.SysTick_Handler
                0x0000000008007c74        0x0 CMakeFiles/Etna.dir/startup/Startup.cpp.obj
                                          0x8 (size before relaxing)
 .ARM.exidx.text.WWDG_IRQHandler
                0x0000000008007c74        0x0 CMakeFiles/Etna.dir/startup/Startup.cpp.obj
                                          0x8 (size before relaxing)
 .ARM.exidx.text.PVD_IRQHandler
                0x0000000008007c74        0x0 CMakeFiles/Etna.dir/startup/Startup.cpp.obj
                                          0x8 (size before relaxing)
 .ARM.exidx.text.TAMP_STAMP_IRQHandler
                0x0000000008007c74        0x0 CMakeFiles/Etna.dir/startup/Startup.cpp.obj
                                          0x8 (size before relaxing)
 .ARM.exidx.text.RTC_WKUP_IRQHandler
                0x0000000008007c74        0x0 CMakeFiles/Etna.dir/startup/Startup.cpp.obj
                                          0x8 (size before relaxing)
 .ARM.exidx.text.FLASH_IRQHandler
                0x0000000008007c74        0x0 CMakeFiles/Etna.dir/startup/Startup.cpp.obj
                                          0x8 (size before relaxing)
 .ARM.exidx.text.RCC_IRQHandler
                0x0000000008007c74        0x0 CMakeFiles/Etna.dir/startup/Startup.cpp.obj
                                          0x8 (size before relaxing)
 .ARM.exidx.text.EXTI0_IRQHandler
                0x0000000008007c74        0x0 CMakeFiles/Etna.dir/startup/Startup.cpp.obj
                                          0x8 (size before relaxing)
 .ARM.exidx.text.EXTI1_IRQHandler
                0x0000000008007c74        0x0 CMakeFiles/Etna.dir/startup/Startup.cpp.obj
                                          0x8 (size before relaxing)
 .ARM.exidx.text.EXTI2_IRQHandler
                0x0000000008007c74        0x0 CMakeFiles/Etna.dir/startup/Startup.cpp.obj
                                          0x8 (size before relaxing)
 .ARM.exidx.text.EXTI3_IRQHandler
                0x0000000008007c74        0x0 CMakeFiles/Etna.dir/startup/Startup.cpp.obj
                                          0x8 (size before relaxing)
 .ARM.exidx.text.EXTI4_IRQHandler
                0x0000000008007c74        0x0 CMakeFiles/Etna.dir/startup/Startup.cpp.obj
                                          0x8 (size before relaxing)
 .ARM.exidx.text.ResetHandler
                0x0000000008007c74        0x8 CMakeFiles/Etna.dir/startup/Startup.cpp.obj
 .ARM.exidx.text._Z10GetAddressm
                0x0000000008007c7c        0x8 CMakeFiles/Etna.dir/source/src/Main.cpp.obj
 .ARM.exidx.text._Z41__static_initialization_and_destruction_0ii
                0x0000000008007c84        0x0 CMakeFiles/Etna.dir/source/src/Main.cpp.obj
                                          0x8 (size before relaxing)
 .ARM.exidx.text.main
                0x0000000008007c84        0x8 CMakeFiles/Etna.dir/source/src/Main.cpp.obj
 .ARM.exidx.text._GLOBAL__sub_I__Z10GetAddressm
                0x0000000008007c8c        0x8 CMakeFiles/Etna.dir/source/src/Main.cpp.obj
 .ARM.exidx.text._ZN3HAL12GreenUserLED9EnableLEDERm
                0x0000000008007c94        0x0 CMakeFiles/Etna.dir/source/src/HAL/GreenUserLED.cpp.obj
                                          0x8 (size before relaxing)
 .ARM.exidx.text._ZN3HAL12GreenUserLED10DisableLEDERm
                0x0000000008007c94        0x0 CMakeFiles/Etna.dir/source/src/HAL/GreenUserLED.cpp.obj
                                          0x8 (size before relaxing)
 .ARM.exidx.text._ZN3HAL12GreenUserLEDD2Ev
                0x0000000008007c94        0x0 CMakeFiles/Etna.dir/source/src/HAL/GreenUserLED.cpp.obj
                                          0x8 (size before relaxing)
 .ARM.exidx.text._ZN3HAL12GreenUserLEDD0Ev
                0x0000000008007c94        0x0 CMakeFiles/Etna.dir/source/src/HAL/GreenUserLED.cpp.obj
                                          0x8 (size before relaxing)
 .ARM.exidx.text._ZN3HAL12GreenUserLEDC2EPVmS2_S2_
                0x0000000008007c94        0x0 CMakeFiles/Etna.dir/source/src/HAL/GreenUserLED.cpp.obj
                                          0x8 (size before relaxing)
 .ARM.exidx     0x0000000008007bbc       0x80 /home/odin/workspace/c++_projects/embedded/etna/toolchain/bin/../lib/gcc/arm-none-eabi/10.3.1/thumb/v7e-m/nofp/libgcc.a(unwind-arm.o)
                                         0xd8 (size before relaxing)
 .ARM.exidx     0x0000000008007c3c       0x38 /home/odin/workspace/c++_projects/embedded/etna/toolchain/bin/../lib/gcc/arm-none-eabi/10.3.1/thumb/v7e-m/nofp/libgcc.a(pr-support.o)
 .ARM.exidx.text.unlikely
                0x0000000008007c94        0x0 /home/odin/workspace/c++_projects/embedded/etna/toolchain/bin/../lib/gcc/arm-none-eabi/10.3.1/thumb/v7e-m/nofp/libgcc.a(pr-support.o)
                                         0x10 (size before relaxing)
                0x0000000008007c94                __exidx_end = .

.rel.dyn        0x0000000008007c94        0x0
 .rel.iplt      0x0000000008007c94        0x0 /home/odin/workspace/c++_projects/embedded/etna/toolchain/bin/../lib/gcc/arm-none-eabi/10.3.1/thumb/v7e-m/nofp/crtbegin.o

.preinit_array  0x0000000008007c94        0x0
                0x0000000008007c94                PROVIDE (__preinit_array_start = .)
 *(.preinit_array*)
                0x0000000008007c94                PROVIDE (__preinit_array_end = .)

.init_array     0x0000000008007c94        0x8
                0x0000000008007c94                PROVIDE (__init_array_start = .)
 *(SORT_BY_NAME(.init_array.*))
 *(.init_array*)
 .init_array    0x0000000008007c94        0x4 /home/odin/workspace/c++_projects/embedded/etna/toolchain/bin/../lib/gcc/arm-none-eabi/10.3.1/thumb/v7e-m/nofp/crtbegin.o
 .init_array    0x0000000008007c98        0x4 CMakeFiles/Etna.dir/source/src/Main.cpp.obj
                0x0000000008007c9c                PROVIDE (__init_array_end = .)

.fini_array     0x0000000008007c9c        0x4
                [!provide]                        PROVIDE (__fini_array_start = .)
 *(SORT_BY_NAME(.fini_array.*))
 *(.fini_array*)
 .fini_array    0x0000000008007c9c        0x4 /home/odin/workspace/c++_projects/embedded/etna/toolchain/bin/../lib/gcc/arm-none-eabi/10.3.1/thumb/v7e-m/nofp/crtbegin.o
                [!provide]                        PROVIDE (__fini_array_end = .)
                0x0000000008007ca0                _sidata = LOADADDR (.data)

.data           0x0000000020000024      0x1e8 load address 0x0000000008007ca0
                0x0000000020000024                . = ALIGN (0x4)
                0x0000000020000024                _sdata = .
 *(.data)
 *(.data*)
 .data._ZN10__cxxabiv120__unexpected_handlerE